<?xml version="1.0" encoding="ISO-8859-1" ?>
<link_info>
   <banner>MSP430 Linker PC v21.6.1.LTS</banner>
   <copyright>Copyright (c) 2003-2018 Texas Instruments Incorporated</copyright>
   <link_time>0x6a64fc8a</link_time>
   <link_errors>0x0</link_errors>
   <output_file>Blink LED.out</output_file>
   <entry_point>
      <name>_c_int00_noargs_mpu</name>
      <address>0x816a</address>
   </entry_point>
   <input_file_list>
      <input_file id="fl-2">
         <path>.\</path>
         <kind>object</kind>
         <file>RAK_driver.obj</file>
         <name>RAK_driver.obj</name>
      </input_file>
      <input_file id="fl-3">
         <path>.\</path>
         <kind>object</kind>
         <file>circular_buffer.obj</file>
         <name>circular_buffer.obj</name>
      </input_file>
      <input_file id="fl-4">
         <path>.\</path>
         <kind>object</kind>
         <file>i2c_driver.obj</file>
         <name>i2c_driver.obj</name>
      </input_file>
      <input_file id="fl-5">
         <path>.\</path>
         <kind>object</kind>
         <file>main.obj</file>
         <name>main.obj</name>
      </input_file>
      <input_file id="fl-6">
         <path>.\</path>
         <kind>object</kind>
         <file>sensor_board.obj</file>
         <name>sensor_board.obj</name>
      </input_file>
      <input_file id="fl-7">
         <path>.\</path>
         <kind>object</kind>
         <file>sensor_communication.obj</file>
         <name>sensor_communication.obj</name>
      </input_file>
      <input_file id="fl-8">
         <path>.\</path>
         <kind>object</kind>
         <file>uart_drv.obj</file>
         <name>uart_drv.obj</name>
      </input_file>
      <input_file id="fl-9">
         <path>.\driverlib\MSP430FR2xx_4xx\</path>
         <kind>object</kind>
         <file>adc.obj</file>
         <name>adc.obj</name>
      </input_file>
      <input_file id="fl-a">
         <path>.\driverlib\MSP430FR2xx_4xx\</path>
         <kind>object</kind>
         <file>crc.obj</file>
         <name>crc.obj</name>
      </input_file>
      <input_file id="fl-b">
         <path>.\driverlib\MSP430FR2xx_4xx\</path>
         <kind>object</kind>
         <file>cs.obj</file>
         <name>cs.obj</name>
      </input_file>
      <input_file id="fl-c">
         <path>.\driverlib\MSP430FR2xx_4xx\</path>
         <kind>object</kind>
         <file>ecomp.obj</file>
         <name>ecomp.obj</name>
      </input_file>
      <input_file id="fl-d">
         <path>.\driverlib\MSP430FR2xx_4xx\</path>
         <kind>object</kind>
         <file>eusci_a_spi.obj</file>
         <name>eusci_a_spi.obj</name>
      </input_file>
      <input_file id="fl-e">
         <path>.\driverlib\MSP430FR2xx_4xx\</path>
         <kind>object</kind>
         <file>eusci_a_uart.obj</file>
         <name>eusci_a_uart.obj</name>
      </input_file>
      <input_file id="fl-f">
         <path>.\driverlib\MSP430FR2xx_4xx\</path>
         <kind>object</kind>
         <file>eusci_b_i2c.obj</file>
         <name>eusci_b_i2c.obj</name>
      </input_file>
      <input_file id="fl-10">
         <path>.\driverlib\MSP430FR2xx_4xx\</path>
         <kind>object</kind>
         <file>eusci_b_spi.obj</file>
         <name>eusci_b_spi.obj</name>
      </input_file>
      <input_file id="fl-11">
         <path>.\driverlib\MSP430FR2xx_4xx\</path>
         <kind>object</kind>
         <file>framctl.obj</file>
         <name>framctl.obj</name>
      </input_file>
      <input_file id="fl-12">
         <path>.\driverlib\MSP430FR2xx_4xx\</path>
         <kind>object</kind>
         <file>gpio.obj</file>
         <name>gpio.obj</name>
      </input_file>
      <input_file id="fl-13">
         <path>.\driverlib\MSP430FR2xx_4xx\</path>
         <kind>object</kind>
         <file>icc.obj</file>
         <name>icc.obj</name>
      </input_file>
      <input_file id="fl-14">
         <path>.\driverlib\MSP430FR2xx_4xx\</path>
         <kind>object</kind>
         <file>lcd_e.obj</file>
         <name>lcd_e.obj</name>
      </input_file>
      <input_file id="fl-15">
         <path>.\driverlib\MSP430FR2xx_4xx\</path>
         <kind>object</kind>
         <file>mpy32.obj</file>
         <name>mpy32.obj</name>
      </input_file>
      <input_file id="fl-16">
         <path>.\driverlib\MSP430FR2xx_4xx\</path>
         <kind>object</kind>
         <file>pmm.obj</file>
         <name>pmm.obj</name>
      </input_file>
      <input_file id="fl-17">
         <path>.\driverlib\MSP430FR2xx_4xx\</path>
         <kind>object</kind>
         <file>rtc.obj</file>
         <name>rtc.obj</name>
      </input_file>
      <input_file id="fl-18">
         <path>.\driverlib\MSP430FR2xx_4xx\</path>
         <kind>object</kind>
         <file>sac.obj</file>
         <name>sac.obj</name>
      </input_file>
      <input_file id="fl-19">
         <path>.\driverlib\MSP430FR2xx_4xx\</path>
         <kind>object</kind>
         <file>sfr.obj</file>
         <name>sfr.obj</name>
      </input_file>
      <input_file id="fl-1a">
         <path>.\driverlib\MSP430FR2xx_4xx\</path>
         <kind>object</kind>
         <file>sysctl.obj</file>
         <name>sysctl.obj</name>
      </input_file>
      <input_file id="fl-1b">
         <path>.\driverlib\MSP430FR2xx_4xx\</path>
         <kind>object</kind>
         <file>tia.obj</file>
         <name>tia.obj</name>
      </input_file>
      <input_file id="fl-1c">
         <path>.\driverlib\MSP430FR2xx_4xx\</path>
         <kind>object</kind>
         <file>timer_a.obj</file>
         <name>timer_a.obj</name>
      </input_file>
      <input_file id="fl-1d">
         <path>.\driverlib\MSP430FR2xx_4xx\</path>
         <kind>object</kind>
         <file>timer_b.obj</file>
         <name>timer_b.obj</name>
      </input_file>
      <input_file id="fl-1e">
         <path>.\driverlib\MSP430FR2xx_4xx\</path>
         <kind>object</kind>
         <file>tlv.obj</file>
         <name>tlv.obj</name>
      </input_file>
      <input_file id="fl-1f">
         <path>.\driverlib\MSP430FR2xx_4xx\</path>
         <kind>object</kind>
         <file>wdt_a.obj</file>
         <name>wdt_a.obj</name>
      </input_file>
      <input_file id="fl-26">
         <kind>object</kind>
         <file>&lt;internal&gt;</file>
         <name>&lt;internal&gt;</name>
      </input_file>
      <input_file id="fl-46">
         <path>C:\ti\ccs2050\ccs\tools\compiler\ti-cgt-msp430_21.6.1.LTS\lib\</path>
         <kind>archive</kind>
         <file>rts430x_lc_sd_eabi.lib</file>
         <name>copy_decompress_lzss.c.obj</name>
      </input_file>
      <input_file id="fl-47">
         <path>C:\ti\ccs2050\ccs\tools\compiler\ti-cgt-msp430_21.6.1.LTS\lib\</path>
         <kind>archive</kind>
         <file>rts430x_lc_sd_eabi.lib</file>
         <name>copy_decompress_none.c.obj</name>
      </input_file>
      <input_file id="fl-48">
         <path>C:\ti\ccs2050\ccs\tools\compiler\ti-cgt-msp430_21.6.1.LTS\lib\</path>
         <kind>archive</kind>
         <file>rts430x_lc_sd_eabi.lib</file>
         <name>int20.asm.obj</name>
      </input_file>
      <input_file id="fl-49">
         <path>C:\ti\ccs2050\ccs\tools\compiler\ti-cgt-msp430_21.6.1.LTS\lib\</path>
         <kind>archive</kind>
         <file>rts430x_lc_sd_eabi.lib</file>
         <name>isr_trap.asm.obj</name>
      </input_file>
      <input_file id="fl-4a">
         <path>C:\ti\ccs2050\ccs\tools\compiler\ti-cgt-msp430_21.6.1.LTS\lib\</path>
         <kind>archive</kind>
         <file>rts430x_lc_sd_eabi.lib</file>
         <name>int21.asm.obj</name>
      </input_file>
      <input_file id="fl-4b">
         <path>C:\ti\ccs2050\ccs\tools\compiler\ti-cgt-msp430_21.6.1.LTS\lib\</path>
         <kind>archive</kind>
         <file>rts430x_lc_sd_eabi.lib</file>
         <name>int22.asm.obj</name>
      </input_file>
      <input_file id="fl-4c">
         <path>C:\ti\ccs2050\ccs\tools\compiler\ti-cgt-msp430_21.6.1.LTS\lib\</path>
         <kind>archive</kind>
         <file>rts430x_lc_sd_eabi.lib</file>
         <name>int23.asm.obj</name>
      </input_file>
      <input_file id="fl-4d">
         <path>C:\ti\ccs2050\ccs\tools\compiler\ti-cgt-msp430_21.6.1.LTS\lib\</path>
         <kind>archive</kind>
         <file>rts430x_lc_sd_eabi.lib</file>
         <name>int24.asm.obj</name>
      </input_file>
      <input_file id="fl-4e">
         <path>C:\ti\ccs2050\ccs\tools\compiler\ti-cgt-msp430_21.6.1.LTS\lib\</path>
         <kind>archive</kind>
         <file>rts430x_lc_sd_eabi.lib</file>
         <name>int25.asm.obj</name>
      </input_file>
      <input_file id="fl-4f">
         <path>C:\ti\ccs2050\ccs\tools\compiler\ti-cgt-msp430_21.6.1.LTS\lib\</path>
         <kind>archive</kind>
         <file>rts430x_lc_sd_eabi.lib</file>
         <name>int26.asm.obj</name>
      </input_file>
      <input_file id="fl-50">
         <path>C:\ti\ccs2050\ccs\tools\compiler\ti-cgt-msp430_21.6.1.LTS\lib\</path>
         <kind>archive</kind>
         <file>rts430x_lc_sd_eabi.lib</file>
         <name>int27.asm.obj</name>
      </input_file>
      <input_file id="fl-51">
         <path>C:\ti\ccs2050\ccs\tools\compiler\ti-cgt-msp430_21.6.1.LTS\lib\</path>
         <kind>archive</kind>
         <file>rts430x_lc_sd_eabi.lib</file>
         <name>int28.asm.obj</name>
      </input_file>
      <input_file id="fl-52">
         <path>C:\ti\ccs2050\ccs\tools\compiler\ti-cgt-msp430_21.6.1.LTS\lib\</path>
         <kind>archive</kind>
         <file>rts430x_lc_sd_eabi.lib</file>
         <name>int31.asm.obj</name>
      </input_file>
      <input_file id="fl-53">
         <path>C:\ti\ccs2050\ccs\tools\compiler\ti-cgt-msp430_21.6.1.LTS\lib\</path>
         <kind>archive</kind>
         <file>rts430x_lc_sd_eabi.lib</file>
         <name>int32.asm.obj</name>
      </input_file>
      <input_file id="fl-54">
         <path>C:\ti\ccs2050\ccs\tools\compiler\ti-cgt-msp430_21.6.1.LTS\lib\</path>
         <kind>archive</kind>
         <file>rts430x_lc_sd_eabi.lib</file>
         <name>int33.asm.obj</name>
      </input_file>
      <input_file id="fl-55">
         <path>C:\ti\ccs2050\ccs\tools\compiler\ti-cgt-msp430_21.6.1.LTS\lib\</path>
         <kind>archive</kind>
         <file>rts430x_lc_sd_eabi.lib</file>
         <name>int34.asm.obj</name>
      </input_file>
      <input_file id="fl-56">
         <path>C:\ti\ccs2050\ccs\tools\compiler\ti-cgt-msp430_21.6.1.LTS\lib\</path>
         <kind>archive</kind>
         <file>rts430x_lc_sd_eabi.lib</file>
         <name>int35.asm.obj</name>
      </input_file>
      <input_file id="fl-57">
         <path>C:\ti\ccs2050\ccs\tools\compiler\ti-cgt-msp430_21.6.1.LTS\lib\</path>
         <kind>archive</kind>
         <file>rts430x_lc_sd_eabi.lib</file>
         <name>int36.asm.obj</name>
      </input_file>
      <input_file id="fl-58">
         <path>C:\ti\ccs2050\ccs\tools\compiler\ti-cgt-msp430_21.6.1.LTS\lib\</path>
         <kind>archive</kind>
         <file>rts430x_lc_sd_eabi.lib</file>
         <name>int37.asm.obj</name>
      </input_file>
      <input_file id="fl-59">
         <path>C:\ti\ccs2050\ccs\tools\compiler\ti-cgt-msp430_21.6.1.LTS\lib\</path>
         <kind>archive</kind>
         <file>rts430x_lc_sd_eabi.lib</file>
         <name>int38.asm.obj</name>
      </input_file>
      <input_file id="fl-5a">
         <path>C:\ti\ccs2050\ccs\tools\compiler\ti-cgt-msp430_21.6.1.LTS\lib\</path>
         <kind>archive</kind>
         <file>rts430x_lc_sd_eabi.lib</file>
         <name>int39.asm.obj</name>
      </input_file>
      <input_file id="fl-5b">
         <path>C:\ti\ccs2050\ccs\tools\compiler\ti-cgt-msp430_21.6.1.LTS\lib\</path>
         <kind>archive</kind>
         <file>rts430x_lc_sd_eabi.lib</file>
         <name>int40.asm.obj</name>
      </input_file>
      <input_file id="fl-5c">
         <path>C:\ti\ccs2050\ccs\tools\compiler\ti-cgt-msp430_21.6.1.LTS\lib\</path>
         <kind>archive</kind>
         <file>rts430x_lc_sd_eabi.lib</file>
         <name>int41.asm.obj</name>
      </input_file>
      <input_file id="fl-5d">
         <path>C:\ti\ccs2050\ccs\tools\compiler\ti-cgt-msp430_21.6.1.LTS\lib\</path>
         <kind>archive</kind>
         <file>rts430x_lc_sd_eabi.lib</file>
         <name>int42.asm.obj</name>
      </input_file>
      <input_file id="fl-5e">
         <path>C:\ti\ccs2050\ccs\tools\compiler\ti-cgt-msp430_21.6.1.LTS\lib\</path>
         <kind>archive</kind>
         <file>rts430x_lc_sd_eabi.lib</file>
         <name>int43.asm.obj</name>
      </input_file>
      <input_file id="fl-5f">
         <path>C:\ti\ccs2050\ccs\tools\compiler\ti-cgt-msp430_21.6.1.LTS\lib\</path>
         <kind>archive</kind>
         <file>rts430x_lc_sd_eabi.lib</file>
         <name>int44.asm.obj</name>
      </input_file>
      <input_file id="fl-60">
         <path>C:\ti\ccs2050\ccs\tools\compiler\ti-cgt-msp430_21.6.1.LTS\lib\</path>
         <kind>archive</kind>
         <file>rts430x_lc_sd_eabi.lib</file>
         <name>int45.asm.obj</name>
      </input_file>
      <input_file id="fl-61">
         <path>C:\ti\ccs2050\ccs\tools\compiler\ti-cgt-msp430_21.6.1.LTS\lib\</path>
         <kind>archive</kind>
         <file>rts430x_lc_sd_eabi.lib</file>
         <name>copy_zero_init.c.obj</name>
      </input_file>
      <input_file id="fl-62">
         <path>C:\ti\ccs2050\ccs\tools\compiler\ti-cgt-msp430_21.6.1.LTS\lib\</path>
         <kind>archive</kind>
         <file>rts430x_lc_sd_eabi.lib</file>
         <name>cpy_util.asm.obj</name>
      </input_file>
      <input_file id="fl-63">
         <path>C:\ti\ccs2050\ccs\tools\compiler\ti-cgt-msp430_21.6.1.LTS\lib\</path>
         <kind>archive</kind>
         <file>rts430x_lc_sd_eabi.lib</file>
         <name>div16s.asm.obj</name>
      </input_file>
      <input_file id="fl-64">
         <path>C:\ti\ccs2050\ccs\tools\compiler\ti-cgt-msp430_21.6.1.LTS\lib\</path>
         <kind>archive</kind>
         <file>rts430x_lc_sd_eabi.lib</file>
         <name>div32s.asm.obj</name>
      </input_file>
      <input_file id="fl-65">
         <path>C:\ti\ccs2050\ccs\tools\compiler\ti-cgt-msp430_21.6.1.LTS\lib\</path>
         <kind>archive</kind>
         <file>rts430x_lc_sd_eabi.lib</file>
         <name>div16u.asm.obj</name>
      </input_file>
      <input_file id="fl-66">
         <path>C:\ti\ccs2050\ccs\tools\compiler\ti-cgt-msp430_21.6.1.LTS\lib\</path>
         <kind>archive</kind>
         <file>rts430x_lc_sd_eabi.lib</file>
         <name>div32u.asm.obj</name>
      </input_file>
      <input_file id="fl-67">
         <path>C:\ti\ccs2050\ccs\tools\compiler\ti-cgt-msp430_21.6.1.LTS\lib\</path>
         <kind>archive</kind>
         <file>rts430x_lc_sd_eabi.lib</file>
         <name>mult16_f5hw.asm.obj</name>
      </input_file>
      <input_file id="fl-68">
         <path>C:\ti\ccs2050\ccs\tools\compiler\ti-cgt-msp430_21.6.1.LTS\lib\</path>
         <kind>archive</kind>
         <file>rts430x_lc_sd_eabi.lib</file>
         <name>mult32.asm.obj</name>
      </input_file>
      <input_file id="fl-69">
         <path>C:\ti\ccs2050\ccs\tools\compiler\ti-cgt-msp430_21.6.1.LTS\lib\</path>
         <kind>archive</kind>
         <file>rts430x_lc_sd_eabi.lib</file>
         <name>mult32_f5hw.asm.obj</name>
      </input_file>
      <input_file id="fl-6a">
         <path>C:\ti\ccs2050\ccs\tools\compiler\ti-cgt-msp430_21.6.1.LTS\lib\</path>
         <kind>archive</kind>
         <file>rts430x_lc_sd_eabi.lib</file>
         <name>mult64_f5hw.asm.obj</name>
      </input_file>
      <input_file id="fl-6b">
         <path>C:\ti\ccs2050\ccs\tools\compiler\ti-cgt-msp430_21.6.1.LTS\lib\</path>
         <kind>archive</kind>
         <file>rts430x_lc_sd_eabi.lib</file>
         <name>mult1632_f5hw.asm.obj</name>
      </input_file>
      <input_file id="fl-6c">
         <path>C:\ti\ccs2050\ccs\tools\compiler\ti-cgt-msp430_21.6.1.LTS\lib\</path>
         <kind>archive</kind>
         <file>rts430x_lc_sd_eabi.lib</file>
         <name>mult3264_f5hw.asm.obj</name>
      </input_file>
      <input_file id="fl-6d">
         <path>C:\ti\ccs2050\ccs\tools\compiler\ti-cgt-msp430_21.6.1.LTS\lib\</path>
         <kind>archive</kind>
         <file>rts430x_lc_sd_eabi.lib</file>
         <name>lsl16.asm.obj</name>
      </input_file>
      <input_file id="fl-6e">
         <path>C:\ti\ccs2050\ccs\tools\compiler\ti-cgt-msp430_21.6.1.LTS\lib\</path>
         <kind>archive</kind>
         <file>rts430x_lc_sd_eabi.lib</file>
         <name>boot.c.obj</name>
      </input_file>
      <input_file id="fl-6f">
         <path>C:\ti\ccs2050\ccs\ccs_base\msp430\lib\FR2xx\</path>
         <kind>archive</kind>
         <file>FRWP_INIT_LIB_CCS_msp430_large_code_small_data.lib</file>
         <name>frwp_init.obj</name>
      </input_file>
      <input_file id="fl-70">
         <path>C:\ti\ccs2050\ccs\tools\compiler\ti-cgt-msp430_21.6.1.LTS\lib\</path>
         <kind>archive</kind>
         <file>rts430x_lc_sd_eabi.lib</file>
         <name>args_main.c.obj</name>
      </input_file>
      <input_file id="fl-71">
         <path>C:\ti\ccs2050\ccs\tools\compiler\ti-cgt-msp430_21.6.1.LTS\lib\</path>
         <kind>archive</kind>
         <file>rts430x_lc_sd_eabi.lib</file>
         <name>autoinit.c.obj</name>
      </input_file>
      <input_file id="fl-72">
         <path>C:\ti\ccs2050\ccs\tools\compiler\ti-cgt-msp430_21.6.1.LTS\lib\</path>
         <kind>archive</kind>
         <file>rts430x_lc_sd_eabi.lib</file>
         <name>startup.c.obj</name>
      </input_file>
      <input_file id="fl-73">
         <path>C:\ti\ccs2050\ccs\tools\compiler\ti-cgt-msp430_21.6.1.LTS\lib\</path>
         <kind>archive</kind>
         <file>rts430x_lc_sd_eabi.lib</file>
         <name>pre_init.c.obj</name>
      </input_file>
      <input_file id="fl-74">
         <path>C:\ti\ccs2050\ccs\tools\compiler\ti-cgt-msp430_21.6.1.LTS\lib\</path>
         <kind>archive</kind>
         <file>rts430x_lc_sd_eabi.lib</file>
         <name>cpy_tbl.c.obj</name>
      </input_file>
      <input_file id="fl-75">
         <path>C:\ti\ccs2050\ccs\tools\compiler\ti-cgt-msp430_21.6.1.LTS\lib\</path>
         <kind>archive</kind>
         <file>rts430x_lc_sd_eabi.lib</file>
         <name>mult16.asm.obj</name>
      </input_file>
      <input_file id="fl-76">
         <path>C:\ti\ccs2050\ccs\tools\compiler\ti-cgt-msp430_21.6.1.LTS\lib\</path>
         <kind>archive</kind>
         <file>rts430x_lc_sd_eabi.lib</file>
         <name>exit.c.obj</name>
      </input_file>
      <input_file id="fl-77">
         <path>C:\ti\ccs2050\ccs\tools\compiler\ti-cgt-msp430_21.6.1.LTS\lib\</path>
         <kind>archive</kind>
         <file>rts430x_lc_sd_eabi.lib</file>
         <name>exit_gvars.c.obj</name>
      </input_file>
      <input_file id="fl-78">
         <path>C:\ti\ccs2050\ccs\tools\compiler\ti-cgt-msp430_21.6.1.LTS\lib\</path>
         <kind>archive</kind>
         <file>rts430x_lc_sd_eabi.lib</file>
         <name>_lock.c.obj</name>
      </input_file>
      <input_file id="fl-79">
         <path>C:\ti\ccs2050\ccs\tools\compiler\ti-cgt-msp430_21.6.1.LTS\lib\</path>
         <kind>archive</kind>
         <file>rts430x_lc_sd_eabi.lib</file>
         <name>memcpy.c.obj</name>
      </input_file>
      <input_file id="fl-7a">
         <path>C:\ti\ccs2050\ccs\tools\compiler\ti-cgt-msp430_21.6.1.LTS\lib\</path>
         <kind>archive</kind>
         <file>rts430x_lc_sd_eabi.lib</file>
         <name>memset.c.obj</name>
      </input_file>
      <input_file id="fl-7b">
         <path>C:\ti\ccs2050\ccs\tools\compiler\ti-cgt-msp430_21.6.1.LTS\lib\</path>
         <kind>archive</kind>
         <file>rts430x_lc_sd_eabi.lib</file>
         <name>strlen.c.obj</name>
      </input_file>
      <input_file id="fl-7c">
         <path>C:\ti\ccs2050\ccs\tools\compiler\ti-cgt-msp430_21.6.1.LTS\lib\</path>
         <kind>archive</kind>
         <file>rts430x_lc_sd_eabi.lib</file>
         <name>strstr.c.obj</name>
      </input_file>
   </input_file_list>
   <object_component_list>
      <object_component id="oc-61d">
         <name>__TI_handler_table</name>
         <load_address>0x8000</load_address>
         <run_address>0x8000</run_address>
         <size>0xc</size>
      </object_component>
      <object_component id="oc-620">
         <name>.cinit..data.load</name>
         <load_address>0x800c</load_address>
         <run_address>0x800c</run_address>
         <size>0x8</size>
      </object_component>
      <object_component id="oc-61f">
         <name>.cinit..bss.load</name>
         <load_address>0x8014</load_address>
         <run_address>0x8014</run_address>
         <size>0x6</size>
      </object_component>
      <object_component id="oc-61e">
         <name>__TI_cinit_table</name>
         <load_address>0x801a</load_address>
         <run_address>0x801a</run_address>
         <size>0x10</size>
      </object_component>
      <object_component id="oc-5bc">
         <name>.binit</name>
         <load_address>0x802a</load_address>
         <run_address>0x802a</run_address>
         <size>0x0</size>
      </object_component>
      <object_component id="oc-4cf">
         <name>.const:.string</name>
         <load_address>0x802a</load_address>
         <run_address>0x802a</run_address>
         <size>0xe</size>
         <input_file_ref idref="fl-5"/>
      </object_component>
      <object_component id="oc-3f6">
         <name>.text:_isr:USCI_B0_ISR</name>
         <load_address>0x8038</load_address>
         <run_address>0x8038</run_address>
         <size>0xe6</size>
         <input_file_ref idref="fl-4"/>
      </object_component>
      <object_component id="oc-3fc">
         <name>.text:_isr:USCI_A1_ISR</name>
         <load_address>0x811e</load_address>
         <run_address>0x811e</run_address>
         <size>0x4c</size>
         <input_file_ref idref="fl-8"/>
      </object_component>
      <object_component id="oc-42c">
         <name>.text:_isr:_c_int00_noargs_mpu</name>
         <load_address>0x816a</load_address>
         <run_address>0x816a</run_address>
         <size>0x20</size>
         <input_file_ref idref="fl-6e"/>
      </object_component>
      <object_component id="oc-3f1">
         <name>.text:_isr:__TI_ISR_TRAP</name>
         <load_address>0x818a</load_address>
         <run_address>0x818a</run_address>
         <size>0x8</size>
         <input_file_ref idref="fl-49"/>
      </object_component>
      <object_component id="oc-69">
         <name>.text:decompress:lzss:__TI_decompress_lzss</name>
         <load_address>0x10000</load_address>
         <run_address>0x10000</run_address>
         <size>0xee</size>
         <input_file_ref idref="fl-46"/>
      </object_component>
      <object_component id="oc-500">
         <name>.text:__TI_auto_init_nobinit_nopinit_hold_wdt:__TI_auto_init_nobinit_nopinit_hold_wdt</name>
         <load_address>0x100ee</load_address>
         <run_address>0x100ee</run_address>
         <size>0x6a</size>
         <input_file_ref idref="fl-71"/>
      </object_component>
      <object_component id="oc-3e5">
         <name>.text:__memcpy_far</name>
         <load_address>0x10158</load_address>
         <run_address>0x10158</run_address>
         <size>0x40</size>
         <input_file_ref idref="fl-62"/>
      </object_component>
      <object_component id="oc-4c9">
         <name>.text:init_uart_drv</name>
         <load_address>0x10198</load_address>
         <run_address>0x10198</run_address>
         <size>0x40</size>
         <input_file_ref idref="fl-8"/>
      </object_component>
      <object_component id="oc-478">
         <name>.text:main</name>
         <load_address>0x101d8</load_address>
         <run_address>0x101d8</run_address>
         <size>0x40</size>
         <input_file_ref idref="fl-5"/>
      </object_component>
      <object_component id="oc-402">
         <name>.text:decompress:ZI:__TI_zero_init_nomemset:__TI_zero_init_nomemset</name>
         <load_address>0x10218</load_address>
         <run_address>0x10218</run_address>
         <size>0x3e</size>
         <input_file_ref idref="fl-61"/>
      </object_component>
      <object_component id="oc-48a">
         <name>.text:__mpu_init</name>
         <load_address>0x10256</load_address>
         <run_address>0x10256</run_address>
         <size>0x3c</size>
         <input_file_ref idref="fl-6f"/>
      </object_component>
      <object_component id="oc-6f">
         <name>.text:decompress:none:__TI_decompress_none</name>
         <load_address>0x10292</load_address>
         <run_address>0x10292</run_address>
         <size>0x3c</size>
         <input_file_ref idref="fl-47"/>
      </object_component>
      <object_component id="oc-4bd">
         <name>.text:initClockTo8MHz</name>
         <load_address>0x102ce</load_address>
         <run_address>0x102ce</run_address>
         <size>0x38</size>
         <input_file_ref idref="fl-5"/>
      </object_component>
      <object_component id="oc-45b">
         <name>.text:pop_out_data</name>
         <load_address>0x10306</load_address>
         <run_address>0x10306</run_address>
         <size>0x2e</size>
         <input_file_ref idref="fl-3"/>
      </object_component>
      <object_component id="oc-464">
         <name>.text:pop_in_data</name>
         <load_address>0x10334</load_address>
         <run_address>0x10334</run_address>
         <size>0x2c</size>
         <input_file_ref idref="fl-3"/>
      </object_component>
      <object_component id="oc-52d">
         <name>.text:init_circular_buffer</name>
         <load_address>0x10360</load_address>
         <run_address>0x10360</run_address>
         <size>0x28</size>
         <input_file_ref idref="fl-3"/>
      </object_component>
      <object_component id="oc-4d0">
         <name>.text:send_msg</name>
         <load_address>0x10388</load_address>
         <run_address>0x10388</run_address>
         <size>0x28</size>
         <input_file_ref idref="fl-8"/>
      </object_component>
      <object_component id="oc-4b7">
         <name>.text:WDT_A_hold</name>
         <load_address>0x103b0</load_address>
         <run_address>0x103b0</run_address>
         <size>0x16</size>
         <input_file_ref idref="fl-1f"/>
      </object_component>
      <object_component id="oc-4c3">
         <name>.text:PMM_unlockLPM5</name>
         <load_address>0x103c6</load_address>
         <run_address>0x103c6</run_address>
         <size>0x6</size>
         <input_file_ref idref="fl-16"/>
      </object_component>
      <object_component id="oc-4dc">
         <name>.text:abort</name>
         <load_address>0x103cc</load_address>
         <run_address>0x103cc</run_address>
         <size>0x6</size>
         <input_file_ref idref="fl-76"/>
      </object_component>
      <object_component id="oc-472">
         <name>.text:_system_pre_init</name>
         <load_address>0x103d2</load_address>
         <run_address>0x103d2</run_address>
         <size>0x4</size>
         <input_file_ref idref="fl-73"/>
      </object_component>
      <object_component id="oc-548">
         <name>.text:_system_post_cinit</name>
         <load_address>0x103d6</load_address>
         <run_address>0x103d6</run_address>
         <size>0x2</size>
         <input_file_ref idref="fl-72"/>
      </object_component>
      <object_component id="oc-461">
         <name>.bss:RXbuffer</name>
         <uninitialized>true</uninitialized>
         <run_address>0x2000</run_address>
         <size>0x196</size>
         <input_file_ref idref="fl-8"/>
      </object_component>
      <object_component id="oc-458">
         <name>.bss:TXbuffer</name>
         <uninitialized>true</uninitialized>
         <run_address>0x2196</run_address>
         <size>0x196</size>
         <input_file_ref idref="fl-8"/>
      </object_component>
      <object_component id="oc-449">
         <name>.data</name>
         <load_address>0x2354</load_address>
         <run_address>0x2354</run_address>
         <size>0x7</size>
         <input_file_ref idref="fl-4"/>
      </object_component>
      <object_component id="oc-44f">
         <name>.data:ReceiveBuffer</name>
         <load_address>0x232c</load_address>
         <run_address>0x232c</run_address>
         <size>0x14</size>
         <input_file_ref idref="fl-4"/>
      </object_component>
      <object_component id="oc-44c">
         <name>.data:TransmitBuffer</name>
         <load_address>0x2340</load_address>
         <run_address>0x2340</run_address>
         <size>0x14</size>
         <input_file_ref idref="fl-4"/>
      </object_component>
      <object_component id="oc-3d6">
         <name>.stack</name>
         <uninitialized>true</uninitialized>
         <run_address>0x3f60</run_address>
         <size>0x2</size>
         <input_file_ref idref="fl-6e"/>
      </object_component>
      <object_component id="oc-621">
         <name>.stack</name>
         <uninitialized>true</uninitialized>
         <run_address>0x3f60</run_address>
         <size>0x0</size>
      </object_component>
      <object_component id="oc-75">
         <name>.int20</name>
         <load_address>0xffca</load_address>
         <run_address>0xffca</run_address>
         <size>0x2</size>
         <input_file_ref idref="fl-48"/>
      </object_component>
      <object_component id="oc-76">
         <name>.int21</name>
         <load_address>0xffcc</load_address>
         <run_address>0xffcc</run_address>
         <size>0x2</size>
         <input_file_ref idref="fl-4a"/>
      </object_component>
      <object_component id="oc-77">
         <name>.int22</name>
         <load_address>0xffce</load_address>
         <run_address>0xffce</run_address>
         <size>0x2</size>
         <input_file_ref idref="fl-4b"/>
      </object_component>
      <object_component id="oc-78">
         <name>.int23</name>
         <load_address>0xffd0</load_address>
         <run_address>0xffd0</run_address>
         <size>0x2</size>
         <input_file_ref idref="fl-4c"/>
      </object_component>
      <object_component id="oc-79">
         <name>.int24</name>
         <load_address>0xffd2</load_address>
         <run_address>0xffd2</run_address>
         <size>0x2</size>
         <input_file_ref idref="fl-4d"/>
      </object_component>
      <object_component id="oc-7a">
         <name>.int25</name>
         <load_address>0xffd4</load_address>
         <run_address>0xffd4</run_address>
         <size>0x2</size>
         <input_file_ref idref="fl-4e"/>
      </object_component>
      <object_component id="oc-7b">
         <name>.int26</name>
         <load_address>0xffd6</load_address>
         <run_address>0xffd6</run_address>
         <size>0x2</size>
         <input_file_ref idref="fl-4f"/>
      </object_component>
      <object_component id="oc-7c">
         <name>.int27</name>
         <load_address>0xffd8</load_address>
         <run_address>0xffd8</run_address>
         <size>0x2</size>
         <input_file_ref idref="fl-50"/>
      </object_component>
      <object_component id="oc-7d">
         <name>.int28</name>
         <load_address>0xffda</load_address>
         <run_address>0xffda</run_address>
         <size>0x2</size>
         <input_file_ref idref="fl-51"/>
      </object_component>
      <object_component id="oc-7e">
         <name>.int29</name>
         <load_address>0xffdc</load_address>
         <run_address>0xffdc</run_address>
         <size>0x2</size>
         <input_file_ref idref="fl-4"/>
      </object_component>
      <object_component id="oc-7f">
         <name>.int30</name>
         <load_address>0xffde</load_address>
         <run_address>0xffde</run_address>
         <size>0x2</size>
         <input_file_ref idref="fl-8"/>
      </object_component>
      <object_component id="oc-80">
         <name>.int31</name>
         <load_address>0xffe0</load_address>
         <run_address>0xffe0</run_address>
         <size>0x2</size>
         <input_file_ref idref="fl-52"/>
      </object_component>
      <object_component id="oc-81">
         <name>.int32</name>
         <load_address>0xffe2</load_address>
         <run_address>0xffe2</run_address>
         <size>0x2</size>
         <input_file_ref idref="fl-53"/>
      </object_component>
      <object_component id="oc-82">
         <name>.int33</name>
         <load_address>0xffe4</load_address>
         <run_address>0xffe4</run_address>
         <size>0x2</size>
         <input_file_ref idref="fl-54"/>
      </object_component>
      <object_component id="oc-83">
         <name>.int34</name>
         <load_address>0xffe6</load_address>
         <run_address>0xffe6</run_address>
         <size>0x2</size>
         <input_file_ref idref="fl-55"/>
      </object_component>
      <object_component id="oc-84">
         <name>.int35</name>
         <load_address>0xffe8</load_address>
         <run_address>0xffe8</run_address>
         <size>0x2</size>
         <input_file_ref idref="fl-56"/>
      </object_component>
      <object_component id="oc-85">
         <name>.int36</name>
         <load_address>0xffea</load_address>
         <run_address>0xffea</run_address>
         <size>0x2</size>
         <input_file_ref idref="fl-57"/>
      </object_component>
      <object_component id="oc-86">
         <name>.int37</name>
         <load_address>0xffec</load_address>
         <run_address>0xffec</run_address>
         <size>0x2</size>
         <input_file_ref idref="fl-58"/>
      </object_component>
      <object_component id="oc-87">
         <name>.int38</name>
         <load_address>0xffee</load_address>
         <run_address>0xffee</run_address>
         <size>0x2</size>
         <input_file_ref idref="fl-59"/>
      </object_component>
      <object_component id="oc-88">
         <name>.int39</name>
         <load_address>0xfff0</load_address>
         <run_address>0xfff0</run_address>
         <size>0x2</size>
         <input_file_ref idref="fl-5a"/>
      </object_component>
      <object_component id="oc-89">
         <name>.int40</name>
         <load_address>0xfff2</load_address>
         <run_address>0xfff2</run_address>
         <size>0x2</size>
         <input_file_ref idref="fl-5b"/>
      </object_component>
      <object_component id="oc-8a">
         <name>.int41</name>
         <load_address>0xfff4</load_address>
         <run_address>0xfff4</run_address>
         <size>0x2</size>
         <input_file_ref idref="fl-5c"/>
      </object_component>
      <object_component id="oc-8b">
         <name>.int42</name>
         <load_address>0xfff6</load_address>
         <run_address>0xfff6</run_address>
         <size>0x2</size>
         <input_file_ref idref="fl-5d"/>
      </object_component>
      <object_component id="oc-8c">
         <name>.int43</name>
         <load_address>0xfff8</load_address>
         <run_address>0xfff8</run_address>
         <size>0x2</size>
         <input_file_ref idref="fl-5e"/>
      </object_component>
      <object_component id="oc-8d">
         <name>.int44</name>
         <load_address>0xfffa</load_address>
         <run_address>0xfffa</run_address>
         <size>0x2</size>
         <input_file_ref idref="fl-5f"/>
      </object_component>
      <object_component id="oc-8e">
         <name>.int45</name>
         <load_address>0xfffc</load_address>
         <run_address>0xfffc</run_address>
         <size>0x2</size>
         <input_file_ref idref="fl-60"/>
      </object_component>
      <object_component id="oc-3d9">
         <name>.reset</name>
         <load_address>0xfffe</load_address>
         <run_address>0xfffe</run_address>
         <size>0x2</size>
         <input_file_ref idref="fl-6e"/>
      </object_component>
      <object_component id="oc-527">
         <name>.debug_info</name>
         <load_address>0x0</load_address>
         <run_address>0x0</run_address>
         <size>0x24e</size>
         <input_file_ref idref="fl-2"/>
      </object_component>
      <object_component id="oc-522">
         <name>.debug_info</name>
         <load_address>0x24e</load_address>
         <run_address>0x24e</run_address>
         <size>0x26b</size>
         <input_file_ref idref="fl-2"/>
      </object_component>
      <object_component id="oc-4d7">
         <name>.debug_info</name>
         <load_address>0x4b9</load_address>
         <run_address>0x4b9</run_address>
         <size>0x8b</size>
         <input_file_ref idref="fl-2"/>
      </object_component>
      <object_component id="oc-4a5">
         <name>.debug_info</name>
         <load_address>0x544</load_address>
         <run_address>0x544</run_address>
         <size>0x282</size>
         <input_file_ref idref="fl-2"/>
      </object_component>
      <object_component id="oc-453">
         <name>.debug_info</name>
         <load_address>0x7c6</load_address>
         <run_address>0x7c6</run_address>
         <size>0xbb</size>
         <input_file_ref idref="fl-2"/>
      </object_component>
      <object_component id="oc-570">
         <name>.debug_info</name>
         <load_address>0x881</load_address>
         <run_address>0x881</run_address>
         <size>0x2c</size>
         <input_file_ref idref="fl-2"/>
      </object_component>
      <object_component id="oc-56b">
         <name>.debug_info</name>
         <load_address>0x8ad</load_address>
         <run_address>0x8ad</run_address>
         <size>0x35</size>
         <input_file_ref idref="fl-2"/>
      </object_component>
      <object_component id="oc-4b2">
         <name>.debug_info</name>
         <load_address>0x8e2</load_address>
         <run_address>0x8e2</run_address>
         <size>0x141</size>
         <input_file_ref idref="fl-3"/>
      </object_component>
      <object_component id="oc-45e">
         <name>.debug_info</name>
         <load_address>0xa23</load_address>
         <run_address>0xa23</run_address>
         <size>0x167</size>
         <input_file_ref idref="fl-3"/>
      </object_component>
      <object_component id="oc-467">
         <name>.debug_info</name>
         <load_address>0xb8a</load_address>
         <run_address>0xb8a</run_address>
         <size>0x170</size>
         <input_file_ref idref="fl-3"/>
      </object_component>
      <object_component id="oc-52f">
         <name>.debug_info</name>
         <load_address>0xcfa</load_address>
         <run_address>0xcfa</run_address>
         <size>0x167</size>
         <input_file_ref idref="fl-3"/>
      </object_component>
      <object_component id="oc-4ac">
         <name>.debug_info</name>
         <load_address>0xe61</load_address>
         <run_address>0xe61</run_address>
         <size>0x8a</size>
         <input_file_ref idref="fl-3"/>
      </object_component>
      <object_component id="oc-3e0">
         <name>.debug_info</name>
         <load_address>0xeeb</load_address>
         <run_address>0xeeb</run_address>
         <size>0x84</size>
         <input_file_ref idref="fl-3"/>
      </object_component>
      <object_component id="oc-4a2">
         <name>.debug_info</name>
         <load_address>0xf6f</load_address>
         <run_address>0xf6f</run_address>
         <size>0x267</size>
         <input_file_ref idref="fl-4"/>
      </object_component>
      <object_component id="oc-44a">
         <name>.debug_info</name>
         <load_address>0x11d6</load_address>
         <run_address>0x11d6</run_address>
         <size>0x1a2</size>
         <input_file_ref idref="fl-4"/>
      </object_component>
      <object_component id="oc-450">
         <name>.debug_info</name>
         <load_address>0x1378</load_address>
         <run_address>0x1378</run_address>
         <size>0xdf</size>
         <input_file_ref idref="fl-4"/>
      </object_component>
      <object_component id="oc-44d">
         <name>.debug_info</name>
         <load_address>0x1457</load_address>
         <run_address>0x1457</run_address>
         <size>0xe1</size>
         <input_file_ref idref="fl-4"/>
      </object_component>
      <object_component id="oc-3f7">
         <name>.debug_info</name>
         <load_address>0x1538</load_address>
         <run_address>0x1538</run_address>
         <size>0x127</size>
         <input_file_ref idref="fl-4"/>
      </object_component>
      <object_component id="oc-49b">
         <name>.debug_info</name>
         <load_address>0x165f</load_address>
         <run_address>0x165f</run_address>
         <size>0x8b</size>
         <input_file_ref idref="fl-4"/>
      </object_component>
      <object_component id="oc-4bf">
         <name>.debug_info</name>
         <load_address>0x16ea</load_address>
         <run_address>0x16ea</run_address>
         <size>0x107</size>
         <input_file_ref idref="fl-5"/>
      </object_component>
      <object_component id="oc-47b">
         <name>.debug_info</name>
         <load_address>0x17f1</load_address>
         <run_address>0x17f1</run_address>
         <size>0x14e</size>
         <input_file_ref idref="fl-5"/>
      </object_component>
      <object_component id="oc-535">
         <name>.debug_info</name>
         <load_address>0x193f</load_address>
         <run_address>0x193f</run_address>
         <size>0x329</size>
         <input_file_ref idref="fl-8"/>
      </object_component>
      <object_component id="oc-462">
         <name>.debug_info</name>
         <load_address>0x1c68</load_address>
         <run_address>0x1c68</run_address>
         <size>0xd2</size>
         <input_file_ref idref="fl-8"/>
      </object_component>
      <object_component id="oc-459">
         <name>.debug_info</name>
         <load_address>0x1d3a</load_address>
         <run_address>0x1d3a</run_address>
         <size>0xd2</size>
         <input_file_ref idref="fl-8"/>
      </object_component>
      <object_component id="oc-4d1">
         <name>.debug_info</name>
         <load_address>0x1e0c</load_address>
         <run_address>0x1e0c</run_address>
         <size>0x18e</size>
         <input_file_ref idref="fl-8"/>
      </object_component>
      <object_component id="oc-4ca">
         <name>.debug_info</name>
         <load_address>0x1f9a</load_address>
         <run_address>0x1f9a</run_address>
         <size>0x145</size>
         <input_file_ref idref="fl-8"/>
      </object_component>
      <object_component id="oc-3fd">
         <name>.debug_info</name>
         <load_address>0x20df</load_address>
         <run_address>0x20df</run_address>
         <size>0x15b</size>
         <input_file_ref idref="fl-8"/>
      </object_component>
      <object_component id="oc-4c4">
         <name>.debug_info</name>
         <load_address>0x223a</load_address>
         <run_address>0x223a</run_address>
         <size>0x150</size>
         <input_file_ref idref="fl-16"/>
      </object_component>
      <object_component id="oc-4ba">
         <name>.debug_info</name>
         <load_address>0x238a</load_address>
         <run_address>0x238a</run_address>
         <size>0x1ad</size>
         <input_file_ref idref="fl-1f"/>
      </object_component>
      <object_component id="oc-6a">
         <name>.debug_info</name>
         <load_address>0x2537</load_address>
         <run_address>0x2537</run_address>
         <size>0x2b8</size>
         <input_file_ref idref="fl-46"/>
      </object_component>
      <object_component id="oc-494">
         <name>.debug_info</name>
         <load_address>0x27ef</load_address>
         <run_address>0x27ef</run_address>
         <size>0x46</size>
         <input_file_ref idref="fl-46"/>
      </object_component>
      <object_component id="oc-440">
         <name>.debug_info</name>
         <load_address>0x2835</load_address>
         <run_address>0x2835</run_address>
         <size>0x39</size>
         <input_file_ref idref="fl-46"/>
      </object_component>
      <object_component id="oc-3db">
         <name>.debug_info</name>
         <load_address>0x286e</load_address>
         <run_address>0x286e</run_address>
         <size>0x60</size>
         <input_file_ref idref="fl-46"/>
      </object_component>
      <object_component id="oc-3f0">
         <name>.debug_info</name>
         <load_address>0x28ce</load_address>
         <run_address>0x28ce</run_address>
         <size>0x1da</size>
         <input_file_ref idref="fl-47"/>
      </object_component>
      <object_component id="oc-70">
         <name>.debug_info</name>
         <load_address>0x2aa8</load_address>
         <run_address>0x2aa8</run_address>
         <size>0x1f2</size>
         <input_file_ref idref="fl-47"/>
      </object_component>
      <object_component id="oc-3eb">
         <name>.debug_info</name>
         <load_address>0x2c9a</load_address>
         <run_address>0x2c9a</run_address>
         <size>0x46</size>
         <input_file_ref idref="fl-47"/>
      </object_component>
      <object_component id="oc-3f4">
         <name>.debug_info</name>
         <load_address>0x2ce0</load_address>
         <run_address>0x2ce0</run_address>
         <size>0x10f</size>
         <input_file_ref idref="fl-49"/>
      </object_component>
      <object_component id="oc-405">
         <name>.debug_info</name>
         <load_address>0x2def</load_address>
         <run_address>0x2def</run_address>
         <size>0x1d3</size>
         <input_file_ref idref="fl-61"/>
      </object_component>
      <object_component id="oc-46c">
         <name>.debug_info</name>
         <load_address>0x2fc2</load_address>
         <run_address>0x2fc2</run_address>
         <size>0x46</size>
         <input_file_ref idref="fl-61"/>
      </object_component>
      <object_component id="oc-3e8">
         <name>.debug_info</name>
         <load_address>0x3008</load_address>
         <run_address>0x3008</run_address>
         <size>0x121</size>
         <input_file_ref idref="fl-62"/>
      </object_component>
      <object_component id="oc-3d7">
         <name>.debug_info</name>
         <load_address>0x3129</load_address>
         <run_address>0x3129</run_address>
         <size>0x100</size>
         <input_file_ref idref="fl-6e"/>
      </object_component>
      <object_component id="oc-42d">
         <name>.debug_info</name>
         <load_address>0x3229</load_address>
         <run_address>0x3229</run_address>
         <size>0x193</size>
         <input_file_ref idref="fl-6e"/>
      </object_component>
      <object_component id="oc-48b">
         <name>.debug_info</name>
         <load_address>0x33bc</load_address>
         <run_address>0x33bc</run_address>
         <size>0x1ae</size>
         <input_file_ref idref="fl-6f"/>
      </object_component>
      <object_component id="oc-51b">
         <name>.debug_info</name>
         <load_address>0x356a</load_address>
         <run_address>0x356a</run_address>
         <size>0x18b</size>
         <input_file_ref idref="fl-6f"/>
      </object_component>
      <object_component id="oc-54f">
         <name>.debug_info</name>
         <load_address>0x36f5</load_address>
         <run_address>0x36f5</run_address>
         <size>0x409</size>
         <input_file_ref idref="fl-71"/>
      </object_component>
      <object_component id="oc-502">
         <name>.debug_info</name>
         <load_address>0x3afe</load_address>
         <run_address>0x3afe</run_address>
         <size>0x216</size>
         <input_file_ref idref="fl-71"/>
      </object_component>
      <object_component id="oc-58f">
         <name>.debug_info</name>
         <load_address>0x3d14</load_address>
         <run_address>0x3d14</run_address>
         <size>0x39</size>
         <input_file_ref idref="fl-71"/>
      </object_component>
      <object_component id="oc-5a6">
         <name>.debug_info</name>
         <load_address>0x3d4d</load_address>
         <run_address>0x3d4d</run_address>
         <size>0x2c</size>
         <input_file_ref idref="fl-71"/>
      </object_component>
      <object_component id="oc-55a">
         <name>.debug_info</name>
         <load_address>0x3d79</load_address>
         <run_address>0x3d79</run_address>
         <size>0x2c</size>
         <input_file_ref idref="fl-71"/>
      </object_component>
      <object_component id="oc-594">
         <name>.debug_info</name>
         <load_address>0x3da5</load_address>
         <run_address>0x3da5</run_address>
         <size>0xcd</size>
         <input_file_ref idref="fl-71"/>
      </object_component>
      <object_component id="oc-549">
         <name>.debug_info</name>
         <load_address>0x3e72</load_address>
         <run_address>0x3e72</run_address>
         <size>0x150</size>
         <input_file_ref idref="fl-72"/>
      </object_component>
      <object_component id="oc-476">
         <name>.debug_info</name>
         <load_address>0x3fc2</load_address>
         <run_address>0x3fc2</run_address>
         <size>0x153</size>
         <input_file_ref idref="fl-73"/>
      </object_component>
      <object_component id="oc-4de">
         <name>.debug_info</name>
         <load_address>0x4115</load_address>
         <run_address>0x4115</run_address>
         <size>0x122</size>
         <input_file_ref idref="fl-76"/>
      </object_component>
      <object_component id="oc-623">
         <name>.debug_info</name>
         <load_address>0x4237</load_address>
         <run_address>0x4237</run_address>
         <size>0x9e</size>
      </object_component>
      <object_component id="oc-56a">
         <name>.debug_line</name>
         <load_address>0x0</load_address>
         <run_address>0x0</run_address>
         <size>0x7f</size>
         <input_file_ref idref="fl-2"/>
      </object_component>
      <object_component id="oc-525">
         <name>.debug_line</name>
         <load_address>0x7f</load_address>
         <run_address>0x7f</run_address>
         <size>0x72</size>
         <input_file_ref idref="fl-2"/>
      </object_component>
      <object_component id="oc-4da">
         <name>.debug_line</name>
         <load_address>0xf1</load_address>
         <run_address>0xf1</run_address>
         <size>0x20</size>
         <input_file_ref idref="fl-2"/>
      </object_component>
      <object_component id="oc-4a8">
         <name>.debug_line</name>
         <load_address>0x111</load_address>
         <run_address>0x111</run_address>
         <size>0x76</size>
         <input_file_ref idref="fl-2"/>
      </object_component>
      <object_component id="oc-456">
         <name>.debug_line</name>
         <load_address>0x187</load_address>
         <run_address>0x187</run_address>
         <size>0x73</size>
         <input_file_ref idref="fl-2"/>
      </object_component>
      <object_component id="oc-573">
         <name>.debug_line</name>
         <load_address>0x1fa</load_address>
         <run_address>0x1fa</run_address>
         <size>0x6e</size>
         <input_file_ref idref="fl-2"/>
      </object_component>
      <object_component id="oc-56e">
         <name>.debug_line</name>
         <load_address>0x268</load_address>
         <run_address>0x268</run_address>
         <size>0x77</size>
         <input_file_ref idref="fl-2"/>
      </object_component>
      <object_component id="oc-529">
         <name>.debug_line</name>
         <load_address>0x2df</load_address>
         <run_address>0x2df</run_address>
         <size>0x20</size>
         <input_file_ref idref="fl-3"/>
      </object_component>
      <object_component id="oc-45d">
         <name>.debug_line</name>
         <load_address>0x2ff</load_address>
         <run_address>0x2ff</run_address>
         <size>0x5c</size>
         <input_file_ref idref="fl-3"/>
      </object_component>
      <object_component id="oc-466">
         <name>.debug_line</name>
         <load_address>0x35b</load_address>
         <run_address>0x35b</run_address>
         <size>0x58</size>
         <input_file_ref idref="fl-3"/>
      </object_component>
      <object_component id="oc-532">
         <name>.debug_line</name>
         <load_address>0x3b3</load_address>
         <run_address>0x3b3</run_address>
         <size>0x56</size>
         <input_file_ref idref="fl-3"/>
      </object_component>
      <object_component id="oc-4af">
         <name>.debug_line</name>
         <load_address>0x409</load_address>
         <run_address>0x409</run_address>
         <size>0x38</size>
         <input_file_ref idref="fl-3"/>
      </object_component>
      <object_component id="oc-3e3">
         <name>.debug_line</name>
         <load_address>0x441</load_address>
         <run_address>0x441</run_address>
         <size>0x20</size>
         <input_file_ref idref="fl-3"/>
      </object_component>
      <object_component id="oc-521">
         <name>.debug_line</name>
         <load_address>0x461</load_address>
         <run_address>0x461</run_address>
         <size>0x5c</size>
         <input_file_ref idref="fl-4"/>
      </object_component>
      <object_component id="oc-49a">
         <name>.debug_line</name>
         <load_address>0x4bd</load_address>
         <run_address>0x4bd</run_address>
         <size>0x33</size>
         <input_file_ref idref="fl-4"/>
      </object_component>
      <object_component id="oc-4a4">
         <name>.debug_line</name>
         <load_address>0x4f0</load_address>
         <run_address>0x4f0</run_address>
         <size>0x33</size>
         <input_file_ref idref="fl-4"/>
      </object_component>
      <object_component id="oc-4a1">
         <name>.debug_line</name>
         <load_address>0x523</load_address>
         <run_address>0x523</run_address>
         <size>0x33</size>
         <input_file_ref idref="fl-4"/>
      </object_component>
      <object_component id="oc-3fa">
         <name>.debug_line</name>
         <load_address>0x556</load_address>
         <run_address>0x556</run_address>
         <size>0x91</size>
         <input_file_ref idref="fl-4"/>
      </object_component>
      <object_component id="oc-49e">
         <name>.debug_line</name>
         <load_address>0x5e7</load_address>
         <run_address>0x5e7</run_address>
         <size>0x33</size>
         <input_file_ref idref="fl-4"/>
      </object_component>
      <object_component id="oc-4c2">
         <name>.debug_line</name>
         <load_address>0x61a</load_address>
         <run_address>0x61a</run_address>
         <size>0x4e</size>
         <input_file_ref idref="fl-5"/>
      </object_component>
      <object_component id="oc-479">
         <name>.debug_line</name>
         <load_address>0x668</load_address>
         <run_address>0x668</run_address>
         <size>0x50</size>
         <input_file_ref idref="fl-5"/>
      </object_component>
      <object_component id="oc-577">
         <name>.debug_line</name>
         <load_address>0x6b8</load_address>
         <run_address>0x6b8</run_address>
         <size>0x74</size>
         <input_file_ref idref="fl-8"/>
      </object_component>
      <object_component id="oc-4b4">
         <name>.debug_line</name>
         <load_address>0x72c</load_address>
         <run_address>0x72c</run_address>
         <size>0x31</size>
         <input_file_ref idref="fl-8"/>
      </object_component>
      <object_component id="oc-4ab">
         <name>.debug_line</name>
         <load_address>0x75d</load_address>
         <run_address>0x75d</run_address>
         <size>0x31</size>
         <input_file_ref idref="fl-8"/>
      </object_component>
      <object_component id="oc-4d4">
         <name>.debug_line</name>
         <load_address>0x78e</load_address>
         <run_address>0x78e</run_address>
         <size>0x50</size>
         <input_file_ref idref="fl-8"/>
      </object_component>
      <object_component id="oc-4cd">
         <name>.debug_line</name>
         <load_address>0x7de</load_address>
         <run_address>0x7de</run_address>
         <size>0x50</size>
         <input_file_ref idref="fl-8"/>
      </object_component>
      <object_component id="oc-401">
         <name>.debug_line</name>
         <load_address>0x82e</load_address>
         <run_address>0x82e</run_address>
         <size>0x5d</size>
         <input_file_ref idref="fl-8"/>
      </object_component>
      <object_component id="oc-4c8">
         <name>.debug_line</name>
         <load_address>0x88b</load_address>
         <run_address>0x88b</run_address>
         <size>0x5c</size>
         <input_file_ref idref="fl-16"/>
      </object_component>
      <object_component id="oc-4b9">
         <name>.debug_line</name>
         <load_address>0x8e7</load_address>
         <run_address>0x8e7</run_address>
         <size>0x60</size>
         <input_file_ref idref="fl-1f"/>
      </object_component>
      <object_component id="oc-6d">
         <name>.debug_line</name>
         <load_address>0x947</load_address>
         <run_address>0x947</run_address>
         <size>0x9d</size>
         <input_file_ref idref="fl-46"/>
      </object_component>
      <object_component id="oc-497">
         <name>.debug_line</name>
         <load_address>0x9e4</load_address>
         <run_address>0x9e4</run_address>
         <size>0x9a</size>
         <input_file_ref idref="fl-46"/>
      </object_component>
      <object_component id="oc-443">
         <name>.debug_line</name>
         <load_address>0xa7e</load_address>
         <run_address>0xa7e</run_address>
         <size>0x96</size>
         <input_file_ref idref="fl-46"/>
      </object_component>
      <object_component id="oc-3de">
         <name>.debug_line</name>
         <load_address>0xb14</load_address>
         <run_address>0xb14</run_address>
         <size>0x3a</size>
         <input_file_ref idref="fl-46"/>
      </object_component>
      <object_component id="oc-447">
         <name>.debug_line</name>
         <load_address>0xb4e</load_address>
         <run_address>0xb4e</run_address>
         <size>0x3a</size>
         <input_file_ref idref="fl-47"/>
      </object_component>
      <object_component id="oc-73">
         <name>.debug_line</name>
         <load_address>0xb88</load_address>
         <run_address>0xb88</run_address>
         <size>0x50</size>
         <input_file_ref idref="fl-47"/>
      </object_component>
      <object_component id="oc-3ee">
         <name>.debug_line</name>
         <load_address>0xbd8</load_address>
         <run_address>0xbd8</run_address>
         <size>0x3a</size>
         <input_file_ref idref="fl-47"/>
      </object_component>
      <object_component id="oc-3f2">
         <name>.debug_line</name>
         <load_address>0xc12</load_address>
         <run_address>0xc12</run_address>
         <size>0x3d</size>
         <input_file_ref idref="fl-49"/>
      </object_component>
      <object_component id="oc-404">
         <name>.debug_line</name>
         <load_address>0xc4f</load_address>
         <run_address>0xc4f</run_address>
         <size>0x4e</size>
         <input_file_ref idref="fl-61"/>
      </object_component>
      <object_component id="oc-46f">
         <name>.debug_line</name>
         <load_address>0xc9d</load_address>
         <run_address>0xc9d</run_address>
         <size>0x34</size>
         <input_file_ref idref="fl-61"/>
      </object_component>
      <object_component id="oc-3e6">
         <name>.debug_line</name>
         <load_address>0xcd1</load_address>
         <run_address>0xcd1</run_address>
         <size>0x52</size>
         <input_file_ref idref="fl-62"/>
      </object_component>
      <object_component id="oc-43f">
         <name>.debug_line</name>
         <load_address>0xd23</load_address>
         <run_address>0xd23</run_address>
         <size>0x2a</size>
         <input_file_ref idref="fl-6e"/>
      </object_component>
      <object_component id="oc-430">
         <name>.debug_line</name>
         <load_address>0xd4d</load_address>
         <run_address>0xd4d</run_address>
         <size>0x4b</size>
         <input_file_ref idref="fl-6e"/>
      </object_component>
      <object_component id="oc-48e">
         <name>.debug_line</name>
         <load_address>0xd98</load_address>
         <run_address>0xd98</run_address>
         <size>0x49</size>
         <input_file_ref idref="fl-6f"/>
      </object_component>
      <object_component id="oc-51e">
         <name>.debug_line</name>
         <load_address>0xde1</load_address>
         <run_address>0xde1</run_address>
         <size>0x71</size>
         <input_file_ref idref="fl-6f"/>
      </object_component>
      <object_component id="oc-58e">
         <name>.debug_line</name>
         <load_address>0xe52</load_address>
         <run_address>0xe52</run_address>
         <size>0xbf</size>
         <input_file_ref idref="fl-71"/>
      </object_component>
      <object_component id="oc-504">
         <name>.debug_line</name>
         <load_address>0xf11</load_address>
         <run_address>0xf11</run_address>
         <size>0x84</size>
         <input_file_ref idref="fl-71"/>
      </object_component>
      <object_component id="oc-592">
         <name>.debug_line</name>
         <load_address>0xf95</load_address>
         <run_address>0xf95</run_address>
         <size>0x2e</size>
         <input_file_ref idref="fl-71"/>
      </object_component>
      <object_component id="oc-5a9">
         <name>.debug_line</name>
         <load_address>0xfc3</load_address>
         <run_address>0xfc3</run_address>
         <size>0x9a</size>
         <input_file_ref idref="fl-71"/>
      </object_component>
      <object_component id="oc-55d">
         <name>.debug_line</name>
         <load_address>0x105d</load_address>
         <run_address>0x105d</run_address>
         <size>0x97</size>
         <input_file_ref idref="fl-71"/>
      </object_component>
      <object_component id="oc-597">
         <name>.debug_line</name>
         <load_address>0x10f4</load_address>
         <run_address>0x10f4</run_address>
         <size>0x93</size>
         <input_file_ref idref="fl-71"/>
      </object_component>
      <object_component id="oc-54c">
         <name>.debug_line</name>
         <load_address>0x1187</load_address>
         <run_address>0x1187</run_address>
         <size>0x3a</size>
         <input_file_ref idref="fl-72"/>
      </object_component>
      <object_component id="oc-473">
         <name>.debug_line</name>
         <load_address>0x11c1</load_address>
         <run_address>0x11c1</run_address>
         <size>0x3e</size>
         <input_file_ref idref="fl-73"/>
      </object_component>
      <object_component id="oc-4dd">
         <name>.debug_line</name>
         <load_address>0x11ff</load_address>
         <run_address>0x11ff</run_address>
         <size>0x3d</size>
         <input_file_ref idref="fl-76"/>
      </object_component>
      <object_component id="oc-569">
         <name>.debug_abbrev</name>
         <load_address>0x0</load_address>
         <run_address>0x0</run_address>
         <size>0xcc</size>
         <input_file_ref idref="fl-2"/>
      </object_component>
      <object_component id="oc-524">
         <name>.debug_abbrev</name>
         <load_address>0xcc</load_address>
         <run_address>0xcc</run_address>
         <size>0x69</size>
         <input_file_ref idref="fl-2"/>
      </object_component>
      <object_component id="oc-4d9">
         <name>.debug_abbrev</name>
         <load_address>0x135</load_address>
         <run_address>0x135</run_address>
         <size>0x1f</size>
         <input_file_ref idref="fl-2"/>
      </object_component>
      <object_component id="oc-4a7">
         <name>.debug_abbrev</name>
         <load_address>0x154</load_address>
         <run_address>0x154</run_address>
         <size>0x35</size>
         <input_file_ref idref="fl-2"/>
      </object_component>
      <object_component id="oc-455">
         <name>.debug_abbrev</name>
         <load_address>0x189</load_address>
         <run_address>0x189</run_address>
         <size>0x24</size>
         <input_file_ref idref="fl-2"/>
      </object_component>
      <object_component id="oc-572">
         <name>.debug_abbrev</name>
         <load_address>0x1ad</load_address>
         <run_address>0x1ad</run_address>
         <size>0x24</size>
         <input_file_ref idref="fl-2"/>
      </object_component>
      <object_component id="oc-56d">
         <name>.debug_abbrev</name>
         <load_address>0x1d1</load_address>
         <run_address>0x1d1</run_address>
         <size>0x33</size>
         <input_file_ref idref="fl-2"/>
      </object_component>
      <object_component id="oc-528">
         <name>.debug_abbrev</name>
         <load_address>0x204</load_address>
         <run_address>0x204</run_address>
         <size>0x3b</size>
         <input_file_ref idref="fl-3"/>
      </object_component>
      <object_component id="oc-4b1">
         <name>.debug_abbrev</name>
         <load_address>0x23f</load_address>
         <run_address>0x23f</run_address>
         <size>0x6e</size>
         <input_file_ref idref="fl-3"/>
      </object_component>
      <object_component id="oc-4b5">
         <name>.debug_abbrev</name>
         <load_address>0x2ad</load_address>
         <run_address>0x2ad</run_address>
         <size>0x6e</size>
         <input_file_ref idref="fl-3"/>
      </object_component>
      <object_component id="oc-575">
         <name>.debug_abbrev</name>
         <load_address>0x31b</load_address>
         <run_address>0x31b</run_address>
         <size>0x6c</size>
         <input_file_ref idref="fl-3"/>
      </object_component>
      <object_component id="oc-4ae">
         <name>.debug_abbrev</name>
         <load_address>0x387</load_address>
         <run_address>0x387</run_address>
         <size>0x49</size>
         <input_file_ref idref="fl-3"/>
      </object_component>
      <object_component id="oc-3e2">
         <name>.debug_abbrev</name>
         <load_address>0x3d0</load_address>
         <run_address>0x3d0</run_address>
         <size>0x1f</size>
         <input_file_ref idref="fl-3"/>
      </object_component>
      <object_component id="oc-520">
         <name>.debug_abbrev</name>
         <load_address>0x3ef</load_address>
         <run_address>0x3ef</run_address>
         <size>0x81</size>
         <input_file_ref idref="fl-4"/>
      </object_component>
      <object_component id="oc-499">
         <name>.debug_abbrev</name>
         <load_address>0x470</load_address>
         <run_address>0x470</run_address>
         <size>0x29</size>
         <input_file_ref idref="fl-4"/>
      </object_component>
      <object_component id="oc-4a3">
         <name>.debug_abbrev</name>
         <load_address>0x499</load_address>
         <run_address>0x499</run_address>
         <size>0x29</size>
         <input_file_ref idref="fl-4"/>
      </object_component>
      <object_component id="oc-4a0">
         <name>.debug_abbrev</name>
         <load_address>0x4c2</load_address>
         <run_address>0x4c2</run_address>
         <size>0x29</size>
         <input_file_ref idref="fl-4"/>
      </object_component>
      <object_component id="oc-452">
         <name>.debug_abbrev</name>
         <load_address>0x4eb</load_address>
         <run_address>0x4eb</run_address>
         <size>0x61</size>
         <input_file_ref idref="fl-4"/>
      </object_component>
      <object_component id="oc-49d">
         <name>.debug_abbrev</name>
         <load_address>0x54c</load_address>
         <run_address>0x54c</run_address>
         <size>0x44</size>
         <input_file_ref idref="fl-4"/>
      </object_component>
      <object_component id="oc-52b">
         <name>.debug_abbrev</name>
         <load_address>0x590</load_address>
         <run_address>0x590</run_address>
         <size>0x50</size>
         <input_file_ref idref="fl-5"/>
      </object_component>
      <object_component id="oc-4d6">
         <name>.debug_abbrev</name>
         <load_address>0x5e0</load_address>
         <run_address>0x5e0</run_address>
         <size>0x54</size>
         <input_file_ref idref="fl-5"/>
      </object_component>
      <object_component id="oc-576">
         <name>.debug_abbrev</name>
         <load_address>0x634</load_address>
         <run_address>0x634</run_address>
         <size>0xa4</size>
         <input_file_ref idref="fl-8"/>
      </object_component>
      <object_component id="oc-4b3">
         <name>.debug_abbrev</name>
         <load_address>0x6d8</load_address>
         <run_address>0x6d8</run_address>
         <size>0x27</size>
         <input_file_ref idref="fl-8"/>
      </object_component>
      <object_component id="oc-4aa">
         <name>.debug_abbrev</name>
         <load_address>0x6ff</load_address>
         <run_address>0x6ff</run_address>
         <size>0x27</size>
         <input_file_ref idref="fl-8"/>
      </object_component>
      <object_component id="oc-534">
         <name>.debug_abbrev</name>
         <load_address>0x726</load_address>
         <run_address>0x726</run_address>
         <size>0x7a</size>
         <input_file_ref idref="fl-8"/>
      </object_component>
      <object_component id="oc-533">
         <name>.debug_abbrev</name>
         <load_address>0x7a0</load_address>
         <run_address>0x7a0</run_address>
         <size>0x5e</size>
         <input_file_ref idref="fl-8"/>
      </object_component>
      <object_component id="oc-46a">
         <name>.debug_abbrev</name>
         <load_address>0x7fe</load_address>
         <run_address>0x7fe</run_address>
         <size>0x6f</size>
         <input_file_ref idref="fl-8"/>
      </object_component>
      <object_component id="oc-52c">
         <name>.debug_abbrev</name>
         <load_address>0x86d</load_address>
         <run_address>0x86d</run_address>
         <size>0x50</size>
         <input_file_ref idref="fl-16"/>
      </object_component>
      <object_component id="oc-52a">
         <name>.debug_abbrev</name>
         <load_address>0x8bd</load_address>
         <run_address>0x8bd</run_address>
         <size>0x6c</size>
         <input_file_ref idref="fl-1f"/>
      </object_component>
      <object_component id="oc-3da">
         <name>.debug_abbrev</name>
         <load_address>0x929</load_address>
         <run_address>0x929</run_address>
         <size>0x8b</size>
         <input_file_ref idref="fl-46"/>
      </object_component>
      <object_component id="oc-496">
         <name>.debug_abbrev</name>
         <load_address>0x9b4</load_address>
         <run_address>0x9b4</run_address>
         <size>0x35</size>
         <input_file_ref idref="fl-46"/>
      </object_component>
      <object_component id="oc-442">
         <name>.debug_abbrev</name>
         <load_address>0x9e9</load_address>
         <run_address>0x9e9</run_address>
         <size>0x24</size>
         <input_file_ref idref="fl-46"/>
      </object_component>
      <object_component id="oc-3dd">
         <name>.debug_abbrev</name>
         <load_address>0xa0d</load_address>
         <run_address>0xa0d</run_address>
         <size>0x24</size>
         <input_file_ref idref="fl-46"/>
      </object_component>
      <object_component id="oc-446">
         <name>.debug_abbrev</name>
         <load_address>0xa31</load_address>
         <run_address>0xa31</run_address>
         <size>0x54</size>
         <input_file_ref idref="fl-47"/>
      </object_component>
      <object_component id="oc-3ea">
         <name>.debug_abbrev</name>
         <load_address>0xa85</load_address>
         <run_address>0xa85</run_address>
         <size>0x7d</size>
         <input_file_ref idref="fl-47"/>
      </object_component>
      <object_component id="oc-3ed">
         <name>.debug_abbrev</name>
         <load_address>0xb02</load_address>
         <run_address>0xb02</run_address>
         <size>0x24</size>
         <input_file_ref idref="fl-47"/>
      </object_component>
      <object_component id="oc-448">
         <name>.debug_abbrev</name>
         <load_address>0xb26</load_address>
         <run_address>0xb26</run_address>
         <size>0x28</size>
         <input_file_ref idref="fl-49"/>
      </object_component>
      <object_component id="oc-46b">
         <name>.debug_abbrev</name>
         <load_address>0xb4e</load_address>
         <run_address>0xb4e</run_address>
         <size>0x6f</size>
         <input_file_ref idref="fl-61"/>
      </object_component>
      <object_component id="oc-46e">
         <name>.debug_abbrev</name>
         <load_address>0xbbd</load_address>
         <run_address>0xbbd</run_address>
         <size>0x24</size>
         <input_file_ref idref="fl-61"/>
      </object_component>
      <object_component id="oc-445">
         <name>.debug_abbrev</name>
         <load_address>0xbe1</load_address>
         <run_address>0xbe1</run_address>
         <size>0x3c</size>
         <input_file_ref idref="fl-62"/>
      </object_component>
      <object_component id="oc-43e">
         <name>.debug_abbrev</name>
         <load_address>0xc1d</load_address>
         <run_address>0xc1d</run_address>
         <size>0x29</size>
         <input_file_ref idref="fl-6e"/>
      </object_component>
      <object_component id="oc-491">
         <name>.debug_abbrev</name>
         <load_address>0xc46</load_address>
         <run_address>0xc46</run_address>
         <size>0x58</size>
         <input_file_ref idref="fl-6e"/>
      </object_component>
      <object_component id="oc-51a">
         <name>.debug_abbrev</name>
         <load_address>0xc9e</load_address>
         <run_address>0xc9e</run_address>
         <size>0x5e</size>
         <input_file_ref idref="fl-6f"/>
      </object_component>
      <object_component id="oc-51d">
         <name>.debug_abbrev</name>
         <load_address>0xcfc</load_address>
         <run_address>0xcfc</run_address>
         <size>0x35</size>
         <input_file_ref idref="fl-6f"/>
      </object_component>
      <object_component id="oc-58d">
         <name>.debug_abbrev</name>
         <load_address>0xd31</load_address>
         <run_address>0xd31</run_address>
         <size>0xd9</size>
         <input_file_ref idref="fl-71"/>
      </object_component>
      <object_component id="oc-559">
         <name>.debug_abbrev</name>
         <load_address>0xe0a</load_address>
         <run_address>0xe0a</run_address>
         <size>0x7e</size>
         <input_file_ref idref="fl-71"/>
      </object_component>
      <object_component id="oc-591">
         <name>.debug_abbrev</name>
         <load_address>0xe88</load_address>
         <run_address>0xe88</run_address>
         <size>0x24</size>
         <input_file_ref idref="fl-71"/>
      </object_component>
      <object_component id="oc-5a8">
         <name>.debug_abbrev</name>
         <load_address>0xeac</load_address>
         <run_address>0xeac</run_address>
         <size>0x24</size>
         <input_file_ref idref="fl-71"/>
      </object_component>
      <object_component id="oc-55c">
         <name>.debug_abbrev</name>
         <load_address>0xed0</load_address>
         <run_address>0xed0</run_address>
         <size>0x24</size>
         <input_file_ref idref="fl-71"/>
      </object_component>
      <object_component id="oc-596">
         <name>.debug_abbrev</name>
         <load_address>0xef4</load_address>
         <run_address>0xef4</run_address>
         <size>0x4b</size>
         <input_file_ref idref="fl-71"/>
      </object_component>
      <object_component id="oc-58c">
         <name>.debug_abbrev</name>
         <load_address>0xf3f</load_address>
         <run_address>0xf3f</run_address>
         <size>0x53</size>
         <input_file_ref idref="fl-72"/>
      </object_component>
      <object_component id="oc-4b6">
         <name>.debug_abbrev</name>
         <load_address>0xf92</load_address>
         <run_address>0xf92</run_address>
         <size>0x55</size>
         <input_file_ref idref="fl-73"/>
      </object_component>
      <object_component id="oc-536">
         <name>.debug_abbrev</name>
         <load_address>0xfe7</load_address>
         <run_address>0xfe7</run_address>
         <size>0x45</size>
         <input_file_ref idref="fl-76"/>
      </object_component>
      <object_component id="oc-624">
         <name>.debug_abbrev</name>
         <load_address>0x102c</load_address>
         <run_address>0x102c</run_address>
         <size>0xf</size>
      </object_component>
      <object_component id="oc-526">
         <name>.debug_str</name>
         <load_address>0x0</load_address>
         <run_address>0x0</run_address>
         <size>0x2b2</size>
         <input_file_ref idref="fl-2"/>
      </object_component>
      <object_component id="oc-4db">
         <name>.debug_str</name>
         <load_address>0x2b2</load_address>
         <run_address>0x2b2</run_address>
         <size>0xfd</size>
         <input_file_ref idref="fl-2"/>
      </object_component>
      <object_component id="oc-4a9">
         <name>.debug_str</name>
         <load_address>0x3af</load_address>
         <run_address>0x3af</run_address>
         <size>0x337</size>
         <input_file_ref idref="fl-2"/>
      </object_component>
      <object_component id="oc-457">
         <name>.debug_str</name>
         <load_address>0x6e6</load_address>
         <run_address>0x6e6</run_address>
         <size>0x14a</size>
         <input_file_ref idref="fl-2"/>
      </object_component>
      <object_component id="oc-574">
         <name>.debug_str</name>
         <load_address>0x830</load_address>
         <run_address>0x830</run_address>
         <size>0xe4</size>
         <input_file_ref idref="fl-2"/>
      </object_component>
      <object_component id="oc-56f">
         <name>.debug_str</name>
         <load_address>0x914</load_address>
         <run_address>0x914</run_address>
         <size>0xf8</size>
         <input_file_ref idref="fl-2"/>
      </object_component>
      <object_component id="oc-4b0">
         <name>.debug_str</name>
         <load_address>0xa0c</load_address>
         <run_address>0xa0c</run_address>
         <size>0xe2</size>
         <input_file_ref idref="fl-3"/>
      </object_component>
      <object_component id="oc-3e4">
         <name>.debug_str</name>
         <load_address>0xaee</load_address>
         <run_address>0xaee</run_address>
         <size>0xfd</size>
         <input_file_ref idref="fl-3"/>
      </object_component>
      <object_component id="oc-49f">
         <name>.debug_str</name>
         <load_address>0xbeb</load_address>
         <run_address>0xbeb</run_address>
         <size>0x13f</size>
         <input_file_ref idref="fl-4"/>
      </object_component>
      <object_component id="oc-498">
         <name>.debug_str</name>
         <load_address>0xd2a</load_address>
         <run_address>0xd2a</run_address>
         <size>0x16b</size>
         <input_file_ref idref="fl-46"/>
      </object_component>
      <object_component id="oc-444">
         <name>.debug_str</name>
         <load_address>0xe95</load_address>
         <run_address>0xe95</run_address>
         <size>0x158</size>
         <input_file_ref idref="fl-46"/>
      </object_component>
      <object_component id="oc-3df">
         <name>.debug_str</name>
         <load_address>0xfed</load_address>
         <run_address>0xfed</run_address>
         <size>0x118</size>
         <input_file_ref idref="fl-46"/>
      </object_component>
      <object_component id="oc-3ef">
         <name>.debug_str</name>
         <load_address>0x1105</load_address>
         <run_address>0x1105</run_address>
         <size>0x10b</size>
         <input_file_ref idref="fl-47"/>
      </object_component>
      <object_component id="oc-470">
         <name>.debug_str</name>
         <load_address>0x1210</load_address>
         <run_address>0x1210</run_address>
         <size>0x105</size>
         <input_file_ref idref="fl-61"/>
      </object_component>
      <object_component id="oc-51f">
         <name>.debug_str</name>
         <load_address>0x1315</load_address>
         <run_address>0x1315</run_address>
         <size>0x1f9</size>
         <input_file_ref idref="fl-6f"/>
      </object_component>
      <object_component id="oc-593">
         <name>.debug_str</name>
         <load_address>0x150e</load_address>
         <run_address>0x150e</run_address>
[...]
         <value>0x54c</value>
      </symbol>
      <symbol id="sm-2ee">
         <name>UCB0RXBUF_L</name>
         <value>0x54c</value>
      </symbol>
      <symbol id="sm-2ef">
         <name>UCB0RXBUF_H</name>
         <value>0x54d</value>
      </symbol>
      <symbol id="sm-2f0">
         <name>UCB0TXBUF</name>
         <value>0x54e</value>
      </symbol>
      <symbol id="sm-2f1">
         <name>UCB0TXBUF_L</name>
         <value>0x54e</value>
      </symbol>
      <symbol id="sm-2f2">
         <name>UCB0TXBUF_H</name>
         <value>0x54f</value>
      </symbol>
      <symbol id="sm-2f3">
         <name>UCB0I2COA0</name>
         <value>0x554</value>
      </symbol>
      <symbol id="sm-2f4">
         <name>UCB0I2COA0_L</name>
         <value>0x554</value>
      </symbol>
      <symbol id="sm-2f5">
         <name>UCB0I2COA0_H</name>
         <value>0x555</value>
      </symbol>
      <symbol id="sm-2f6">
         <name>UCB0I2COA1</name>
         <value>0x556</value>
      </symbol>
      <symbol id="sm-2f7">
         <name>UCB0I2COA1_L</name>
         <value>0x556</value>
      </symbol>
      <symbol id="sm-2f8">
         <name>UCB0I2COA1_H</name>
         <value>0x557</value>
      </symbol>
      <symbol id="sm-2f9">
         <name>UCB0I2COA2</name>
         <value>0x558</value>
      </symbol>
      <symbol id="sm-2fa">
         <name>UCB0I2COA2_L</name>
         <value>0x558</value>
      </symbol>
      <symbol id="sm-2fb">
         <name>UCB0I2COA2_H</name>
         <value>0x559</value>
      </symbol>
      <symbol id="sm-2fc">
         <name>UCB0I2COA3</name>
         <value>0x55a</value>
      </symbol>
      <symbol id="sm-2fd">
         <name>UCB0I2COA3_L</name>
         <value>0x55a</value>
      </symbol>
      <symbol id="sm-2fe">
         <name>UCB0I2COA3_H</name>
         <value>0x55b</value>
      </symbol>
      <symbol id="sm-2ff">
         <name>UCB0ADDRX</name>
         <value>0x55c</value>
      </symbol>
      <symbol id="sm-300">
         <name>UCB0ADDRX_L</name>
         <value>0x55c</value>
      </symbol>
      <symbol id="sm-301">
         <name>UCB0ADDRX_H</name>
         <value>0x55d</value>
      </symbol>
      <symbol id="sm-302">
         <name>UCB0ADDMASK</name>
         <value>0x55e</value>
      </symbol>
      <symbol id="sm-303">
         <name>UCB0ADDMASK_L</name>
         <value>0x55e</value>
      </symbol>
      <symbol id="sm-304">
         <name>UCB0ADDMASK_H</name>
         <value>0x55f</value>
      </symbol>
      <symbol id="sm-305">
         <name>UCB0I2CSA</name>
         <value>0x560</value>
      </symbol>
      <symbol id="sm-306">
         <name>UCB0I2CSA_L</name>
         <value>0x560</value>
      </symbol>
      <symbol id="sm-307">
         <name>UCB0I2CSA_H</name>
         <value>0x561</value>
      </symbol>
      <symbol id="sm-308">
         <name>UCB0IE</name>
         <value>0x56a</value>
      </symbol>
      <symbol id="sm-309">
         <name>UCB0IE_L</name>
         <value>0x56a</value>
      </symbol>
      <symbol id="sm-30a">
         <name>UCB0IE_H</name>
         <value>0x56b</value>
      </symbol>
      <symbol id="sm-30b">
         <name>UCB0IFG</name>
         <value>0x56c</value>
      </symbol>
      <symbol id="sm-30c">
         <name>UCB0IFG_L</name>
         <value>0x56c</value>
      </symbol>
      <symbol id="sm-30d">
         <name>UCB0IFG_H</name>
         <value>0x56d</value>
      </symbol>
      <symbol id="sm-30e">
         <name>UCB0IV</name>
         <value>0x56e</value>
      </symbol>
      <symbol id="sm-30f">
         <name>UCB0IV_L</name>
         <value>0x56e</value>
      </symbol>
      <symbol id="sm-310">
         <name>UCB0IV_H</name>
         <value>0x56f</value>
      </symbol>
      <symbol id="sm-311">
         <name>UCB1CTLW0</name>
         <value>0x580</value>
      </symbol>
      <symbol id="sm-312">
         <name>UCB1CTLW0_L</name>
         <value>0x580</value>
      </symbol>
      <symbol id="sm-313">
         <name>UCB1CTLW0_H</name>
         <value>0x581</value>
      </symbol>
      <symbol id="sm-314">
         <name>UCB1CTLW1</name>
         <value>0x582</value>
      </symbol>
      <symbol id="sm-315">
         <name>UCB1CTLW1_L</name>
         <value>0x582</value>
      </symbol>
      <symbol id="sm-316">
         <name>UCB1CTLW1_H</name>
         <value>0x583</value>
      </symbol>
      <symbol id="sm-317">
         <name>UCB1BRW</name>
         <value>0x586</value>
      </symbol>
      <symbol id="sm-318">
         <name>UCB1BRW_L</name>
         <value>0x586</value>
      </symbol>
      <symbol id="sm-319">
         <name>UCB1BRW_H</name>
         <value>0x587</value>
      </symbol>
      <symbol id="sm-31a">
         <name>UCB1STATW</name>
         <value>0x588</value>
      </symbol>
      <symbol id="sm-31b">
         <name>UCB1STATW_L</name>
         <value>0x588</value>
      </symbol>
      <symbol id="sm-31c">
         <name>UCB1STATW_H</name>
         <value>0x589</value>
      </symbol>
      <symbol id="sm-31d">
         <name>UCB1TBCNT</name>
         <value>0x58a</value>
      </symbol>
      <symbol id="sm-31e">
         <name>UCB1TBCNT_L</name>
         <value>0x58a</value>
      </symbol>
      <symbol id="sm-31f">
         <name>UCB1TBCNT_H</name>
         <value>0x58b</value>
      </symbol>
      <symbol id="sm-320">
         <name>UCB1RXBUF</name>
         <value>0x58c</value>
      </symbol>
      <symbol id="sm-321">
         <name>UCB1RXBUF_L</name>
         <value>0x58c</value>
      </symbol>
      <symbol id="sm-322">
         <name>UCB1RXBUF_H</name>
         <value>0x58d</value>
      </symbol>
      <symbol id="sm-323">
         <name>UCB1TXBUF</name>
         <value>0x58e</value>
      </symbol>
      <symbol id="sm-324">
         <name>UCB1TXBUF_L</name>
         <value>0x58e</value>
      </symbol>
      <symbol id="sm-325">
         <name>UCB1TXBUF_H</name>
         <value>0x58f</value>
      </symbol>
      <symbol id="sm-326">
         <name>UCB1I2COA0</name>
         <value>0x594</value>
      </symbol>
      <symbol id="sm-327">
         <name>UCB1I2COA0_L</name>
         <value>0x594</value>
      </symbol>
      <symbol id="sm-328">
         <name>UCB1I2COA0_H</name>
         <value>0x595</value>
      </symbol>
      <symbol id="sm-329">
         <name>UCB1I2COA1</name>
         <value>0x596</value>
      </symbol>
      <symbol id="sm-32a">
         <name>UCB1I2COA1_L</name>
         <value>0x596</value>
      </symbol>
      <symbol id="sm-32b">
         <name>UCB1I2COA1_H</name>
         <value>0x597</value>
      </symbol>
      <symbol id="sm-32c">
         <name>UCB1I2COA2</name>
         <value>0x598</value>
      </symbol>
      <symbol id="sm-32d">
         <name>UCB1I2COA2_L</name>
         <value>0x598</value>
      </symbol>
      <symbol id="sm-32e">
         <name>UCB1I2COA2_H</name>
         <value>0x599</value>
      </symbol>
      <symbol id="sm-32f">
         <name>UCB1I2COA3</name>
         <value>0x59a</value>
      </symbol>
      <symbol id="sm-330">
         <name>UCB1I2COA3_L</name>
         <value>0x59a</value>
      </symbol>
      <symbol id="sm-331">
         <name>UCB1I2COA3_H</name>
         <value>0x59b</value>
      </symbol>
      <symbol id="sm-332">
         <name>UCB1ADDRX</name>
         <value>0x59c</value>
      </symbol>
      <symbol id="sm-333">
         <name>UCB1ADDRX_L</name>
         <value>0x59c</value>
      </symbol>
      <symbol id="sm-334">
         <name>UCB1ADDRX_H</name>
         <value>0x59d</value>
      </symbol>
      <symbol id="sm-335">
         <name>UCB1ADDMASK</name>
         <value>0x59e</value>
      </symbol>
      <symbol id="sm-336">
         <name>UCB1ADDMASK_L</name>
         <value>0x59e</value>
      </symbol>
      <symbol id="sm-337">
         <name>UCB1ADDMASK_H</name>
         <value>0x59f</value>
      </symbol>
      <symbol id="sm-338">
         <name>UCB1I2CSA</name>
         <value>0x5a0</value>
      </symbol>
      <symbol id="sm-339">
         <name>UCB1I2CSA_L</name>
         <value>0x5a0</value>
      </symbol>
      <symbol id="sm-33a">
         <name>UCB1I2CSA_H</name>
         <value>0x5a1</value>
      </symbol>
      <symbol id="sm-33b">
         <name>UCB1IE</name>
         <value>0x5aa</value>
      </symbol>
      <symbol id="sm-33c">
         <name>UCB1IE_L</name>
         <value>0x5aa</value>
      </symbol>
      <symbol id="sm-33d">
         <name>UCB1IE_H</name>
         <value>0x5ab</value>
      </symbol>
      <symbol id="sm-33e">
         <name>UCB1IFG</name>
         <value>0x5ac</value>
      </symbol>
      <symbol id="sm-33f">
         <name>UCB1IFG_L</name>
         <value>0x5ac</value>
      </symbol>
      <symbol id="sm-340">
         <name>UCB1IFG_H</name>
         <value>0x5ad</value>
      </symbol>
      <symbol id="sm-341">
         <name>UCB1IV</name>
         <value>0x5ae</value>
      </symbol>
      <symbol id="sm-342">
         <name>UCB1IV_L</name>
         <value>0x5ae</value>
      </symbol>
      <symbol id="sm-343">
         <name>UCB1IV_H</name>
         <value>0x5af</value>
      </symbol>
      <symbol id="sm-344">
         <name>fram_rw_start</name>
         <value>0x8000</value>
      </symbol>
      <symbol id="sm-345">
         <name>fram_rx_start</name>
         <value>0x8000</value>
      </symbol>
      <symbol id="sm-346">
         <name>__TI_CINIT_Base</name>
         <value>0x801a</value>
      </symbol>
      <symbol id="sm-347">
         <name>__TI_CINIT_Limit</name>
         <value>0x802a</value>
      </symbol>
      <symbol id="sm-348">
         <name>__TI_CINIT_Warm</name>
         <value>0x802a</value>
      </symbol>
      <symbol id="sm-349">
         <name>__TI_Handler_Table_Base</name>
         <value>0x8000</value>
      </symbol>
      <symbol id="sm-34a">
         <name>__TI_Handler_Table_Limit</name>
         <value>0x800c</value>
      </symbol>
      <symbol id="sm-34b">
         <name>__STACK_SIZE</name>
         <value>0xa0</value>
      </symbol>
      <symbol id="sm-34c">
         <name>__STACK_END</name>
         <value>0x4000</value>
      </symbol>
      <symbol id="sm-34d">
         <name>__c_args__</name>
         <value>0xffffffff</value>
      </symbol>
      <symbol id="sm-34e">
         <name>__TI_pprof_out_hndl</name>
         <value>0xffffffff</value>
      </symbol>
      <symbol id="sm-34f">
         <name>__TI_prof_data_start</name>
         <value>0xffffffff</value>
      </symbol>
      <symbol id="sm-350">
         <name>__TI_prof_data_size</name>
         <value>0xffffffff</value>
      </symbol>
      <symbol id="sm-3ee">
         <name>init_circular_buffer</name>
         <value>0x10360</value>
         <object_component_ref idref="oc-52d"/>
      </symbol>
      <symbol id="sm-3ef">
         <name>pop_in_data</name>
         <value>0x10334</value>
         <object_component_ref idref="oc-464"/>
      </symbol>
      <symbol id="sm-3f0">
         <name>pop_out_data</name>
         <value>0x10306</value>
         <object_component_ref idref="oc-45b"/>
      </symbol>
      <symbol id="sm-41c">
         <name>TransmitIndex</name>
         <value>0x235a</value>
         <object_component_ref idref="oc-449"/>
      </symbol>
      <symbol id="sm-41d">
         <name>ReceiveBuffer</name>
         <value>0x232c</value>
         <object_component_ref idref="oc-44f"/>
      </symbol>
      <symbol id="sm-41e">
         <name>__TI_int29</name>
         <value>0xffdc</value>
         <object_component_ref idref="oc-7e"/>
      </symbol>
      <symbol id="sm-41f">
         <name>MasterMode</name>
         <value>0x2354</value>
         <object_component_ref idref="oc-449"/>
      </symbol>
      <symbol id="sm-420">
         <name>USCI_B0_ISR</name>
         <value>0x8038</value>
         <object_component_ref idref="oc-3f6"/>
      </symbol>
      <symbol id="sm-421">
         <name>TransmitBuffer</name>
         <value>0x2340</value>
         <object_component_ref idref="oc-44c"/>
      </symbol>
      <symbol id="sm-422">
         <name>TransmitRegAddr</name>
         <value>0x2356</value>
         <object_component_ref idref="oc-449"/>
      </symbol>
      <symbol id="sm-423">
         <name>TXByteCtr</name>
         <value>0x2359</value>
         <object_component_ref idref="oc-449"/>
      </symbol>
      <symbol id="sm-424">
         <name>ReceiveIndex</name>
         <value>0x2358</value>
         <object_component_ref idref="oc-449"/>
      </symbol>
      <symbol id="sm-425">
         <name>RXByteCtr</name>
         <value>0x2357</value>
         <object_component_ref idref="oc-449"/>
      </symbol>
      <symbol id="sm-43a">
         <name>main</name>
         <value>0x101d8</value>
         <object_component_ref idref="oc-478"/>
      </symbol>
      <symbol id="sm-43b">
         <name>initClockTo8MHz</name>
         <value>0x102ce</value>
         <object_component_ref idref="oc-4bd"/>
      </symbol>
      <symbol id="sm-46a">
         <name>send_msg</name>
         <value>0x10388</value>
         <object_component_ref idref="oc-4d0"/>
      </symbol>
      <symbol id="sm-46b">
         <name>__TI_int30</name>
         <value>0xffde</value>
         <object_component_ref idref="oc-7f"/>
      </symbol>
      <symbol id="sm-46c">
         <name>init_uart_drv</name>
         <value>0x10198</value>
         <object_component_ref idref="oc-4c9"/>
      </symbol>
      <symbol id="sm-46d">
         <name>USCI_A1_ISR</name>
         <value>0x811e</value>
         <object_component_ref idref="oc-3fc"/>
      </symbol>
      <symbol id="sm-483">
         <name>PMM_unlockLPM5</name>
         <value>0x103c6</value>
         <object_component_ref idref="oc-4c3"/>
      </symbol>
      <symbol id="sm-494">
         <name>WDT_A_hold</name>
         <value>0x103b0</value>
         <object_component_ref idref="oc-4b7"/>
      </symbol>
      <symbol id="sm-4b5">
         <name>__TI_decompress_lzss</name>
         <value>0x10000</value>
         <object_component_ref idref="oc-69"/>
      </symbol>
      <symbol id="sm-4c6">
         <name>__TI_decompress_none</name>
         <value>0x10292</value>
         <object_component_ref idref="oc-6f"/>
      </symbol>
      <symbol id="sm-4c9">
         <name>__TI_int20</name>
         <value>0xffca</value>
         <object_component_ref idref="oc-75"/>
      </symbol>
      <symbol id="sm-4d1">
         <name>__TI_ISR_TRAP</name>
         <value>0x818a</value>
         <object_component_ref idref="oc-3f1"/>
      </symbol>
      <symbol id="sm-4d4">
         <name>__TI_int21</name>
         <value>0xffcc</value>
         <object_component_ref idref="oc-76"/>
      </symbol>
      <symbol id="sm-4d7">
         <name>__TI_int22</name>
         <value>0xffce</value>
         <object_component_ref idref="oc-77"/>
      </symbol>
      <symbol id="sm-4da">
         <name>__TI_int23</name>
         <value>0xffd0</value>
         <object_component_ref idref="oc-78"/>
      </symbol>
      <symbol id="sm-4dd">
         <name>__TI_int24</name>
         <value>0xffd2</value>
         <object_component_ref idref="oc-79"/>
      </symbol>
      <symbol id="sm-4e0">
         <name>__TI_int25</name>
         <value>0xffd4</value>
         <object_component_ref idref="oc-7a"/>
      </symbol>
      <symbol id="sm-4e3">
         <name>__TI_int26</name>
         <value>0xffd6</value>
         <object_component_ref idref="oc-7b"/>
      </symbol>
      <symbol id="sm-4e6">
         <name>__TI_int27</name>
         <value>0xffd8</value>
         <object_component_ref idref="oc-7c"/>
      </symbol>
      <symbol id="sm-4e9">
         <name>__TI_int28</name>
         <value>0xffda</value>
         <object_component_ref idref="oc-7d"/>
      </symbol>
      <symbol id="sm-4ec">
         <name>__TI_int31</name>
         <value>0xffe0</value>
         <object_component_ref idref="oc-80"/>
      </symbol>
      <symbol id="sm-4ef">
         <name>__TI_int32</name>
         <value>0xffe2</value>
         <object_component_ref idref="oc-81"/>
      </symbol>
      <symbol id="sm-4f2">
         <name>__TI_int33</name>
         <value>0xffe4</value>
         <object_component_ref idref="oc-82"/>
      </symbol>
      <symbol id="sm-4f5">
         <name>__TI_int34</name>
         <value>0xffe6</value>
         <object_component_ref idref="oc-83"/>
      </symbol>
      <symbol id="sm-4f8">
         <name>__TI_int35</name>
         <value>0xffe8</value>
         <object_component_ref idref="oc-84"/>
      </symbol>
      <symbol id="sm-4fb">
         <name>__TI_int36</name>
         <value>0xffea</value>
         <object_component_ref idref="oc-85"/>
      </symbol>
      <symbol id="sm-4fe">
         <name>__TI_int37</name>
         <value>0xffec</value>
         <object_component_ref idref="oc-86"/>
      </symbol>
      <symbol id="sm-501">
         <name>__TI_int38</name>
         <value>0xffee</value>
         <object_component_ref idref="oc-87"/>
      </symbol>
      <symbol id="sm-504">
         <name>__TI_int39</name>
         <value>0xfff0</value>
         <object_component_ref idref="oc-88"/>
      </symbol>
      <symbol id="sm-507">
         <name>__TI_int40</name>
         <value>0xfff2</value>
         <object_component_ref idref="oc-89"/>
      </symbol>
      <symbol id="sm-50a">
         <name>__TI_int41</name>
         <value>0xfff4</value>
         <object_component_ref idref="oc-8a"/>
      </symbol>
      <symbol id="sm-50d">
         <name>__TI_int42</name>
         <value>0xfff6</value>
         <object_component_ref idref="oc-8b"/>
      </symbol>
      <symbol id="sm-510">
         <name>__TI_int43</name>
         <value>0xfff8</value>
         <object_component_ref idref="oc-8c"/>
      </symbol>
      <symbol id="sm-513">
         <name>__TI_int44</name>
         <value>0xfffa</value>
         <object_component_ref idref="oc-8d"/>
      </symbol>
      <symbol id="sm-516">
         <name>__TI_int45</name>
         <value>0xfffc</value>
         <object_component_ref idref="oc-8e"/>
      </symbol>
      <symbol id="sm-526">
         <name>__TI_zero_init_nomemset</name>
         <value>0x10218</value>
         <object_component_ref idref="oc-402"/>
      </symbol>
      <symbol id="sm-531">
         <name>__memcpy_far</name>
         <value>0x10158</value>
         <object_component_ref idref="oc-3e5"/>
      </symbol>
      <symbol id="sm-54c">
         <name>_c_int00_noargs_mpu</name>
         <value>0x816a</value>
         <object_component_ref idref="oc-42c"/>
      </symbol>
      <symbol id="sm-54d">
         <name>_stack</name>
         <value>0x3f60</value>
         <object_component_ref idref="oc-3d6"/>
      </symbol>
      <symbol id="sm-54e">
         <name>_reset_vector</name>
         <value>0xfffe</value>
         <object_component_ref idref="oc-3d9"/>
      </symbol>
      <symbol id="sm-55c">
         <name>__mpu_init</name>
         <value>0x10256</value>
         <object_component_ref idref="oc-48a"/>
      </symbol>
      <symbol id="sm-57f">
         <name>__TI_auto_init_nobinit_nopinit_hold_wdt</name>
         <value>0x100ee</value>
         <object_component_ref idref="oc-500"/>
      </symbol>
      <symbol id="sm-588">
         <name>_system_post_cinit</name>
         <value>0x103d6</value>
         <object_component_ref idref="oc-548"/>
      </symbol>
      <symbol id="sm-591">
         <name>_system_pre_init</name>
         <value>0x103d2</value>
         <object_component_ref idref="oc-472"/>
      </symbol>
      <symbol id="sm-59d">
         <name>C$$EXIT</name>
         <value>0x103cc</value>
         <object_component_ref idref="oc-4dc"/>
      </symbol>
      <symbol id="sm-59e">
         <name>abort</name>
         <value>0x103cc</value>
         <object_component_ref idref="oc-4dc"/>
      </symbol>
   </symbol_table>
   <title>Link successful</title>
</link_info>
