<?xml version="1.0" encoding="ISO-8859-1" ?>
<link_info>
   <banner>MSP430 Linker PC v21.6.1.LTS</banner>
   <copyright>Copyright (c) 2003-2018 Texas Instruments Incorporated</copyright>
   <link_time>0x6a86ddc0</link_time>
   <link_errors>0x0</link_errors>
   <output_file>Blink LED.out</output_file>
   <entry_point>
      <name>_c_int00_noargs_mpu</name>
      <address>0x8154</address>
   </entry_point>
   <input_file_list>
      <input_file id="fl-2">
         <path>.\</path>
         <kind>object</kind>
         <file>RAK_driver.obj</file>
         <name>RAK_driver.obj</name>
      </input_file>
      <input_file id="fl-3">
         <path>.\</path>
         <kind>object</kind>
         <file>auxfuncs.obj</file>
         <name>auxfuncs.obj</name>
      </input_file>
      <input_file id="fl-4">
         <path>.\</path>
         <kind>object</kind>
         <file>circular_buffer.obj</file>
         <name>circular_buffer.obj</name>
      </input_file>
      <input_file id="fl-5">
         <path>.\</path>
         <kind>object</kind>
         <file>i2c_driver.obj</file>
         <name>i2c_driver.obj</name>
      </input_file>
      <input_file id="fl-6">
         <path>.\</path>
         <kind>object</kind>
         <file>low_power_manager.obj</file>
         <name>low_power_manager.obj</name>
      </input_file>
      <input_file id="fl-7">
         <path>.\</path>
         <kind>object</kind>
         <file>main.obj</file>
         <name>main.obj</name>
      </input_file>
      <input_file id="fl-8">
         <path>.\</path>
         <kind>object</kind>
         <file>sensor_board.obj</file>
         <name>sensor_board.obj</name>
      </input_file>
      <input_file id="fl-9">
         <path>.\</path>
         <kind>object</kind>
         <file>sensor_communication.obj</file>
         <name>sensor_communication.obj</name>
      </input_file>
      <input_file id="fl-a">
         <path>.\</path>
         <kind>object</kind>
         <file>supervisor.obj</file>
         <name>supervisor.obj</name>
      </input_file>
      <input_file id="fl-b">
         <path>.\</path>
         <kind>object</kind>
         <file>uart_drv.obj</file>
         <name>uart_drv.obj</name>
      </input_file>
      <input_file id="fl-c">
         <path>.\driverlib\MSP430FR2xx_4xx\</path>
         <kind>object</kind>
         <file>adc.obj</file>
         <name>adc.obj</name>
      </input_file>
      <input_file id="fl-d">
         <path>.\driverlib\MSP430FR2xx_4xx\</path>
         <kind>object</kind>
         <file>crc.obj</file>
         <name>crc.obj</name>
      </input_file>
      <input_file id="fl-e">
         <path>.\driverlib\MSP430FR2xx_4xx\</path>
         <kind>object</kind>
         <file>cs.obj</file>
         <name>cs.obj</name>
      </input_file>
      <input_file id="fl-f">
         <path>.\driverlib\MSP430FR2xx_4xx\</path>
         <kind>object</kind>
         <file>ecomp.obj</file>
         <name>ecomp.obj</name>
      </input_file>
      <input_file id="fl-10">
         <path>.\driverlib\MSP430FR2xx_4xx\</path>
         <kind>object</kind>
         <file>eusci_a_spi.obj</file>
         <name>eusci_a_spi.obj</name>
      </input_file>
      <input_file id="fl-11">
         <path>.\driverlib\MSP430FR2xx_4xx\</path>
         <kind>object</kind>
         <file>eusci_a_uart.obj</file>
         <name>eusci_a_uart.obj</name>
      </input_file>
      <input_file id="fl-12">
         <path>.\driverlib\MSP430FR2xx_4xx\</path>
         <kind>object</kind>
         <file>eusci_b_i2c.obj</file>
         <name>eusci_b_i2c.obj</name>
      </input_file>
      <input_file id="fl-13">
         <path>.\driverlib\MSP430FR2xx_4xx\</path>
         <kind>object</kind>
         <file>eusci_b_spi.obj</file>
         <name>eusci_b_spi.obj</name>
      </input_file>
      <input_file id="fl-14">
         <path>.\driverlib\MSP430FR2xx_4xx\</path>
         <kind>object</kind>
         <file>framctl.obj</file>
         <name>framctl.obj</name>
      </input_file>
      <input_file id="fl-15">
         <path>.\driverlib\MSP430FR2xx_4xx\</path>
         <kind>object</kind>
         <file>gpio.obj</file>
         <name>gpio.obj</name>
      </input_file>
      <input_file id="fl-16">
         <path>.\driverlib\MSP430FR2xx_4xx\</path>
         <kind>object</kind>
         <file>icc.obj</file>
         <name>icc.obj</name>
      </input_file>
      <input_file id="fl-17">
         <path>.\driverlib\MSP430FR2xx_4xx\</path>
         <kind>object</kind>
         <file>lcd_e.obj</file>
         <name>lcd_e.obj</name>
      </input_file>
      <input_file id="fl-18">
         <path>.\driverlib\MSP430FR2xx_4xx\</path>
         <kind>object</kind>
         <file>mpy32.obj</file>
         <name>mpy32.obj</name>
      </input_file>
      <input_file id="fl-19">
         <path>.\driverlib\MSP430FR2xx_4xx\</path>
         <kind>object</kind>
         <file>pmm.obj</file>
         <name>pmm.obj</name>
      </input_file>
      <input_file id="fl-1a">
         <path>.\driverlib\MSP430FR2xx_4xx\</path>
         <kind>object</kind>
         <file>rtc.obj</file>
         <name>rtc.obj</name>
      </input_file>
      <input_file id="fl-1b">
         <path>.\driverlib\MSP430FR2xx_4xx\</path>
         <kind>object</kind>
         <file>sac.obj</file>
         <name>sac.obj</name>
      </input_file>
      <input_file id="fl-1c">
         <path>.\driverlib\MSP430FR2xx_4xx\</path>
         <kind>object</kind>
         <file>sfr.obj</file>
         <name>sfr.obj</name>
      </input_file>
      <input_file id="fl-1d">
         <path>.\driverlib\MSP430FR2xx_4xx\</path>
         <kind>object</kind>
         <file>sysctl.obj</file>
         <name>sysctl.obj</name>
      </input_file>
      <input_file id="fl-1e">
         <path>.\driverlib\MSP430FR2xx_4xx\</path>
         <kind>object</kind>
         <file>tia.obj</file>
         <name>tia.obj</name>
      </input_file>
      <input_file id="fl-1f">
         <path>.\driverlib\MSP430FR2xx_4xx\</path>
         <kind>object</kind>
         <file>timer_a.obj</file>
         <name>timer_a.obj</name>
      </input_file>
      <input_file id="fl-20">
         <path>.\driverlib\MSP430FR2xx_4xx\</path>
         <kind>object</kind>
         <file>timer_b.obj</file>
         <name>timer_b.obj</name>
      </input_file>
      <input_file id="fl-21">
         <path>.\driverlib\MSP430FR2xx_4xx\</path>
         <kind>object</kind>
         <file>tlv.obj</file>
         <name>tlv.obj</name>
      </input_file>
      <input_file id="fl-22">
         <path>.\driverlib\MSP430FR2xx_4xx\</path>
         <kind>object</kind>
         <file>wdt_a.obj</file>
         <name>wdt_a.obj</name>
      </input_file>
      <input_file id="fl-29">
         <kind>object</kind>
         <file>&lt;internal&gt;</file>
         <name>&lt;internal&gt;</name>
      </input_file>
      <input_file id="fl-49">
         <path>C:\ti\ccs2050\ccs\tools\compiler\ti-cgt-msp430_21.6.1.LTS\lib\</path>
         <kind>archive</kind>
         <file>rts430x_lc_sd_eabi.lib</file>
         <name>copy_decompress_lzss.c.obj</name>
      </input_file>
      <input_file id="fl-4a">
         <path>C:\ti\ccs2050\ccs\tools\compiler\ti-cgt-msp430_21.6.1.LTS\lib\</path>
         <kind>archive</kind>
         <file>rts430x_lc_sd_eabi.lib</file>
         <name>copy_decompress_none.c.obj</name>
      </input_file>
      <input_file id="fl-4b">
         <path>C:\ti\ccs2050\ccs\tools\compiler\ti-cgt-msp430_21.6.1.LTS\lib\</path>
         <kind>archive</kind>
         <file>rts430x_lc_sd_eabi.lib</file>
         <name>int20.asm.obj</name>
      </input_file>
      <input_file id="fl-4c">
         <path>C:\ti\ccs2050\ccs\tools\compiler\ti-cgt-msp430_21.6.1.LTS\lib\</path>
         <kind>archive</kind>
         <file>rts430x_lc_sd_eabi.lib</file>
         <name>isr_trap.asm.obj</name>
      </input_file>
      <input_file id="fl-4d">
         <path>C:\ti\ccs2050\ccs\tools\compiler\ti-cgt-msp430_21.6.1.LTS\lib\</path>
         <kind>archive</kind>
         <file>rts430x_lc_sd_eabi.lib</file>
         <name>int21.asm.obj</name>
      </input_file>
      <input_file id="fl-4e">
         <path>C:\ti\ccs2050\ccs\tools\compiler\ti-cgt-msp430_21.6.1.LTS\lib\</path>
         <kind>archive</kind>
         <file>rts430x_lc_sd_eabi.lib</file>
         <name>int22.asm.obj</name>
      </input_file>
      <input_file id="fl-4f">
         <path>C:\ti\ccs2050\ccs\tools\compiler\ti-cgt-msp430_21.6.1.LTS\lib\</path>
         <kind>archive</kind>
         <file>rts430x_lc_sd_eabi.lib</file>
         <name>int23.asm.obj</name>
      </input_file>
      <input_file id="fl-50">
         <path>C:\ti\ccs2050\ccs\tools\compiler\ti-cgt-msp430_21.6.1.LTS\lib\</path>
         <kind>archive</kind>
         <file>rts430x_lc_sd_eabi.lib</file>
         <name>int24.asm.obj</name>
      </input_file>
      <input_file id="fl-51">
         <path>C:\ti\ccs2050\ccs\tools\compiler\ti-cgt-msp430_21.6.1.LTS\lib\</path>
         <kind>archive</kind>
         <file>rts430x_lc_sd_eabi.lib</file>
         <name>int25.asm.obj</name>
      </input_file>
      <input_file id="fl-52">
         <path>C:\ti\ccs2050\ccs\tools\compiler\ti-cgt-msp430_21.6.1.LTS\lib\</path>
         <kind>archive</kind>
         <file>rts430x_lc_sd_eabi.lib</file>
         <name>int26.asm.obj</name>
      </input_file>
      <input_file id="fl-53">
         <path>C:\ti\ccs2050\ccs\tools\compiler\ti-cgt-msp430_21.6.1.LTS\lib\</path>
         <kind>archive</kind>
         <file>rts430x_lc_sd_eabi.lib</file>
         <name>int27.asm.obj</name>
      </input_file>
      <input_file id="fl-54">
         <path>C:\ti\ccs2050\ccs\tools\compiler\ti-cgt-msp430_21.6.1.LTS\lib\</path>
         <kind>archive</kind>
         <file>rts430x_lc_sd_eabi.lib</file>
         <name>int28.asm.obj</name>
      </input_file>
      <input_file id="fl-55">
         <path>C:\ti\ccs2050\ccs\tools\compiler\ti-cgt-msp430_21.6.1.LTS\lib\</path>
         <kind>archive</kind>
         <file>rts430x_lc_sd_eabi.lib</file>
         <name>int29.asm.obj</name>
      </input_file>
      <input_file id="fl-56">
         <path>C:\ti\ccs2050\ccs\tools\compiler\ti-cgt-msp430_21.6.1.LTS\lib\</path>
         <kind>archive</kind>
         <file>rts430x_lc_sd_eabi.lib</file>
         <name>int30.asm.obj</name>
      </input_file>
      <input_file id="fl-57">
         <path>C:\ti\ccs2050\ccs\tools\compiler\ti-cgt-msp430_21.6.1.LTS\lib\</path>
         <kind>archive</kind>
         <file>rts430x_lc_sd_eabi.lib</file>
         <name>int32.asm.obj</name>
      </input_file>
      <input_file id="fl-58">
         <path>C:\ti\ccs2050\ccs\tools\compiler\ti-cgt-msp430_21.6.1.LTS\lib\</path>
         <kind>archive</kind>
         <file>rts430x_lc_sd_eabi.lib</file>
         <name>int34.asm.obj</name>
      </input_file>
      <input_file id="fl-59">
         <path>C:\ti\ccs2050\ccs\tools\compiler\ti-cgt-msp430_21.6.1.LTS\lib\</path>
         <kind>archive</kind>
         <file>rts430x_lc_sd_eabi.lib</file>
         <name>int35.asm.obj</name>
      </input_file>
      <input_file id="fl-5a">
         <path>C:\ti\ccs2050\ccs\tools\compiler\ti-cgt-msp430_21.6.1.LTS\lib\</path>
         <kind>archive</kind>
         <file>rts430x_lc_sd_eabi.lib</file>
         <name>int36.asm.obj</name>
      </input_file>
      <input_file id="fl-5b">
         <path>C:\ti\ccs2050\ccs\tools\compiler\ti-cgt-msp430_21.6.1.LTS\lib\</path>
         <kind>archive</kind>
         <file>rts430x_lc_sd_eabi.lib</file>
         <name>int37.asm.obj</name>
      </input_file>
      <input_file id="fl-5c">
         <path>C:\ti\ccs2050\ccs\tools\compiler\ti-cgt-msp430_21.6.1.LTS\lib\</path>
         <kind>archive</kind>
         <file>rts430x_lc_sd_eabi.lib</file>
         <name>int38.asm.obj</name>
      </input_file>
      <input_file id="fl-5d">
         <path>C:\ti\ccs2050\ccs\tools\compiler\ti-cgt-msp430_21.6.1.LTS\lib\</path>
         <kind>archive</kind>
         <file>rts430x_lc_sd_eabi.lib</file>
         <name>int39.asm.obj</name>
      </input_file>
      <input_file id="fl-5e">
         <path>C:\ti\ccs2050\ccs\tools\compiler\ti-cgt-msp430_21.6.1.LTS\lib\</path>
         <kind>archive</kind>
         <file>rts430x_lc_sd_eabi.lib</file>
         <name>int40.asm.obj</name>
      </input_file>
      <input_file id="fl-5f">
         <path>C:\ti\ccs2050\ccs\tools\compiler\ti-cgt-msp430_21.6.1.LTS\lib\</path>
         <kind>archive</kind>
         <file>rts430x_lc_sd_eabi.lib</file>
         <name>int41.asm.obj</name>
      </input_file>
      <input_file id="fl-60">
         <path>C:\ti\ccs2050\ccs\tools\compiler\ti-cgt-msp430_21.6.1.LTS\lib\</path>
         <kind>archive</kind>
         <file>rts430x_lc_sd_eabi.lib</file>
         <name>int42.asm.obj</name>
      </input_file>
      <input_file id="fl-61">
         <path>C:\ti\ccs2050\ccs\tools\compiler\ti-cgt-msp430_21.6.1.LTS\lib\</path>
         <kind>archive</kind>
         <file>rts430x_lc_sd_eabi.lib</file>
         <name>int43.asm.obj</name>
      </input_file>
      <input_file id="fl-62">
         <path>C:\ti\ccs2050\ccs\tools\compiler\ti-cgt-msp430_21.6.1.LTS\lib\</path>
         <kind>archive</kind>
         <file>rts430x_lc_sd_eabi.lib</file>
         <name>int44.asm.obj</name>
      </input_file>
      <input_file id="fl-63">
         <path>C:\ti\ccs2050\ccs\tools\compiler\ti-cgt-msp430_21.6.1.LTS\lib\</path>
         <kind>archive</kind>
         <file>rts430x_lc_sd_eabi.lib</file>
         <name>int45.asm.obj</name>
      </input_file>
      <input_file id="fl-64">
         <path>C:\ti\ccs2050\ccs\tools\compiler\ti-cgt-msp430_21.6.1.LTS\lib\</path>
         <kind>archive</kind>
         <file>rts430x_lc_sd_eabi.lib</file>
         <name>copy_zero_init.c.obj</name>
      </input_file>
      <input_file id="fl-65">
         <path>C:\ti\ccs2050\ccs\tools\compiler\ti-cgt-msp430_21.6.1.LTS\lib\</path>
         <kind>archive</kind>
         <file>rts430x_lc_sd_eabi.lib</file>
         <name>cpy_util.asm.obj</name>
      </input_file>
      <input_file id="fl-66">
         <path>C:\ti\ccs2050\ccs\tools\compiler\ti-cgt-msp430_21.6.1.LTS\lib\</path>
         <kind>archive</kind>
         <file>rts430x_lc_sd_eabi.lib</file>
         <name>addd.c.obj</name>
      </input_file>
      <input_file id="fl-67">
         <path>C:\ti\ccs2050\ccs\tools\compiler\ti-cgt-msp430_21.6.1.LTS\lib\</path>
         <kind>archive</kind>
         <file>rts430x_lc_sd_eabi.lib</file>
         <name>fs_add.asm.obj</name>
      </input_file>
      <input_file id="fl-68">
         <path>C:\ti\ccs2050\ccs\tools\compiler\ti-cgt-msp430_21.6.1.LTS\lib\</path>
         <kind>archive</kind>
         <file>rts430x_lc_sd_eabi.lib</file>
         <name>cmpd.c.obj</name>
      </input_file>
      <input_file id="fl-69">
         <path>C:\ti\ccs2050\ccs\tools\compiler\ti-cgt-msp430_21.6.1.LTS\lib\</path>
         <kind>archive</kind>
         <file>rts430x_lc_sd_eabi.lib</file>
         <name>fs_cmp.asm.obj</name>
      </input_file>
      <input_file id="fl-6a">
         <path>C:\ti\ccs2050\ccs\tools\compiler\ti-cgt-msp430_21.6.1.LTS\lib\</path>
         <kind>archive</kind>
         <file>rts430x_lc_sd_eabi.lib</file>
         <name>cvtdf.c.obj</name>
      </input_file>
      <input_file id="fl-6b">
         <path>C:\ti\ccs2050\ccs\tools\compiler\ti-cgt-msp430_21.6.1.LTS\lib\</path>
         <kind>archive</kind>
         <file>rts430x_lc_sd_eabi.lib</file>
         <name>cvtfd.c.obj</name>
      </input_file>
      <input_file id="fl-6c">
         <path>C:\ti\ccs2050\ccs\tools\compiler\ti-cgt-msp430_21.6.1.LTS\lib\</path>
         <kind>archive</kind>
         <file>rts430x_lc_sd_eabi.lib</file>
         <name>fs_div.asm.obj</name>
      </input_file>
      <input_file id="fl-6d">
         <path>C:\ti\ccs2050\ccs\tools\compiler\ti-cgt-msp430_21.6.1.LTS\lib\</path>
         <kind>archive</kind>
         <file>rts430x_lc_sd_eabi.lib</file>
         <name>div16s.asm.obj</name>
      </input_file>
      <input_file id="fl-6e">
         <path>C:\ti\ccs2050\ccs\tools\compiler\ti-cgt-msp430_21.6.1.LTS\lib\</path>
         <kind>archive</kind>
         <file>rts430x_lc_sd_eabi.lib</file>
         <name>div32s.asm.obj</name>
      </input_file>
      <input_file id="fl-6f">
         <path>C:\ti\ccs2050\ccs\tools\compiler\ti-cgt-msp430_21.6.1.LTS\lib\</path>
         <kind>archive</kind>
         <file>rts430x_lc_sd_eabi.lib</file>
         <name>div64s.c.obj</name>
      </input_file>
      <input_file id="fl-70">
         <path>C:\ti\ccs2050\ccs\tools\compiler\ti-cgt-msp430_21.6.1.LTS\lib\</path>
         <kind>archive</kind>
         <file>rts430x_lc_sd_eabi.lib</file>
         <name>div16u.asm.obj</name>
      </input_file>
      <input_file id="fl-71">
         <path>C:\ti\ccs2050\ccs\tools\compiler\ti-cgt-msp430_21.6.1.LTS\lib\</path>
         <kind>archive</kind>
         <file>rts430x_lc_sd_eabi.lib</file>
         <name>div32u.asm.obj</name>
      </input_file>
      <input_file id="fl-72">
         <path>C:\ti\ccs2050\ccs\tools\compiler\ti-cgt-msp430_21.6.1.LTS\lib\</path>
         <kind>archive</kind>
         <file>rts430x_lc_sd_eabi.lib</file>
         <name>div64u.c.obj</name>
      </input_file>
      <input_file id="fl-73">
         <path>C:\ti\ccs2050\ccs\tools\compiler\ti-cgt-msp430_21.6.1.LTS\lib\</path>
         <kind>archive</kind>
         <file>rts430x_lc_sd_eabi.lib</file>
         <name>fltid.c.obj</name>
      </input_file>
      <input_file id="fl-74">
         <path>C:\ti\ccs2050\ccs\tools\compiler\ti-cgt-msp430_21.6.1.LTS\lib\</path>
         <kind>archive</kind>
         <file>rts430x_lc_sd_eabi.lib</file>
         <name>fltlid.c.obj</name>
      </input_file>
      <input_file id="fl-75">
         <path>C:\ti\ccs2050\ccs\tools\compiler\ti-cgt-msp430_21.6.1.LTS\lib\</path>
         <kind>archive</kind>
         <file>rts430x_lc_sd_eabi.lib</file>
         <name>mpyd.c.obj</name>
      </input_file>
      <input_file id="fl-76">
         <path>C:\ti\ccs2050\ccs\tools\compiler\ti-cgt-msp430_21.6.1.LTS\lib\</path>
         <kind>archive</kind>
         <file>rts430x_lc_sd_eabi.lib</file>
         <name>frcmpyd.c.obj</name>
      </input_file>
      <input_file id="fl-77">
         <path>C:\ti\ccs2050\ccs\tools\compiler\ti-cgt-msp430_21.6.1.LTS\lib\</path>
         <kind>archive</kind>
         <file>rts430x_lc_sd_eabi.lib</file>
         <name>mult16.asm.obj</name>
      </input_file>
      <input_file id="fl-78">
         <path>C:\ti\ccs2050\ccs\tools\compiler\ti-cgt-msp430_21.6.1.LTS\lib\</path>
         <kind>archive</kind>
         <file>rts430x_lc_sd_eabi.lib</file>
         <name>mult16_f5hw.asm.obj</name>
      </input_file>
      <input_file id="fl-79">
         <path>C:\ti\ccs2050\ccs\tools\compiler\ti-cgt-msp430_21.6.1.LTS\lib\</path>
         <kind>archive</kind>
         <file>rts430x_lc_sd_eabi.lib</file>
         <name>mult32.asm.obj</name>
      </input_file>
      <input_file id="fl-7a">
         <path>C:\ti\ccs2050\ccs\tools\compiler\ti-cgt-msp430_21.6.1.LTS\lib\</path>
         <kind>archive</kind>
         <file>rts430x_lc_sd_eabi.lib</file>
         <name>mult32_f5hw.asm.obj</name>
      </input_file>
      <input_file id="fl-7b">
         <path>C:\ti\ccs2050\ccs\tools\compiler\ti-cgt-msp430_21.6.1.LTS\lib\</path>
         <kind>archive</kind>
         <file>rts430x_lc_sd_eabi.lib</file>
         <name>mult64.asm.obj</name>
      </input_file>
      <input_file id="fl-7c">
         <path>C:\ti\ccs2050\ccs\tools\compiler\ti-cgt-msp430_21.6.1.LTS\lib\</path>
         <kind>archive</kind>
         <file>rts430x_lc_sd_eabi.lib</file>
         <name>mult64_f5hw.asm.obj</name>
      </input_file>
      <input_file id="fl-7d">
         <path>C:\ti\ccs2050\ccs\tools\compiler\ti-cgt-msp430_21.6.1.LTS\lib\</path>
         <kind>archive</kind>
         <file>rts430x_lc_sd_eabi.lib</file>
         <name>mult1632_f5hw.asm.obj</name>
      </input_file>
      <input_file id="fl-7e">
         <path>C:\ti\ccs2050\ccs\tools\compiler\ti-cgt-msp430_21.6.1.LTS\lib\</path>
         <kind>archive</kind>
         <file>rts430x_lc_sd_eabi.lib</file>
         <name>mult3264_f5hw.asm.obj</name>
      </input_file>
      <input_file id="fl-7f">
         <path>C:\ti\ccs2050\ccs\tools\compiler\ti-cgt-msp430_21.6.1.LTS\lib\</path>
         <kind>archive</kind>
         <file>rts430x_lc_sd_eabi.lib</file>
         <name>mult1632.asm.obj</name>
      </input_file>
      <input_file id="fl-80">
         <path>C:\ti\ccs2050\ccs\tools\compiler\ti-cgt-msp430_21.6.1.LTS\lib\</path>
         <kind>archive</kind>
         <file>rts430x_lc_sd_eabi.lib</file>
         <name>mult3264.asm.obj</name>
      </input_file>
      <input_file id="fl-81">
         <path>C:\ti\ccs2050\ccs\tools\compiler\ti-cgt-msp430_21.6.1.LTS\lib\</path>
         <kind>archive</kind>
         <file>rts430x_lc_sd_eabi.lib</file>
         <name>lsl16.asm.obj</name>
      </input_file>
      <input_file id="fl-82">
         <path>C:\ti\ccs2050\ccs\tools\compiler\ti-cgt-msp430_21.6.1.LTS\lib\</path>
         <kind>archive</kind>
         <file>rts430x_lc_sd_eabi.lib</file>
         <name>lsl32.asm.obj</name>
      </input_file>
      <input_file id="fl-83">
         <path>C:\ti\ccs2050\ccs\tools\compiler\ti-cgt-msp430_21.6.1.LTS\lib\</path>
         <kind>archive</kind>
         <file>rts430x_lc_sd_eabi.lib</file>
         <name>lsl64.c.obj</name>
      </input_file>
      <input_file id="fl-84">
         <path>C:\ti\ccs2050\ccs\tools\compiler\ti-cgt-msp430_21.6.1.LTS\lib\</path>
         <kind>archive</kind>
         <file>rts430x_lc_sd_eabi.lib</file>
         <name>asr32.asm.obj</name>
      </input_file>
      <input_file id="fl-85">
         <path>C:\ti\ccs2050\ccs\tools\compiler\ti-cgt-msp430_21.6.1.LTS\lib\</path>
         <kind>archive</kind>
         <file>rts430x_lc_sd_eabi.lib</file>
         <name>asr64.c.obj</name>
      </input_file>
      <input_file id="fl-86">
         <path>C:\ti\ccs2050\ccs\tools\compiler\ti-cgt-msp430_21.6.1.LTS\lib\</path>
         <kind>archive</kind>
         <file>rts430x_lc_sd_eabi.lib</file>
         <name>lsr32.asm.obj</name>
      </input_file>
      <input_file id="fl-87">
         <path>C:\ti\ccs2050\ccs\tools\compiler\ti-cgt-msp430_21.6.1.LTS\lib\</path>
         <kind>archive</kind>
         <file>rts430x_lc_sd_eabi.lib</file>
         <name>lsr64.c.obj</name>
      </input_file>
      <input_file id="fl-88">
         <path>C:\ti\ccs2050\ccs\tools\compiler\ti-cgt-msp430_21.6.1.LTS\lib\</path>
         <kind>archive</kind>
         <file>rts430x_lc_sd_eabi.lib</file>
         <name>subd.c.obj</name>
      </input_file>
      <input_file id="fl-89">
         <path>C:\ti\ccs2050\ccs\tools\compiler\ti-cgt-msp430_21.6.1.LTS\lib\</path>
         <kind>archive</kind>
         <file>rts430x_lc_sd_eabi.lib</file>
         <name>boot.c.obj</name>
      </input_file>
      <input_file id="fl-8a">
         <path>C:\ti\ccs2050\ccs\ccs_base\msp430\lib\FR2xx\</path>
         <kind>archive</kind>
         <file>FRWP_INIT_LIB_CCS_msp430_large_code_small_data.lib</file>
         <name>frwp_init.obj</name>
      </input_file>
      <input_file id="fl-8b">
         <path>C:\ti\ccs2050\ccs\tools\compiler\ti-cgt-msp430_21.6.1.LTS\lib\</path>
         <kind>archive</kind>
         <file>rts430x_lc_sd_eabi.lib</file>
         <name>args_main.c.obj</name>
      </input_file>
      <input_file id="fl-8c">
         <path>C:\ti\ccs2050\ccs\tools\compiler\ti-cgt-msp430_21.6.1.LTS\lib\</path>
         <kind>archive</kind>
         <file>rts430x_lc_sd_eabi.lib</file>
         <name>autoinit.c.obj</name>
      </input_file>
      <input_file id="fl-8d">
         <path>C:\ti\ccs2050\ccs\tools\compiler\ti-cgt-msp430_21.6.1.LTS\lib\</path>
         <kind>archive</kind>
         <file>rts430x_lc_sd_eabi.lib</file>
         <name>startup.c.obj</name>
      </input_file>
      <input_file id="fl-8e">
         <path>C:\ti\ccs2050\ccs\tools\compiler\ti-cgt-msp430_21.6.1.LTS\lib\</path>
         <kind>archive</kind>
         <file>rts430x_lc_sd_eabi.lib</file>
         <name>pre_init.c.obj</name>
      </input_file>
      <input_file id="fl-8f">
         <path>C:\ti\ccs2050\ccs\tools\compiler\ti-cgt-msp430_21.6.1.LTS\lib\</path>
         <kind>archive</kind>
         <file>rts430x_lc_sd_eabi.lib</file>
         <name>cpy_tbl.c.obj</name>
      </input_file>
      <input_file id="fl-90">
         <path>C:\ti\ccs2050\ccs\tools\compiler\ti-cgt-msp430_21.6.1.LTS\lib\</path>
         <kind>archive</kind>
         <file>rts430x_lc_sd_eabi.lib</file>
         <name>exit.c.obj</name>
      </input_file>
      <input_file id="fl-91">
         <path>C:\ti\ccs2050\ccs\tools\compiler\ti-cgt-msp430_21.6.1.LTS\lib\</path>
         <kind>archive</kind>
         <file>rts430x_lc_sd_eabi.lib</file>
         <name>exit_gvars.c.obj</name>
      </input_file>
      <input_file id="fl-92">
         <path>C:\ti\ccs2050\ccs\tools\compiler\ti-cgt-msp430_21.6.1.LTS\lib\</path>
         <kind>archive</kind>
         <file>rts430x_lc_sd_eabi.lib</file>
         <name>_lock.c.obj</name>
      </input_file>
      <input_file id="fl-93">
         <path>C:\ti\ccs2050\ccs\tools\compiler\ti-cgt-msp430_21.6.1.LTS\lib\</path>
         <kind>archive</kind>
         <file>rts430x_lc_sd_eabi.lib</file>
         <name>llabs.c.obj</name>
      </input_file>
      <input_file id="fl-94">
         <path>C:\ti\ccs2050\ccs\tools\compiler\ti-cgt-msp430_21.6.1.LTS\lib\</path>
         <kind>archive</kind>
         <file>rts430x_lc_sd_eabi.lib</file>
         <name>memcpy.c.obj</name>
      </input_file>
      <input_file id="fl-95">
         <path>C:\ti\ccs2050\ccs\tools\compiler\ti-cgt-msp430_21.6.1.LTS\lib\</path>
         <kind>archive</kind>
         <file>rts430x_lc_sd_eabi.lib</file>
         <name>memset.c.obj</name>
      </input_file>
      <input_file id="fl-96">
         <path>C:\ti\ccs2050\ccs\tools\compiler\ti-cgt-msp430_21.6.1.LTS\lib\</path>
         <kind>archive</kind>
         <file>rts430x_lc_sd_eabi.lib</file>
         <name>strcpy.c.obj</name>
      </input_file>
      <input_file id="fl-97">
         <path>C:\ti\ccs2050\ccs\tools\compiler\ti-cgt-msp430_21.6.1.LTS\lib\</path>
         <kind>archive</kind>
         <file>rts430x_lc_sd_eabi.lib</file>
         <name>strlen.c.obj</name>
      </input_file>
      <input_file id="fl-98">
         <path>C:\ti\ccs2050\ccs\tools\compiler\ti-cgt-msp430_21.6.1.LTS\lib\</path>
         <kind>archive</kind>
         <file>rts430x_lc_sd_eabi.lib</file>
         <name>strstr.c.obj</name>
      </input_file>
   </input_file_list>
   <object_component_list>
      <object_component id="oc-7ec">
         <name>__TI_handler_table</name>
         <load_address>0x8000</load_address>
         <run_address>0x8000</run_address>
         <size>0xc</size>
      </object_component>
      <object_component id="oc-7ef">
         <name>.cinit..data.load</name>
         <load_address>0x800c</load_address>
         <run_address>0x800c</run_address>
         <size>0x9</size>
      </object_component>
      <object_component id="oc-7ee">
         <name>.cinit..bss.load</name>
         <load_address>0x8016</load_address>
         <run_address>0x8016</run_address>
         <size>0x6</size>
      </object_component>
      <object_component id="oc-7ed">
         <name>__TI_cinit_table</name>
         <load_address>0x801c</load_address>
         <run_address>0x801c</run_address>
         <size>0x10</size>
      </object_component>
      <object_component id="oc-78b">
         <name>.binit</name>
         <load_address>0x802c</load_address>
         <run_address>0x802c</run_address>
         <size>0x0</size>
      </object_component>
      <object_component id="oc-599">
         <name>.const:.string</name>
         <load_address>0x802c</load_address>
         <run_address>0x802c</run_address>
         <size>0xa4</size>
         <input_file_ref idref="fl-2"/>
      </object_component>
      <object_component id="oc-5d1">
         <name>.const:.string</name>
         <load_address>0x80d0</load_address>
         <run_address>0x80d0</run_address>
         <size>0x2a</size>
         <input_file_ref idref="fl-7"/>
      </object_component>
      <object_component id="oc-74b">
         <name>.const:GPIO_PORT_TO_BASE</name>
         <load_address>0x80fa</load_address>
         <run_address>0x80fa</run_address>
         <size>0x1c</size>
         <input_file_ref idref="fl-15"/>
      </object_component>
      <object_component id="oc-3f6">
         <name>.text:_isr:USCI_A0_ISR</name>
         <load_address>0x8116</load_address>
         <run_address>0x8116</run_address>
         <size>0x3e</size>
         <input_file_ref idref="fl-b"/>
      </object_component>
      <object_component id="oc-42c">
         <name>.text:_isr:_c_int00_noargs_mpu</name>
         <load_address>0x8154</load_address>
         <run_address>0x8154</run_address>
         <size>0x20</size>
         <input_file_ref idref="fl-89"/>
      </object_component>
      <object_component id="oc-3fc">
         <name>.text:_isr:RTC_ISR</name>
         <load_address>0x8174</load_address>
         <run_address>0x8174</run_address>
         <size>0xe</size>
         <input_file_ref idref="fl-6"/>
      </object_component>
      <object_component id="oc-3f1">
         <name>.text:_isr:__TI_ISR_TRAP</name>
         <load_address>0x8182</load_address>
         <run_address>0x8182</run_address>
         <size>0x8</size>
         <input_file_ref idref="fl-4c"/>
      </object_component>
      <object_component id="oc-4d9">
         <name>.text:__mspabi_addd</name>
         <load_address>0x10000</load_address>
         <run_address>0x10000</run_address>
         <size>0x72a</size>
         <input_file_ref idref="fl-66"/>
      </object_component>
      <object_component id="oc-708">
         <name>.text:__mspabi_divull</name>
         <load_address>0x1072a</load_address>
         <run_address>0x1072a</run_address>
         <size>0x34e</size>
         <input_file_ref idref="fl-72"/>
      </object_component>
      <object_component id="oc-4d3">
         <name>.text:__mspabi_mpyd</name>
         <load_address>0x10a78</load_address>
         <run_address>0x10a78</run_address>
         <size>0x292</size>
         <input_file_ref idref="fl-75"/>
      </object_component>
      <object_component id="oc-46a">
         <name>.text:main</name>
         <load_address>0x10d0a</load_address>
         <run_address>0x10d0a</run_address>
         <size>0x25a</size>
         <input_file_ref idref="fl-7"/>
      </object_component>
      <object_component id="oc-505">
         <name>.text:collect_sample</name>
         <load_address>0x10f64</load_address>
         <run_address>0x10f64</run_address>
         <size>0x1aa</size>
         <input_file_ref idref="fl-7"/>
      </object_component>
      <object_component id="oc-5f5">
         <name>.text:__TI_frcmpyd</name>
         <load_address>0x1110e</load_address>
         <run_address>0x1110e</run_address>
         <size>0x164</size>
         <input_file_ref idref="fl-76"/>
      </object_component>
      <object_component id="oc-646">
         <name>.text:__mspabi_divlli</name>
         <load_address>0x11272</load_address>
         <run_address>0x11272</run_address>
         <size>0x13c</size>
         <input_file_ref idref="fl-6f"/>
      </object_component>
      <object_component id="oc-63a">
         <name>.text</name>
         <load_address>0x113ae</load_address>
         <run_address>0x113ae</run_address>
         <size>0x132</size>
         <input_file_ref idref="fl-67"/>
      </object_component>
      <object_component id="oc-4a4">
         <name>.text:rak3172_init</name>
         <load_address>0x114e0</load_address>
         <run_address>0x114e0</run_address>
         <size>0x110</size>
         <input_file_ref idref="fl-2"/>
      </object_component>
      <object_component id="oc-69">
         <name>.text:decompress:lzss:__TI_decompress_lzss</name>
         <load_address>0x115f0</load_address>
         <run_address>0x115f0</run_address>
         <size>0xee</size>
         <input_file_ref idref="fl-49"/>
      </object_component>
      <object_component id="oc-634">
         <name>.text:__mspabi_cmpd</name>
         <load_address>0x116de</load_address>
         <run_address>0x116de</run_address>
         <size>0xd8</size>
         <input_file_ref idref="fl-68"/>
      </object_component>
      <object_component id="oc-4df">
         <name>.text:__mspabi_cvtdf</name>
         <load_address>0x117b6</load_address>
         <run_address>0x117b6</run_address>
         <size>0xb2</size>
         <input_file_ref idref="fl-6a"/>
      </object_component>
      <object_component id="oc-5ee">
         <name>.text:__mspabi_fltlid</name>
         <load_address>0x11868</load_address>
         <run_address>0x11868</run_address>
         <size>0x9e</size>
         <input_file_ref idref="fl-74"/>
      </object_component>
      <object_component id="oc-4e5">
         <name>.text</name>
         <load_address>0x11906</load_address>
         <run_address>0x11906</run_address>
         <size>0x90</size>
         <input_file_ref idref="fl-6c"/>
      </object_component>
      <object_component id="oc-4b5">
         <name>.text:send_status</name>
         <load_address>0x11996</load_address>
         <run_address>0x11996</run_address>
         <size>0x90</size>
         <input_file_ref idref="fl-7"/>
      </object_component>
      <object_component id="oc-623">
         <name>.text:get_mag_reading</name>
         <load_address>0x11a26</load_address>
         <run_address>0x11a26</run_address>
         <size>0x78</size>
         <input_file_ref idref="fl-9"/>
      </object_component>
      <object_component id="oc-61c">
         <name>.text:get_acc_reading</name>
         <load_address>0x11a9e</load_address>
         <run_address>0x11a9e</run_address>
         <size>0x72</size>
         <input_file_ref idref="fl-9"/>
      </object_component>
      <object_component id="oc-5db">
         <name>.text:get_gyro_reading</name>
         <load_address>0x11b10</load_address>
         <run_address>0x11b10</run_address>
         <size>0x6e</size>
         <input_file_ref idref="fl-9"/>
      </object_component>
      <object_component id="oc-551">
         <name>.text:__TI_auto_init_nobinit_nopinit_hold_wdt:__TI_auto_init_nobinit_nopinit_hold_wdt</name>
         <load_address>0x11b7e</load_address>
         <run_address>0x11b7e</run_address>
         <size>0x6a</size>
         <input_file_ref idref="fl-8c"/>
      </object_component>
      <object_component id="oc-4c7">
         <name>.text:__mspabi_cvtfd</name>
         <load_address>0x11be8</load_address>
         <run_address>0x11be8</run_address>
         <size>0x64</size>
         <input_file_ref idref="fl-6b"/>
      </object_component>
      <object_component id="oc-6b8">
         <name>.text:I2C_Master_ReadReg</name>
         <load_address>0x11c4c</load_address>
         <run_address>0x11c4c</run_address>
         <size>0x60</size>
         <input_file_ref idref="fl-5"/>
      </object_component>
      <object_component id="oc-6db">
         <name>.text:__mpyll</name>
         <load_address>0x11cac</load_address>
         <run_address>0x11cac</run_address>
         <size>0x5c</size>
         <input_file_ref idref="fl-7c"/>
      </object_component>
      <object_component id="oc-6fa">
         <name>.text</name>
         <load_address>0x11d08</load_address>
         <run_address>0x11d08</run_address>
         <size>0x58</size>
         <input_file_ref idref="fl-71"/>
      </object_component>
      <object_component id="oc-586">
         <name>.text:wakeup_magH</name>
         <load_address>0x11d60</load_address>
         <run_address>0x11d60</run_address>
         <size>0x4e</size>
         <input_file_ref idref="fl-9"/>
      </object_component>
      <object_component id="oc-51d">
         <name>.text</name>
         <load_address>0x11dae</load_address>
         <run_address>0x11dae</run_address>
         <size>0x4a</size>
         <input_file_ref idref="fl-69"/>
      </object_component>
      <object_component id="oc-696">
         <name>.text:I2C_Master_WriteReg</name>
         <load_address>0x11df8</load_address>
         <run_address>0x11df8</run_address>
         <size>0x46</size>
         <input_file_ref idref="fl-5"/>
      </object_component>
      <object_component id="oc-4aa">
         <name>.text:init_timer</name>
         <load_address>0x11e3e</load_address>
         <run_address>0x11e3e</run_address>
         <size>0x46</size>
         <input_file_ref idref="fl-6"/>
      </object_component>
      <object_component id="oc-50e">
         <name>.text:get_mean</name>
         <load_address>0x11e84</load_address>
         <run_address>0x11e84</run_address>
         <size>0x44</size>
         <input_file_ref idref="fl-3"/>
      </object_component>
      <object_component id="oc-3e5">
         <name>.text:__memcpy_far</name>
         <load_address>0x11ec8</load_address>
         <run_address>0x11ec8</run_address>
         <size>0x40</size>
         <input_file_ref idref="fl-65"/>
      </object_component>
      <object_component id="oc-602">
         <name>.text:__mspabi_srall</name>
         <load_address>0x11f08</load_address>
         <run_address>0x11f08</run_address>
         <size>0x40</size>
         <input_file_ref idref="fl-85"/>
      </object_component>
      <object_component id="oc-57a">
         <name>.text:init_uart_drv</name>
         <load_address>0x11f48</load_address>
         <run_address>0x11f48</run_address>
         <size>0x40</size>
         <input_file_ref idref="fl-b"/>
      </object_component>
      <object_component id="oc-63f">
         <name>.text</name>
         <load_address>0x11f88</load_address>
         <run_address>0x11f88</run_address>
         <size>0x40</size>
         <input_file_ref idref="fl-6e"/>
      </object_component>
      <object_component id="oc-402">
         <name>.text:decompress:ZI:__TI_zero_init_nomemset:__TI_zero_init_nomemset</name>
         <load_address>0x11fc8</load_address>
         <run_address>0x11fc8</run_address>
         <size>0x3e</size>
         <input_file_ref idref="fl-64"/>
      </object_component>
      <object_component id="oc-5e3">
         <name>.text:l_asr_const</name>
         <load_address>0x12006</load_address>
         <run_address>0x12006</run_address>
         <size>0x3e</size>
         <input_file_ref idref="fl-84"/>
      </object_component>
      <object_component id="oc-610">
         <name>.text:l_lsl_const</name>
         <load_address>0x12044</load_address>
         <run_address>0x12044</run_address>
         <size>0x3e</size>
         <input_file_ref idref="fl-82"/>
      </object_component>
      <object_component id="oc-6d4">
         <name>.text:l_lsr_const</name>
         <load_address>0x12082</load_address>
         <run_address>0x12082</run_address>
         <size>0x3e</size>
         <input_file_ref idref="fl-86"/>
      </object_component>
      <object_component id="oc-47c">
         <name>.text:__mpu_init</name>
         <load_address>0x120c0</load_address>
         <run_address>0x120c0</run_address>
         <size>0x3c</size>
         <input_file_ref idref="fl-8a"/>
      </object_component>
      <object_component id="oc-6f">
         <name>.text:decompress:none:__TI_decompress_none</name>
         <load_address>0x120fc</load_address>
         <run_address>0x120fc</run_address>
         <size>0x3c</size>
         <input_file_ref idref="fl-4a"/>
      </object_component>
      <object_component id="oc-608">
         <name>.text:__mspabi_sllll</name>
         <load_address>0x12138</load_address>
         <run_address>0x12138</run_address>
         <size>0x3a</size>
         <input_file_ref idref="fl-83"/>
      </object_component>
      <object_component id="oc-6e5">
         <name>.text:__mspabi_srlll</name>
         <load_address>0x12172</load_address>
         <run_address>0x12172</run_address>
         <size>0x3a</size>
         <input_file_ref idref="fl-87"/>
      </object_component>
      <object_component id="oc-592">
         <name>.text:wakeup_gyro</name>
         <load_address>0x121ac</load_address>
         <run_address>0x121ac</run_address>
         <size>0x3a</size>
         <input_file_ref idref="fl-9"/>
      </object_component>
      <object_component id="oc-498">
         <name>.text:initClockTo8MHz</name>
         <load_address>0x121e6</load_address>
         <run_address>0x121e6</run_address>
         <size>0x38</size>
         <input_file_ref idref="fl-7"/>
      </object_component>
      <object_component id="oc-62e">
         <name>.text:__mspabi_subd</name>
         <load_address>0x1221e</load_address>
         <run_address>0x1221e</run_address>
         <size>0x2e</size>
         <input_file_ref idref="fl-88"/>
      </object_component>
      <object_component id="oc-508">
         <name>.text:append_and_shift</name>
         <load_address>0x1224c</load_address>
         <run_address>0x1224c</run_address>
         <size>0x2e</size>
         <input_file_ref idref="fl-3"/>
      </object_component>
      <object_component id="oc-44c">
         <name>.text:pop_out_data</name>
         <load_address>0x1227a</load_address>
         <run_address>0x1227a</run_address>
         <size>0x2e</size>
         <input_file_ref idref="fl-4"/>
      </object_component>
      <object_component id="oc-5be">
         <name>.text:RTC_start</name>
         <load_address>0x122a8</load_address>
         <run_address>0x122a8</run_address>
         <size>0x2c</size>
         <input_file_ref idref="fl-1a"/>
      </object_component>
      <object_component id="oc-6e0">
         <name>.text:__mpyull</name>
         <load_address>0x122d4</load_address>
         <run_address>0x122d4</run_address>
         <size>0x2c</size>
         <input_file_ref idref="fl-7e"/>
      </object_component>
      <object_component id="oc-455">
         <name>.text:pop_in_data</name>
         <load_address>0x12300</load_address>
         <run_address>0x12300</run_address>
         <size>0x2c</size>
         <input_file_ref idref="fl-4"/>
      </object_component>
      <object_component id="oc-4b0">
         <name>.text</name>
         <load_address>0x1232c</load_address>
         <run_address>0x1232c</run_address>
         <size>0x2c</size>
         <input_file_ref idref="fl-6d"/>
      </object_component>
      <object_component id="oc-59a">
         <name>.text:send_msg</name>
         <load_address>0x12358</load_address>
         <run_address>0x12358</run_address>
         <size>0x2c</size>
         <input_file_ref idref="fl-b"/>
      </object_component>
      <object_component id="oc-58c">
         <name>.text:wakeup_acc</name>
         <load_address>0x12384</load_address>
         <run_address>0x12384</run_address>
         <size>0x2c</size>
         <input_file_ref idref="fl-9"/>
      </object_component>
      <object_component id="oc-68b">
         <name>.text:init_circular_buffer</name>
         <load_address>0x123b0</load_address>
         <run_address>0x123b0</run_address>
         <size>0x28</size>
         <input_file_ref idref="fl-4"/>
      </object_component>
      <object_component id="oc-6c4">
         <name>.text:CopyArray</name>
         <load_address>0x123d8</load_address>
         <run_address>0x123d8</run_address>
         <size>0x1c</size>
         <input_file_ref idref="fl-5"/>
      </object_component>
      <object_component id="oc-5cb">
         <name>.text:get_batery_status</name>
         <load_address>0x123f4</load_address>
         <run_address>0x123f4</run_address>
         <size>0x1c</size>
         <input_file_ref idref="fl-a"/>
      </object_component>
      <object_component id="oc-6a8">
         <name>.text:GPIO_getInputPinValue</name>
         <load_address>0x12410</load_address>
         <run_address>0x12410</run_address>
         <size>0x1a</size>
         <input_file_ref idref="fl-15"/>
      </object_component>
      <object_component id="oc-49e">
         <name>.text:init_magacc_driver</name>
         <load_address>0x1242a</load_address>
         <run_address>0x1242a</run_address>
         <size>0x1a</size>
         <input_file_ref idref="fl-8"/>
      </object_component>
      <object_component id="oc-574">
         <name>.text:initGPIO</name>
         <load_address>0x12444</load_address>
         <run_address>0x12444</run_address>
         <size>0x18</size>
         <input_file_ref idref="fl-8"/>
      </object_component>
      <object_component id="oc-5a7">
         <name>.text</name>
         <load_address>0x1245c</load_address>
         <run_address>0x1245c</run_address>
         <size>0x18</size>
         <input_file_ref idref="fl-78"/>
      </object_component>
      <object_component id="oc-5a1">
         <name>.text:WDT_A_hold</name>
         <load_address>0x12474</load_address>
         <run_address>0x12474</run_address>
         <size>0x16</size>
         <input_file_ref idref="fl-22"/>
      </object_component>
      <object_component id="oc-580">
         <name>.text:initI2C</name>
         <load_address>0x1248a</load_address>
         <run_address>0x1248a</run_address>
         <size>0x16</size>
         <input_file_ref idref="fl-8"/>
      </object_component>
      <object_component id="oc-51a">
         <name>.text:is_rf_time</name>
         <load_address>0x124a0</load_address>
         <run_address>0x124a0</run_address>
         <size>0x16</size>
         <input_file_ref idref="fl-7"/>
      </object_component>
      <object_component id="oc-702">
         <name>.text:llabs</name>
         <load_address>0x124b6</load_address>
         <run_address>0x124b6</run_address>
         <size>0x16</size>
         <input_file_ref idref="fl-93"/>
      </object_component>
      <object_component id="oc-5c5">
         <name>.text</name>
         <load_address>0x124cc</load_address>
         <run_address>0x124cc</run_address>
         <size>0x16</size>
         <input_file_ref idref="fl-70"/>
      </object_component>
      <object_component id="oc-5ac">
         <name>.text:RTC_init</name>
         <load_address>0x124e2</load_address>
         <run_address>0x124e2</run_address>
         <size>0x10</size>
         <input_file_ref idref="fl-1a"/>
      </object_component>
      <object_component id="oc-761">
         <name>.text:l_lsr</name>
         <load_address>0x124f2</load_address>
         <run_address>0x124f2</run_address>
         <size>0x10</size>
         <input_file_ref idref="fl-86"/>
      </object_component>
      <object_component id="oc-5d2">
         <name>.text:strcpy</name>
         <load_address>0x12502</load_address>
         <run_address>0x12502</run_address>
         <size>0x10</size>
         <input_file_ref idref="fl-96"/>
      </object_component>
      <object_component id="oc-4cd">
         <name>.text:__mspabi_fltid</name>
         <load_address>0x12512</load_address>
         <run_address>0x12512</run_address>
         <size>0xc</size>
         <input_file_ref idref="fl-73"/>
      </object_component>
      <object_component id="oc-5b8">
         <name>.text:RTC_enableInterrupt</name>
         <load_address>0x1251e</load_address>
         <run_address>0x1251e</run_address>
         <size>0xa</size>
         <input_file_ref idref="fl-1a"/>
      </object_component>
      <object_component id="oc-4bb">
         <name>.text:enter_lpm</name>
         <load_address>0x12528</load_address>
         <run_address>0x12528</run_address>
         <size>0xa</size>
         <input_file_ref idref="fl-6"/>
      </object_component>
      <object_component id="oc-5b2">
         <name>.text:RTC_clearInterrupt</name>
         <load_address>0x12532</load_address>
         <run_address>0x12532</run_address>
         <size>0x6</size>
         <input_file_ref idref="fl-1a"/>
      </object_component>
      <object_component id="oc-52d">
         <name>.text:abort</name>
         <load_address>0x12538</load_address>
         <run_address>0x12538</run_address>
         <size>0x6</size>
         <input_file_ref idref="fl-90"/>
      </object_component>
      <object_component id="oc-4f3">
         <name>.text:read_acc</name>
         <load_address>0x1253e</load_address>
         <run_address>0x1253e</run_address>
         <size>0x6</size>
         <input_file_ref idref="fl-8"/>
      </object_component>
      <object_component id="oc-4c1">
         <name>.text:read_gyro</name>
         <load_address>0x12544</load_address>
         <run_address>0x12544</run_address>
         <size>0x6</size>
         <input_file_ref idref="fl-8"/>
      </object_component>
      <object_component id="oc-4f9">
         <name>.text:read_mag</name>
         <load_address>0x1254a</load_address>
         <run_address>0x1254a</run_address>
         <size>0x6</size>
         <input_file_ref idref="fl-8"/>
      </object_component>
      <object_component id="oc-464">
         <name>.text:_system_pre_init</name>
         <load_address>0x12550</load_address>
         <run_address>0x12550</run_address>
         <size>0x4</size>
         <input_file_ref idref="fl-8e"/>
      </object_component>
      <object_component id="oc-669">
         <name>.text:_system_post_cinit</name>
         <load_address>0x12554</load_address>
         <run_address>0x12554</run_address>
         <size>0x2</size>
         <input_file_ref idref="fl-8d"/>
      </object_component>
      <object_component id="oc-452">
         <name>.bss:RXbuffer</name>
         <uninitialized>true</uninitialized>
         <run_address>0x2000</run_address>
         <size>0x196</size>
         <input_file_ref idref="fl-b"/>
      </object_component>
      <object_component id="oc-449">
         <name>.bss:TXbuffer</name>
         <uninitialized>true</uninitialized>
         <run_address>0x2196</run_address>
         <size>0x196</size>
         <input_file_ref idref="fl-b"/>
      </object_component>
      <object_component id="oc-6be">
         <name>.data:ReceiveBuffer</name>
         <load_address>0x252c</load_address>
         <run_address>0x252c</run_address>
         <size>0x14</size>
         <input_file_ref idref="fl-5"/>
      </object_component>
      <object_component id="oc-4ea">
         <name>.data</name>
         <load_address>0x2568</load_address>
         <run_address>0x2568</run_address>
         <size>0x12</size>
         <input_file_ref idref="fl-7"/>
      </object_component>
      <object_component id="oc-4ff">
         <name>.data:last_acc_readings</name>
         <load_address>0x232c</load_address>
         <run_address>0x232c</run_address>
         <size>0x100</size>
         <input_file_ref idref="fl-7"/>
      </object_component>
      <object_component id="oc-514">
         <name>.data:last_acc_readings_envelope</name>
         <load_address>0x2540</load_address>
         <run_address>0x2540</run_address>
         <size>0x14</size>
         <input_file_ref idref="fl-7"/>
      </object_component>
      <object_component id="oc-502">
         <name>.data:last_mag_readings</name>
         <load_address>0x242c</load_address>
         <run_address>0x242c</run_address>
         <size>0x100</size>
         <input_file_ref idref="fl-7"/>
      </object_component>
      <object_component id="oc-517">
         <name>.data:last_mag_readings_envelope</name>
         <load_address>0x2554</load_address>
         <run_address>0x2554</run_address>
         <size>0x14</size>
         <input_file_ref idref="fl-7"/>
      </object_component>
      <object_component id="oc-6c1">
         <name>.data:buffer</name>
         <load_address>0x257a</load_address>
         <run_address>0x257a</run_address>
         <size>0x8</size>
         <input_file_ref idref="fl-9"/>
      </object_component>
      <object_component id="oc-693">
         <name>.data:cmd_data</name>
         <load_address>0x2582</load_address>
         <run_address>0x2582</run_address>
         <size>0x2</size>
         <input_file_ref idref="fl-9"/>
      </object_component>
      <object_component id="oc-3d6">
         <name>.stack</name>
         <uninitialized>true</uninitialized>
         <run_address>0x3f60</run_address>
         <size>0x2</size>
         <input_file_ref idref="fl-89"/>
      </object_component>
      <object_component id="oc-7f0">
         <name>.stack</name>
         <uninitialized>true</uninitialized>
         <run_address>0x3f60</run_address>
         <size>0x0</size>
      </object_component>
      <object_component id="oc-75">
         <name>.int20</name>
         <load_address>0xffca</load_address>
         <run_address>0xffca</run_address>
         <size>0x2</size>
         <input_file_ref idref="fl-4b"/>
      </object_component>
      <object_component id="oc-76">
         <name>.int21</name>
         <load_address>0xffcc</load_address>
         <run_address>0xffcc</run_address>
         <size>0x2</size>
         <input_file_ref idref="fl-4d"/>
      </object_component>
      <object_component id="oc-77">
         <name>.int22</name>
         <load_address>0xffce</load_address>
         <run_address>0xffce</run_address>
         <size>0x2</size>
         <input_file_ref idref="fl-4e"/>
      </object_component>
      <object_component id="oc-78">
         <name>.int23</name>
         <load_address>0xffd0</load_address>
         <run_address>0xffd0</run_address>
         <size>0x2</size>
         <input_file_ref idref="fl-4f"/>
      </object_component>
      <object_component id="oc-79">
         <name>.int24</name>
         <load_address>0xffd2</load_address>
         <run_address>0xffd2</run_address>
         <size>0x2</size>
         <input_file_ref idref="fl-50"/>
      </object_component>
      <object_component id="oc-7a">
         <name>.int25</name>
         <load_address>0xffd4</load_address>
         <run_address>0xffd4</run_address>
         <size>0x2</size>
         <input_file_ref idref="fl-51"/>
      </object_component>
      <object_component id="oc-7b">
         <name>.int26</name>
         <load_address>0xffd6</load_address>
         <run_address>0xffd6</run_address>
         <size>0x2</size>
         <input_file_ref idref="fl-52"/>
      </object_component>
      <object_component id="oc-7c">
         <name>.int27</name>
         <load_address>0xffd8</load_address>
         <run_address>0xffd8</run_address>
         <size>0x2</size>
         <input_file_ref idref="fl-53"/>
      </object_component>
      <object_component id="oc-7d">
         <name>.int28</name>
         <load_address>0xffda</load_address>
         <run_address>0xffda</run_address>
         <size>0x2</size>
         <input_file_ref idref="fl-54"/>
      </object_component>
      <object_component id="oc-7e">
         <name>.int29</name>
         <load_address>0xffdc</load_address>
         <run_address>0xffdc</run_address>
         <size>0x2</size>
         <input_file_ref idref="fl-55"/>
      </object_component>
      <object_component id="oc-7f">
         <name>.int30</name>
         <load_address>0xffde</load_address>
         <run_address>0xffde</run_address>
         <size>0x2</size>
         <input_file_ref idref="fl-56"/>
      </object_component>
      <object_component id="oc-80">
         <name>.int31</name>
         <load_address>0xffe0</load_address>
         <run_address>0xffe0</run_address>
         <size>0x2</size>
         <input_file_ref idref="fl-b"/>
      </object_component>
      <object_component id="oc-81">
         <name>.int32</name>
         <load_address>0xffe2</load_address>
         <run_address>0xffe2</run_address>
         <size>0x2</size>
         <input_file_ref idref="fl-57"/>
      </object_component>
      <object_component id="oc-82">
         <name>.int33</name>
         <load_address>0xffe4</load_address>
         <run_address>0xffe4</run_address>
         <size>0x2</size>
         <input_file_ref idref="fl-6"/>
      </object_component>
      <object_component id="oc-83">
         <name>.int34</name>
         <load_address>0xffe6</load_address>
         <run_address>0xffe6</run_address>
         <size>0x2</size>
         <input_file_ref idref="fl-58"/>
      </object_component>
      <object_component id="oc-84">
         <name>.int35</name>
         <load_address>0xffe8</load_address>
         <run_address>0xffe8</run_address>
         <size>0x2</size>
         <input_file_ref idref="fl-59"/>
      </object_component>
      <object_component id="oc-85">
         <name>.int36</name>
         <load_address>0xffea</load_address>
         <run_address>0xffea</run_address>
         <size>0x2</size>
         <input_file_ref idref="fl-5a"/>
      </object_component>
      <object_component id="oc-86">
         <name>.int37</name>
         <load_address>0xffec</load_address>
         <run_address>0xffec</run_address>
         <size>0x2</size>
         <input_file_ref idref="fl-5b"/>
      </object_component>
      <object_component id="oc-87">
         <name>.int38</name>
         <load_address>0xffee</load_address>
         <run_address>0xffee</run_address>
         <size>0x2</size>
         <input_file_ref idref="fl-5c"/>
      </object_component>
      <object_component id="oc-88">
         <name>.int39</name>
         <load_address>0xfff0</load_address>
         <run_address>0xfff0</run_address>
         <size>0x2</size>
         <input_file_ref idref="fl-5d"/>
      </object_component>
      <object_component id="oc-89">
         <name>.int40</name>
         <load_address>0xfff2</load_address>
         <run_address>0xfff2</run_address>
         <size>0x2</size>
         <input_file_ref idref="fl-5e"/>
      </object_component>
      <object_component id="oc-8a">
         <name>.int41</name>
         <load_address>0xfff4</load_address>
         <run_address>0xfff4</run_address>
         <size>0x2</size>
         <input_file_ref idref="fl-5f"/>
      </object_component>
      <object_component id="oc-8b">
         <name>.int42</name>
         <load_address>0xfff6</load_address>
         <run_address>0xfff6</run_address>
         <size>0x2</size>
         <input_file_ref idref="fl-60"/>
      </object_component>
      <object_component id="oc-8c">
         <name>.int43</name>
         <load_address>0xfff8</load_address>
         <run_address>0xfff8</run_address>
         <size>0x2</size>
         <input_file_ref idref="fl-61"/>
      </object_component>
      <object_component id="oc-8d">
         <name>.int44</name>
         <load_address>0xfffa</load_address>
         <run_address>0xfffa</run_address>
         <size>0x2</size>
         <input_file_ref idref="fl-62"/>
      </object_component>
      <object_component id="oc-8e">
         <name>.int45</name>
         <load_address>0xfffc</load_address>
         <run_address>0xfffc</run_address>
         <size>0x2</size>
         <input_file_ref idref="fl-63"/>
      </object_component>
      <object_component id="oc-3d9">
         <name>.reset</name>
         <load_address>0xfffe</load_address>
         <run_address>0xfffe</run_address>
         <size>0x2</size>
         <input_file_ref idref="fl-89"/>
      </object_component>
      <object_component id="oc-710">
         <name>.debug_info</name>
         <load_address>0x0</load_address>
         <run_address>0x0</run_address>
         <size>0x24e</size>
         <input_file_ref idref="fl-2"/>
      </object_component>
      <object_component id="oc-4a6">
         <name>.debug_info</name>
         <load_address>0x24e</load_address>
         <run_address>0x24e</run_address>
         <size>0x18b</size>
         <input_file_ref idref="fl-2"/>
      </object_component>
      <object_component id="oc-6b3">
         <name>.debug_info</name>
         <load_address>0x3d9</load_address>
         <run_address>0x3d9</run_address>
         <size>0x26b</size>
         <input_file_ref idref="fl-2"/>
      </object_component>
      <object_component id="oc-523">
         <name>.debug_info</name>
         <load_address>0x644</load_address>
         <run_address>0x644</run_address>
         <size>0x8b</size>
         <input_file_ref idref="fl-2"/>
      </object_component>
      <object_component id="oc-652">
         <name>.debug_info</name>
         <load_address>0x6cf</load_address>
         <run_address>0x6cf</run_address>
         <size>0x282</size>
         <input_file_ref idref="fl-2"/>
      </object_component>
      <object_component id="oc-528">
         <name>.debug_info</name>
         <load_address>0x951</load_address>
         <run_address>0x951</run_address>
         <size>0xbb</size>
         <input_file_ref idref="fl-2"/>
      </object_component>
      <object_component id="oc-76c">
         <name>.debug_info</name>
         <load_address>0xa0c</load_address>
         <run_address>0xa0c</run_address>
         <size>0x2c</size>
         <input_file_ref idref="fl-2"/>
      </object_component>
      <object_component id="oc-6ce">
         <name>.debug_info</name>
         <load_address>0xa38</load_address>
         <run_address>0xa38</run_address>
         <size>0x35</size>
         <input_file_ref idref="fl-2"/>
      </object_component>
      <object_component id="oc-645">
         <name>.debug_info</name>
         <load_address>0xa6d</load_address>
         <run_address>0xa6d</run_address>
         <size>0x13c</size>
         <input_file_ref idref="fl-3"/>
      </object_component>
      <object_component id="oc-510">
         <name>.debug_info</name>
         <load_address>0xba9</load_address>
         <run_address>0xba9</run_address>
         <size>0x19c</size>
         <input_file_ref idref="fl-3"/>
      </object_component>
      <object_component id="oc-50b">
         <name>.debug_info</name>
         <load_address>0xd45</load_address>
         <run_address>0xd45</run_address>
         <size>0x1aa</size>
         <input_file_ref idref="fl-3"/>
      </object_component>
      <object_component id="oc-3e0">
         <name>.debug_info</name>
         <load_address>0xeef</load_address>
         <run_address>0xeef</run_address>
         <size>0x84</size>
         <input_file_ref idref="fl-3"/>
      </object_component>
      <object_component id="oc-493">
         <name>.debug_info</name>
         <load_address>0xf73</load_address>
         <run_address>0xf73</run_address>
         <size>0x141</size>
         <input_file_ref idref="fl-4"/>
      </object_component>
      <object_component id="oc-44e">
         <name>.debug_info</name>
         <load_address>0x10b4</load_address>
         <run_address>0x10b4</run_address>
         <size>0x167</size>
         <input_file_ref idref="fl-4"/>
      </object_component>
      <object_component id="oc-456">
         <name>.debug_info</name>
         <load_address>0x121b</load_address>
         <run_address>0x121b</run_address>
         <size>0x170</size>
         <input_file_ref idref="fl-4"/>
      </object_component>
      <object_component id="oc-68c">
         <name>.debug_info</name>
         <load_address>0x138b</load_address>
         <run_address>0x138b</run_address>
         <size>0x167</size>
         <input_file_ref idref="fl-4"/>
      </object_component>
      <object_component id="oc-48d">
         <name>.debug_info</name>
         <load_address>0x14f2</load_address>
         <run_address>0x14f2</run_address>
         <size>0x8a</size>
         <input_file_ref idref="fl-4"/>
      </object_component>
      <object_component id="oc-748">
         <name>.debug_info</name>
         <load_address>0x157c</load_address>
         <run_address>0x157c</run_address>
         <size>0x1f0</size>
         <input_file_ref idref="fl-5"/>
      </object_component>
      <object_component id="oc-6bf">
         <name>.debug_info</name>
         <load_address>0x176c</load_address>
         <run_address>0x176c</run_address>
         <size>0xdf</size>
         <input_file_ref idref="fl-5"/>
      </object_component>
      <object_component id="oc-697">
         <name>.debug_info</name>
         <load_address>0x184b</load_address>
         <run_address>0x184b</run_address>
         <size>0x1ec</size>
         <input_file_ref idref="fl-5"/>
      </object_component>
      <object_component id="oc-6b9">
         <name>.debug_info</name>
         <load_address>0x1a37</load_address>
         <run_address>0x1a37</run_address>
         <size>0x1b8</size>
         <input_file_ref idref="fl-5"/>
      </object_component>
      <object_component id="oc-6c7">
         <name>.debug_info</name>
         <load_address>0x1bef</load_address>
         <run_address>0x1bef</run_address>
         <size>0x18a</size>
         <input_file_ref idref="fl-5"/>
      </object_component>
      <object_component id="oc-743">
         <name>.debug_info</name>
         <load_address>0x1d79</load_address>
         <run_address>0x1d79</run_address>
         <size>0x8b</size>
         <input_file_ref idref="fl-5"/>
      </object_component>
      <object_component id="oc-4ab">
         <name>.debug_info</name>
         <load_address>0x1e04</load_address>
         <run_address>0x1e04</run_address>
         <size>0x1b5</size>
         <input_file_ref idref="fl-6"/>
      </object_component>
      <object_component id="oc-4bc">
         <name>.debug_info</name>
         <load_address>0x1fb9</load_address>
         <run_address>0x1fb9</run_address>
         <size>0x122</size>
         <input_file_ref idref="fl-6"/>
      </object_component>
      <object_component id="oc-3fe">
         <name>.debug_info</name>
         <load_address>0x20db</load_address>
         <run_address>0x20db</run_address>
         <size>0x11f</size>
         <input_file_ref idref="fl-6"/>
      </object_component>
      <object_component id="oc-5d9">
         <name>.debug_info</name>
         <load_address>0x21fa</load_address>
         <run_address>0x21fa</run_address>
         <size>0x47a</size>
         <input_file_ref idref="fl-7"/>
      </object_component>
      <object_component id="oc-4f1">
         <name>.debug_info</name>
         <load_address>0x2674</load_address>
         <run_address>0x2674</run_address>
         <size>0xfc</size>
         <input_file_ref idref="fl-7"/>
      </object_component>
      <object_component id="oc-500">
         <name>.debug_info</name>
         <load_address>0x2770</load_address>
         <run_address>0x2770</run_address>
         <size>0xe1</size>
         <input_file_ref idref="fl-7"/>
      </object_component>
      <object_component id="oc-515">
         <name>.debug_info</name>
         <load_address>0x2851</load_address>
         <run_address>0x2851</run_address>
         <size>0xf3</size>
         <input_file_ref idref="fl-7"/>
      </object_component>
      <object_component id="oc-503">
         <name>.debug_info</name>
         <load_address>0x2944</load_address>
         <run_address>0x2944</run_address>
         <size>0xe1</size>
         <input_file_ref idref="fl-7"/>
      </object_component>
      <object_component id="oc-518">
         <name>.debug_info</name>
         <load_address>0x2a25</load_address>
         <run_address>0x2a25</run_address>
         <size>0xf3</size>
         <input_file_ref idref="fl-7"/>
      </object_component>
      <object_component id="oc-4b6">
         <name>.debug_info</name>
         <load_address>0x2b18</load_address>
         <run_address>0x2b18</run_address>
         <size>0x1c7</size>
         <input_file_ref idref="fl-7"/>
      </object_component>
      <object_component id="oc-499">
         <name>.debug_info</name>
         <load_address>0x2cdf</load_address>
         <run_address>0x2cdf</run_address>
         <size>0x108</size>
         <input_file_ref idref="fl-7"/>
      </object_component>
      <object_component id="oc-4eb">
         <name>.debug_info</name>
         <load_address>0x2de7</load_address>
         <run_address>0x2de7</run_address>
         <size>0x44a</size>
         <input_file_ref idref="fl-7"/>
      </object_component>
      <object_component id="oc-4ee">
         <name>.debug_info</name>
         <load_address>0x3231</load_address>
         <run_address>0x3231</run_address>
         <size>0x12c</size>
         <input_file_ref idref="fl-7"/>
      </object_component>
      <object_component id="oc-46b">
         <name>.debug_info</name>
         <load_address>0x335d</load_address>
         <run_address>0x335d</run_address>
         <size>0x594</size>
         <input_file_ref idref="fl-7"/>
      </object_component>
      <object_component id="oc-5e2">
         <name>.debug_info</name>
         <load_address>0x38f1</load_address>
         <run_address>0x38f1</run_address>
         <size>0x457</size>
         <input_file_ref idref="fl-8"/>
      </object_component>
      <object_component id="oc-575">
         <name>.debug_info</name>
         <load_address>0x3d48</load_address>
         <run_address>0x3d48</run_address>
         <size>0x111</size>
         <input_file_ref idref="fl-8"/>
      </object_component>
      <object_component id="oc-581">
         <name>.debug_info</name>
         <load_address>0x3e59</load_address>
         <run_address>0x3e59</run_address>
         <size>0x10f</size>
         <input_file_ref idref="fl-8"/>
      </object_component>
      <object_component id="oc-4fb">
         <name>.debug_info</name>
         <load_address>0x3f68</load_address>
         <run_address>0x3f68</run_address>
         <size>0x15a</size>
         <input_file_ref idref="fl-8"/>
      </object_component>
      <object_component id="oc-4c2">
         <name>.debug_info</name>
         <load_address>0x40c2</load_address>
         <run_address>0x40c2</run_address>
         <size>0x15d</size>
         <input_file_ref idref="fl-8"/>
      </object_component>
      <object_component id="oc-4f4">
         <name>.debug_info</name>
         <load_address>0x421f</load_address>
         <run_address>0x421f</run_address>
         <size>0x15a</size>
         <input_file_ref idref="fl-8"/>
      </object_component>
      <object_component id="oc-4a0">
         <name>.debug_info</name>
         <load_address>0x4379</load_address>
         <run_address>0x4379</run_address>
         <size>0x18b</size>
         <input_file_ref idref="fl-8"/>
      </object_component>
      <object_component id="oc-6cb">
         <name>.debug_info</name>
         <load_address>0x4504</load_address>
         <run_address>0x4504</run_address>
         <size>0x263</size>
         <input_file_ref idref="fl-9"/>
      </object_component>
      <object_component id="oc-6c2">
         <name>.debug_info</name>
         <load_address>0x4767</load_address>
         <run_address>0x4767</run_address>
         <size>0xdb</size>
         <input_file_ref idref="fl-9"/>
      </object_component>
      <object_component id="oc-694">
         <name>.debug_info</name>
         <load_address>0x4842</load_address>
         <run_address>0x4842</run_address>
         <size>0xdf</size>
         <input_file_ref idref="fl-9"/>
      </object_component>
      <object_component id="oc-587">
         <name>.debug_info</name>
         <load_address>0x4921</load_address>
         <run_address>0x4921</run_address>
         <size>0x167</size>
         <input_file_ref idref="fl-9"/>
      </object_component>
      <object_component id="oc-593">
         <name>.debug_info</name>
         <load_address>0x4a88</load_address>
         <run_address>0x4a88</run_address>
         <size>0x149</size>
         <input_file_ref idref="fl-9"/>
      </object_component>
      <object_component id="oc-58d">
         <name>.debug_info</name>
         <load_address>0x4bd1</load_address>
         <run_address>0x4bd1</run_address>
         <size>0x14b</size>
         <input_file_ref idref="fl-9"/>
      </object_component>
      <object_component id="oc-624">
         <name>.debug_info</name>
         <load_address>0x4d1c</load_address>
         <run_address>0x4d1c</run_address>
         <size>0x1ca</size>
         <input_file_ref idref="fl-9"/>
      </object_component>
      <object_component id="oc-5dc">
         <name>.debug_info</name>
         <load_address>0x4ee6</load_address>
         <run_address>0x4ee6</run_address>
         <size>0x1cc</size>
         <input_file_ref idref="fl-9"/>
      </object_component>
      <object_component id="oc-61d">
         <name>.debug_info</name>
         <load_address>0x50b2</load_address>
         <run_address>0x50b2</run_address>
         <size>0x1ca</size>
         <input_file_ref idref="fl-9"/>
      </object_component>
      <object_component id="oc-5cc">
         <name>.debug_info</name>
         <load_address>0x527c</load_address>
         <run_address>0x527c</run_address>
         <size>0x13d</size>
         <input_file_ref idref="fl-a"/>
      </object_component>
      <object_component id="oc-6a0">
         <name>.debug_info</name>
         <load_address>0x53b9</load_address>
         <run_address>0x53b9</run_address>
         <size>0x324</size>
         <input_file_ref idref="fl-b"/>
      </object_component>
      <object_component id="oc-453">
         <name>.debug_info</name>
         <load_address>0x56dd</load_address>
         <run_address>0x56dd</run_address>
         <size>0xd2</size>
         <input_file_ref idref="fl-b"/>
      </object_component>
      <object_component id="oc-44a">
         <name>.debug_info</name>
         <load_address>0x57af</load_address>
         <run_address>0x57af</run_address>
         <size>0xd2</size>
         <input_file_ref idref="fl-b"/>
      </object_component>
      <object_component id="oc-59e">
         <name>.debug_info</name>
         <load_address>0x5881</load_address>
         <run_address>0x5881</run_address>
         <size>0x18e</size>
         <input_file_ref idref="fl-b"/>
      </object_component>
      <object_component id="oc-57c">
         <name>.debug_info</name>
         <load_address>0x5a0f</load_address>
         <run_address>0x5a0f</run_address>
         <size>0x145</size>
         <input_file_ref idref="fl-b"/>
      </object_component>
      <object_component id="oc-3f7">
         <name>.debug_info</name>
         <load_address>0x5b54</load_address>
         <run_address>0x5b54</run_address>
         <size>0x15b</size>
         <input_file_ref idref="fl-b"/>
      </object_component>
      <object_component id="oc-783">
         <name>.debug_info</name>
         <load_address>0x5caf</load_address>
         <run_address>0x5caf</run_address>
         <size>0x167</size>
         <input_file_ref idref="fl-15"/>
      </object_component>
      <object_component id="oc-74c">
         <name>.debug_info</name>
         <load_address>0x5e16</load_address>
         <run_address>0x5e16</run_address>
         <size>0xfa</size>
         <input_file_ref idref="fl-15"/>
      </object_component>
      <object_component id="oc-6a9">
         <name>.debug_info</name>
         <load_address>0x5f10</load_address>
         <run_address>0x5f10</run_address>
         <size>0x20b</size>
         <input_file_ref idref="fl-15"/>
      </object_component>
      <object_component id="oc-5bf">
         <name>.debug_info</name>
         <load_address>0x611b</load_address>
         <run_address>0x611b</run_address>
         <size>0x1c2</size>
         <input_file_ref idref="fl-1a"/>
      </object_component>
      <object_component id="oc-5ad">
         <name>.debug_info</name>
         <load_address>0x62dd</load_address>
         <run_address>0x62dd</run_address>
         <size>0x1fa</size>
         <input_file_ref idref="fl-1a"/>
      </object_component>
      <object_component id="oc-5b9">
         <name>.debug_info</name>
         <load_address>0x64d7</load_address>
         <run_address>0x64d7</run_address>
         <size>0x1de</size>
         <input_file_ref idref="fl-1a"/>
      </object_component>
      <object_component id="oc-5b3">
         <name>.debug_info</name>
         <load_address>0x66b5</load_address>
         <run_address>0x66b5</run_address>
         <size>0x1c1</size>
         <input_file_ref idref="fl-1a"/>
      </object_component>
      <object_component id="oc-5a2">
         <name>.debug_info</name>
         <load_address>0x6876</load_address>
         <run_address>0x6876</run_address>
         <size>0x1ad</size>
         <input_file_ref idref="fl-22"/>
      </object_component>
      <object_component id="oc-6a">
         <name>.debug_info</name>
         <load_address>0x6a23</load_address>
         <run_address>0x6a23</run_address>
         <size>0x2b8</size>
         <input_file_ref idref="fl-49"/>
      </object_component>
      <object_component id="oc-486">
         <name>.debug_info</name>
         <load_address>0x6cdb</load_address>
         <run_address>0x6cdb</run_address>
         <size>0x46</size>
         <input_file_ref idref="fl-49"/>
      </object_component>
      <object_component id="oc-440">
         <name>.debug_info</name>
         <load_address>0x6d21</load_address>
         <run_address>0x6d21</run_address>
         <size>0x39</size>
         <input_file_ref idref="fl-49"/>
      </object_component>
      <object_component id="oc-3db">
         <name>.debug_info</name>
         <load_address>0x6d5a</load_address>
         <run_address>0x6d5a</run_address>
         <size>0x60</size>
         <input_file_ref idref="fl-49"/>
      </object_component>
      <object_component id="oc-3f0">
         <name>.debug_info</name>
         <load_address>0x6dba</load_address>
         <run_address>0x6dba</run_address>
         <size>0x1da</size>
         <input_file_ref idref="fl-4a"/>
      </object_component>
      <object_component id="oc-70">
         <name>.debug_info</name>
         <load_address>0x6f94</load_address>
         <run_address>0x6f94</run_address>
         <size>0x1f2</size>
         <input_file_ref idref="fl-4a"/>
      </object_component>
      <object_component id="oc-3eb">
         <name>.debug_info</name>
         <load_address>0x7186</load_address>
         <run_address>0x7186</run_address>
         <size>0x46</size>
         <input_file_ref idref="fl-4a"/>
      </object_component>
      <object_component id="oc-3f2">
         <name>.debug_info</name>
         <load_address>0x71cc</load_address>
         <run_address>0x71cc</run_address>
         <size>0x10f</size>
         <input_file_ref idref="fl-4c"/>
      </object_component>
      <object_component id="oc-403">
         <name>.debug_info</name>
         <load_address>0x72db</load_address>
         <run_address>0x72db</run_address>
         <size>0x1d3</size>
         <input_file_ref idref="fl-64"/>
      </object_component>
      <object_component id="oc-45e">
         <name>.debug_info</name>
         <load_address>0x74ae</load_address>
         <run_address>0x74ae</run_address>
         <size>0x46</size>
         <input_file_ref idref="fl-64"/>
      </object_component>
      <object_component id="oc-3e6">
         <name>.debug_info</name>
         <load_address>0x74f4</load_address>
         <run_address>0x74f4</run_address>
         <size>0x121</size>
         <input_file_ref idref="fl-65"/>
      </object_component>
      <object_component id="oc-60f">
         <name>.debug_info</name>
         <load_address>0x7615</load_address>
         <run_address>0x7615</run_address>
         <size>0x15f</size>
         <input_file_ref idref="fl-66"/>
      </object_component>
      <object_component id="oc-4da">
         <name>.debug_info</name>
         <load_address>0x7774</load_address>
         <run_address>0x7774</run_address>
         <size>0x3a0</size>
         <input_file_ref idref="fl-66"/>
      </object_component>
      <object_component id="oc-63d">
         <name>.debug_info</name>
         <load_address>0x7b14</load_address>
         <run_address>0x7b14</run_address>
         <size>0x121</size>
         <input_file_ref idref="fl-67"/>
      </object_component>
      <object_component id="oc-635">
         <name>.debug_info</name>
[...]
      </symbol>
      <symbol id="sm-597">
         <name>send_msg</name>
         <value>0x12358</value>
         <object_component_ref idref="oc-59a"/>
      </symbol>
      <symbol id="sm-598">
         <name>__TI_int31</name>
         <value>0xffe0</value>
         <object_component_ref idref="oc-80"/>
      </symbol>
      <symbol id="sm-599">
         <name>init_uart_drv</name>
         <value>0x11f48</value>
         <object_component_ref idref="oc-57a"/>
      </symbol>
      <symbol id="sm-59a">
         <name>USCI_A0_ISR</name>
         <value>0x8116</value>
         <object_component_ref idref="oc-3f6"/>
      </symbol>
      <symbol id="sm-5b7">
         <name>GPIO_getInputPinValue</name>
         <value>0x12410</value>
         <object_component_ref idref="oc-6a8"/>
      </symbol>
      <symbol id="sm-5dc">
         <name>RTC_enableInterrupt</name>
         <value>0x1251e</value>
         <object_component_ref idref="oc-5b8"/>
      </symbol>
      <symbol id="sm-5dd">
         <name>RTC_init</name>
         <value>0x124e2</value>
         <object_component_ref idref="oc-5ac"/>
      </symbol>
      <symbol id="sm-5de">
         <name>RTC_start</name>
         <value>0x122a8</value>
         <object_component_ref idref="oc-5be"/>
      </symbol>
      <symbol id="sm-5df">
         <name>RTC_clearInterrupt</name>
         <value>0x12532</value>
         <object_component_ref idref="oc-5b2"/>
      </symbol>
      <symbol id="sm-5ef">
         <name>WDT_A_hold</name>
         <value>0x12474</value>
         <object_component_ref idref="oc-5a1"/>
      </symbol>
      <symbol id="sm-610">
         <name>__TI_decompress_lzss</name>
         <value>0x115f0</value>
         <object_component_ref idref="oc-69"/>
      </symbol>
      <symbol id="sm-621">
         <name>__TI_decompress_none</name>
         <value>0x120fc</value>
         <object_component_ref idref="oc-6f"/>
      </symbol>
      <symbol id="sm-624">
         <name>__TI_int20</name>
         <value>0xffca</value>
         <object_component_ref idref="oc-75"/>
      </symbol>
      <symbol id="sm-62c">
         <name>__TI_ISR_TRAP</name>
         <value>0x8182</value>
         <object_component_ref idref="oc-3f1"/>
      </symbol>
      <symbol id="sm-62f">
         <name>__TI_int21</name>
         <value>0xffcc</value>
         <object_component_ref idref="oc-76"/>
      </symbol>
      <symbol id="sm-632">
         <name>__TI_int22</name>
         <value>0xffce</value>
         <object_component_ref idref="oc-77"/>
      </symbol>
      <symbol id="sm-635">
         <name>__TI_int23</name>
         <value>0xffd0</value>
         <object_component_ref idref="oc-78"/>
      </symbol>
      <symbol id="sm-638">
         <name>__TI_int24</name>
         <value>0xffd2</value>
         <object_component_ref idref="oc-79"/>
      </symbol>
      <symbol id="sm-63b">
         <name>__TI_int25</name>
         <value>0xffd4</value>
         <object_component_ref idref="oc-7a"/>
      </symbol>
      <symbol id="sm-63e">
         <name>__TI_int26</name>
         <value>0xffd6</value>
         <object_component_ref idref="oc-7b"/>
      </symbol>
      <symbol id="sm-641">
         <name>__TI_int27</name>
         <value>0xffd8</value>
         <object_component_ref idref="oc-7c"/>
      </symbol>
      <symbol id="sm-644">
         <name>__TI_int28</name>
         <value>0xffda</value>
         <object_component_ref idref="oc-7d"/>
      </symbol>
      <symbol id="sm-647">
         <name>__TI_int29</name>
         <value>0xffdc</value>
         <object_component_ref idref="oc-7e"/>
      </symbol>
      <symbol id="sm-64a">
         <name>__TI_int30</name>
         <value>0xffde</value>
         <object_component_ref idref="oc-7f"/>
      </symbol>
      <symbol id="sm-64d">
         <name>__TI_int32</name>
         <value>0xffe2</value>
         <object_component_ref idref="oc-81"/>
      </symbol>
      <symbol id="sm-650">
         <name>__TI_int34</name>
         <value>0xffe6</value>
         <object_component_ref idref="oc-83"/>
      </symbol>
      <symbol id="sm-653">
         <name>__TI_int35</name>
         <value>0xffe8</value>
         <object_component_ref idref="oc-84"/>
      </symbol>
      <symbol id="sm-656">
         <name>__TI_int36</name>
         <value>0xffea</value>
         <object_component_ref idref="oc-85"/>
      </symbol>
      <symbol id="sm-659">
         <name>__TI_int37</name>
         <value>0xffec</value>
         <object_component_ref idref="oc-86"/>
      </symbol>
      <symbol id="sm-65c">
         <name>__TI_int38</name>
         <value>0xffee</value>
         <object_component_ref idref="oc-87"/>
      </symbol>
      <symbol id="sm-65f">
         <name>__TI_int39</name>
         <value>0xfff0</value>
         <object_component_ref idref="oc-88"/>
      </symbol>
      <symbol id="sm-662">
         <name>__TI_int40</name>
         <value>0xfff2</value>
         <object_component_ref idref="oc-89"/>
      </symbol>
      <symbol id="sm-665">
         <name>__TI_int41</name>
         <value>0xfff4</value>
         <object_component_ref idref="oc-8a"/>
      </symbol>
      <symbol id="sm-668">
         <name>__TI_int42</name>
         <value>0xfff6</value>
         <object_component_ref idref="oc-8b"/>
      </symbol>
      <symbol id="sm-66b">
         <name>__TI_int43</name>
         <value>0xfff8</value>
         <object_component_ref idref="oc-8c"/>
      </symbol>
      <symbol id="sm-66e">
         <name>__TI_int44</name>
         <value>0xfffa</value>
         <object_component_ref idref="oc-8d"/>
      </symbol>
      <symbol id="sm-671">
         <name>__TI_int45</name>
         <value>0xfffc</value>
         <object_component_ref idref="oc-8e"/>
      </symbol>
      <symbol id="sm-681">
         <name>__TI_zero_init_nomemset</name>
         <value>0x11fc8</value>
         <object_component_ref idref="oc-402"/>
      </symbol>
      <symbol id="sm-68c">
         <name>__memcpy_far</name>
         <value>0x11ec8</value>
         <object_component_ref idref="oc-3e5"/>
      </symbol>
      <symbol id="sm-6c6">
         <name>__mspabi_addd</name>
         <value>0x10000</value>
         <object_component_ref idref="oc-4d9"/>
      </symbol>
      <symbol id="sm-6e1">
         <name>__mspabi_subf</name>
         <value>0x113ae</value>
         <object_component_ref idref="oc-63a"/>
      </symbol>
      <symbol id="sm-6e2">
         <name>__mspabi_addf</name>
         <value>0x113b4</value>
         <object_component_ref idref="oc-63a"/>
      </symbol>
      <symbol id="sm-701">
         <name>__mspabi_cmpd</name>
         <value>0x116de</value>
         <object_component_ref idref="oc-634"/>
      </symbol>
      <symbol id="sm-711">
         <name>__mspabi_cmpf</name>
         <value>0x11dae</value>
         <object_component_ref idref="oc-51d"/>
      </symbol>
      <symbol id="sm-72b">
         <name>__mspabi_cvtdf</name>
         <value>0x117b6</value>
         <object_component_ref idref="oc-4df"/>
      </symbol>
      <symbol id="sm-739">
         <name>__mspabi_cvtfd</name>
         <value>0x11be8</value>
         <object_component_ref idref="oc-4c7"/>
      </symbol>
      <symbol id="sm-74b">
         <name>__mspabi_divf</name>
         <value>0x11906</value>
         <object_component_ref idref="oc-4e5"/>
      </symbol>
      <symbol id="sm-757">
         <name>__mspabi_remi</name>
         <value>0x1232c</value>
         <object_component_ref idref="oc-4b0"/>
      </symbol>
      <symbol id="sm-758">
         <name>__mspabi_divi</name>
         <value>0x1232c</value>
         <object_component_ref idref="oc-4b0"/>
      </symbol>
      <symbol id="sm-764">
         <name>__mspabi_remli</name>
         <value>0x11f88</value>
         <object_component_ref idref="oc-63f"/>
      </symbol>
      <symbol id="sm-765">
         <name>__mspabi_divli</name>
         <value>0x11f88</value>
         <object_component_ref idref="oc-63f"/>
      </symbol>
      <symbol id="sm-77d">
         <name>__mspabi_divlli</name>
         <value>0x11272</value>
         <object_component_ref idref="oc-646"/>
      </symbol>
      <symbol id="sm-787">
         <name>__mspabi_remu</name>
         <value>0x124cc</value>
         <object_component_ref idref="oc-5c5"/>
      </symbol>
      <symbol id="sm-788">
         <name>__mspabi_divu</name>
         <value>0x124cc</value>
         <object_component_ref idref="oc-5c5"/>
      </symbol>
      <symbol id="sm-796">
         <name>__mspabi_remul</name>
         <value>0x11d08</value>
         <object_component_ref idref="oc-6fa"/>
      </symbol>
      <symbol id="sm-797">
         <name>__mspabi_divul</name>
         <value>0x11d08</value>
         <object_component_ref idref="oc-6fa"/>
      </symbol>
      <symbol id="sm-7ca">
         <name>__mspabi_divull</name>
         <value>0x1072a</value>
         <object_component_ref idref="oc-708"/>
      </symbol>
      <symbol id="sm-7d3">
         <name>__mspabi_fltid</name>
         <value>0x12512</value>
         <object_component_ref idref="oc-4cd"/>
      </symbol>
      <symbol id="sm-7eb">
         <name>__mspabi_fltlid</name>
         <value>0x11868</value>
         <object_component_ref idref="oc-5ee"/>
      </symbol>
      <symbol id="sm-810">
         <name>__mspabi_mpyd</name>
         <value>0x10a78</value>
         <object_component_ref idref="oc-4d3"/>
      </symbol>
      <symbol id="sm-81b">
         <name>__TI_frcmpyd</name>
         <value>0x1110e</value>
         <object_component_ref idref="oc-5f5"/>
      </symbol>
      <symbol id="sm-824">
         <name>__mspabi_mpyi_f5hw</name>
         <value>0x1245c</value>
         <object_component_ref idref="oc-5a7"/>
      </symbol>
      <symbol id="sm-82f">
         <name>__mspabi_mpyll_f5hw</name>
         <value>0x11cac</value>
         <object_component_ref idref="oc-6db"/>
      </symbol>
      <symbol id="sm-838">
         <name>__mspabi_mpyull_f5hw</name>
         <value>0x122d4</value>
         <object_component_ref idref="oc-6e0"/>
      </symbol>
      <symbol id="sm-843">
         <name>__mspabi_slll_9</name>
         <value>0x1205c</value>
         <object_component_ref idref="oc-610"/>
      </symbol>
      <symbol id="sm-844">
         <name>__mspabi_slll_8</name>
         <value>0x12060</value>
         <object_component_ref idref="oc-610"/>
      </symbol>
      <symbol id="sm-845">
         <name>__mspabi_slll_7</name>
         <value>0x12064</value>
         <object_component_ref idref="oc-610"/>
      </symbol>
      <symbol id="sm-846">
         <name>__mspabi_slll_6</name>
         <value>0x12068</value>
         <object_component_ref idref="oc-610"/>
      </symbol>
      <symbol id="sm-847">
         <name>__mspabi_slll_5</name>
         <value>0x1206c</value>
         <object_component_ref idref="oc-610"/>
      </symbol>
      <symbol id="sm-848">
         <name>__mspabi_slll_4</name>
         <value>0x12070</value>
         <object_component_ref idref="oc-610"/>
      </symbol>
      <symbol id="sm-849">
         <name>__mspabi_slll_3</name>
         <value>0x12074</value>
         <object_component_ref idref="oc-610"/>
      </symbol>
      <symbol id="sm-84a">
         <name>__mspabi_slll_2</name>
         <value>0x12078</value>
         <object_component_ref idref="oc-610"/>
      </symbol>
      <symbol id="sm-84b">
         <name>__mspabi_slll_1</name>
         <value>0x1207c</value>
         <object_component_ref idref="oc-610"/>
      </symbol>
      <symbol id="sm-84c">
         <name>__mspabi_slll_15</name>
         <value>0x12044</value>
         <object_component_ref idref="oc-610"/>
      </symbol>
      <symbol id="sm-84d">
         <name>__mspabi_slll_14</name>
         <value>0x12048</value>
         <object_component_ref idref="oc-610"/>
      </symbol>
      <symbol id="sm-84e">
         <name>__mspabi_slll_13</name>
         <value>0x1204c</value>
         <object_component_ref idref="oc-610"/>
      </symbol>
      <symbol id="sm-84f">
         <name>__mspabi_slll_12</name>
         <value>0x12050</value>
         <object_component_ref idref="oc-610"/>
      </symbol>
      <symbol id="sm-850">
         <name>__mspabi_slll_11</name>
         <value>0x12054</value>
         <object_component_ref idref="oc-610"/>
      </symbol>
      <symbol id="sm-851">
         <name>__mspabi_slll_10</name>
         <value>0x12058</value>
         <object_component_ref idref="oc-610"/>
      </symbol>
      <symbol id="sm-85e">
         <name>__mspabi_sllll</name>
         <value>0x12138</value>
         <object_component_ref idref="oc-608"/>
      </symbol>
      <symbol id="sm-866">
         <name>__mspabi_sral_15</name>
         <value>0x12006</value>
         <object_component_ref idref="oc-5e3"/>
      </symbol>
      <symbol id="sm-867">
         <name>__mspabi_sral_14</name>
         <value>0x1200a</value>
         <object_component_ref idref="oc-5e3"/>
      </symbol>
      <symbol id="sm-868">
         <name>__mspabi_sral_13</name>
         <value>0x1200e</value>
         <object_component_ref idref="oc-5e3"/>
      </symbol>
      <symbol id="sm-869">
         <name>__mspabi_sral_12</name>
         <value>0x12012</value>
         <object_component_ref idref="oc-5e3"/>
      </symbol>
      <symbol id="sm-86a">
         <name>__mspabi_sral_11</name>
         <value>0x12016</value>
         <object_component_ref idref="oc-5e3"/>
      </symbol>
      <symbol id="sm-86b">
         <name>__mspabi_sral_10</name>
         <value>0x1201a</value>
         <object_component_ref idref="oc-5e3"/>
      </symbol>
      <symbol id="sm-86c">
         <name>__mspabi_sral_8</name>
         <value>0x12022</value>
         <object_component_ref idref="oc-5e3"/>
      </symbol>
      <symbol id="sm-86d">
         <name>__mspabi_sral_9</name>
         <value>0x1201e</value>
         <object_component_ref idref="oc-5e3"/>
      </symbol>
      <symbol id="sm-86e">
         <name>__mspabi_sral_6</name>
         <value>0x1202a</value>
         <object_component_ref idref="oc-5e3"/>
      </symbol>
      <symbol id="sm-86f">
         <name>__mspabi_sral_7</name>
         <value>0x12026</value>
         <object_component_ref idref="oc-5e3"/>
      </symbol>
      <symbol id="sm-870">
         <name>__mspabi_sral_4</name>
         <value>0x12032</value>
         <object_component_ref idref="oc-5e3"/>
      </symbol>
      <symbol id="sm-871">
         <name>__mspabi_sral_5</name>
         <value>0x1202e</value>
         <object_component_ref idref="oc-5e3"/>
      </symbol>
      <symbol id="sm-872">
         <name>__mspabi_sral_2</name>
         <value>0x1203a</value>
         <object_component_ref idref="oc-5e3"/>
      </symbol>
      <symbol id="sm-873">
         <name>__mspabi_sral_3</name>
         <value>0x12036</value>
         <object_component_ref idref="oc-5e3"/>
      </symbol>
      <symbol id="sm-874">
         <name>__mspabi_sral_1</name>
         <value>0x1203e</value>
         <object_component_ref idref="oc-5e3"/>
      </symbol>
      <symbol id="sm-881">
         <name>__mspabi_srall</name>
         <value>0x11f08</value>
         <object_component_ref idref="oc-602"/>
      </symbol>
      <symbol id="sm-891">
         <name>__mspabi_srll_8</name>
         <value>0x1209e</value>
         <object_component_ref idref="oc-6d4"/>
      </symbol>
      <symbol id="sm-892">
         <name>__mspabi_srll_9</name>
         <value>0x1209a</value>
         <object_component_ref idref="oc-6d4"/>
      </symbol>
      <symbol id="sm-893">
         <name>__mspabi_srll_6</name>
         <value>0x120a6</value>
         <object_component_ref idref="oc-6d4"/>
      </symbol>
      <symbol id="sm-894">
         <name>__mspabi_srll_7</name>
         <value>0x120a2</value>
         <object_component_ref idref="oc-6d4"/>
      </symbol>
      <symbol id="sm-895">
         <name>__mspabi_srll_4</name>
         <value>0x120ae</value>
         <object_component_ref idref="oc-6d4"/>
      </symbol>
      <symbol id="sm-896">
         <name>__mspabi_srll_5</name>
         <value>0x120aa</value>
         <object_component_ref idref="oc-6d4"/>
      </symbol>
      <symbol id="sm-897">
         <name>__mspabi_srll_2</name>
         <value>0x120b6</value>
         <object_component_ref idref="oc-6d4"/>
      </symbol>
      <symbol id="sm-898">
         <name>__mspabi_srll_3</name>
         <value>0x120b2</value>
         <object_component_ref idref="oc-6d4"/>
      </symbol>
      <symbol id="sm-899">
         <name>__mspabi_srll_1</name>
         <value>0x120ba</value>
         <object_component_ref idref="oc-6d4"/>
      </symbol>
      <symbol id="sm-89a">
         <name>__mspabi_srll_15</name>
         <value>0x12082</value>
         <object_component_ref idref="oc-6d4"/>
      </symbol>
      <symbol id="sm-89b">
         <name>__mspabi_srll_14</name>
         <value>0x12086</value>
         <object_component_ref idref="oc-6d4"/>
      </symbol>
      <symbol id="sm-89c">
         <name>__mspabi_srll_13</name>
         <value>0x1208a</value>
         <object_component_ref idref="oc-6d4"/>
      </symbol>
      <symbol id="sm-89d">
         <name>__mspabi_srll_12</name>
         <value>0x1208e</value>
         <object_component_ref idref="oc-6d4"/>
      </symbol>
      <symbol id="sm-89e">
         <name>__mspabi_srll_11</name>
         <value>0x12092</value>
         <object_component_ref idref="oc-6d4"/>
      </symbol>
      <symbol id="sm-89f">
         <name>__mspabi_srll_10</name>
         <value>0x12096</value>
         <object_component_ref idref="oc-6d4"/>
      </symbol>
      <symbol id="sm-8a0">
         <name>__mspabi_srll</name>
         <value>0x124f2</value>
         <object_component_ref idref="oc-761"/>
      </symbol>
      <symbol id="sm-8ad">
         <name>__mspabi_srlll</name>
         <value>0x12172</value>
         <object_component_ref idref="oc-6e5"/>
      </symbol>
      <symbol id="sm-8b6">
         <name>__mspabi_subd</name>
         <value>0x1221e</value>
         <object_component_ref idref="oc-62e"/>
      </symbol>
      <symbol id="sm-8c6">
         <name>_c_int00_noargs_mpu</name>
         <value>0x8154</value>
         <object_component_ref idref="oc-42c"/>
      </symbol>
      <symbol id="sm-8c7">
         <name>_stack</name>
         <value>0x3f60</value>
         <object_component_ref idref="oc-3d6"/>
      </symbol>
      <symbol id="sm-8c8">
         <name>_reset_vector</name>
         <value>0xfffe</value>
         <object_component_ref idref="oc-3d9"/>
      </symbol>
      <symbol id="sm-8d6">
         <name>__mpu_init</name>
         <value>0x120c0</value>
         <object_component_ref idref="oc-47c"/>
      </symbol>
      <symbol id="sm-8f9">
         <name>__TI_auto_init_nobinit_nopinit_hold_wdt</name>
         <value>0x11b7e</value>
         <object_component_ref idref="oc-551"/>
      </symbol>
      <symbol id="sm-902">
         <name>_system_post_cinit</name>
         <value>0x12554</value>
         <object_component_ref idref="oc-669"/>
      </symbol>
      <symbol id="sm-90b">
         <name>_system_pre_init</name>
         <value>0x12550</value>
         <object_component_ref idref="oc-464"/>
      </symbol>
      <symbol id="sm-916">
         <name>C$$EXIT</name>
         <value>0x12538</value>
         <object_component_ref idref="oc-52d"/>
      </symbol>
      <symbol id="sm-917">
         <name>abort</name>
         <value>0x12538</value>
         <object_component_ref idref="oc-52d"/>
      </symbol>
      <symbol id="sm-923">
         <name>llabs</name>
         <value>0x124b6</value>
         <object_component_ref idref="oc-702"/>
      </symbol>
      <symbol id="sm-932">
         <name>strcpy</name>
         <value>0x12502</value>
         <object_component_ref idref="oc-5d2"/>
      </symbol>
   </symbol_table>
   <title>Link successful</title>
</link_info>
